Archive member included to satisfy reference by file (symbol)

d:/program_d/ntelfpga/18.1/nios2eds/bin/gnu/h-x86_64-mingw32/bin/../lib/gcc/nios2-elf/5.3.0/../../../../../H-x86_64-mingw32/nios2-elf/lib/mhw-mulx\libsmallc.a(lib_a-printf.o)
                              obj/default/hello_world.o (printf)
d:/program_d/ntelfpga/18.1/nios2eds/bin/gnu/h-x86_64-mingw32/bin/../lib/gcc/nios2-elf/5.3.0/../../../../../H-x86_64-mingw32/nios2-elf/lib/mhw-mulx\libsmallc.a(lib_a-puts.o)
                              obj/default/hello_world.o (puts)
d:/program_d/ntelfpga/18.1/nios2eds/bin/gnu/h-x86_64-mingw32/bin/../lib/gcc/nios2-elf/5.3.0/../../../../../H-x86_64-mingw32/nios2-elf/lib/mhw-mulx\libsmallc.a(lib_a-strlen.o)
                              d:/program_d/ntelfpga/18.1/nios2eds/bin/gnu/h-x86_64-mingw32/bin/../lib/gcc/nios2-elf/5.3.0/../../../../../H-x86_64-mingw32/nios2-elf/lib/mhw-mulx\libsmallc.a(lib_a-puts.o) (strlen)
d:/program_d/ntelfpga/18.1/nios2eds/bin/gnu/h-x86_64-mingw32/bin/../lib/gcc/nios2-elf/5.3.0/../../../../../H-x86_64-mingw32/nios2-elf/lib/mhw-mulx\libsmallc.a(lib_a-vfprintf.o)
                              d:/program_d/ntelfpga/18.1/nios2eds/bin/gnu/h-x86_64-mingw32/bin/../lib/gcc/nios2-elf/5.3.0/../../../../../H-x86_64-mingw32/nios2-elf/lib/mhw-mulx\libsmallc.a(lib_a-printf.o) (___vfprintf_internal_r)
d:/program_d/ntelfpga/18.1/nios2eds/bin/gnu/h-x86_64-mingw32/bin/../lib/gcc/nios2-elf/5.3.0/../../../../../H-x86_64-mingw32/nios2-elf/lib/mhw-mulx\libsmallc.a(lib_a-fvwrite_small_dev.o)
                              d:/program_d/ntelfpga/18.1/nios2eds/bin/gnu/h-x86_64-mingw32/bin/../lib/gcc/nios2-elf/5.3.0/../../../../../H-x86_64-mingw32/nios2-elf/lib/mhw-mulx\libsmallc.a(lib_a-printf.o) (__sfvwrite_small_dev)
d:/program_d/ntelfpga/18.1/nios2eds/bin/gnu/h-x86_64-mingw32/bin/../lib/gcc/nios2-elf/5.3.0/../../../../../H-x86_64-mingw32/nios2-elf/lib/mhw-mulx\libsmallc.a(lib_a-impure.o)
                              d:/program_d/ntelfpga/18.1/nios2eds/bin/gnu/h-x86_64-mingw32/bin/../lib/gcc/nios2-elf/5.3.0/../../../../../H-x86_64-mingw32/nios2-elf/lib/mhw-mulx\libsmallc.a(lib_a-printf.o) (_impure_ptr)
d:/program_d/ntelfpga/18.1/nios2eds/bin/gnu/h-x86_64-mingw32/bin/../lib/gcc/nios2-elf/5.3.0/../../../../../H-x86_64-mingw32/nios2-elf/lib/mhw-mulx\libsmallc.a(lib_a-writer.o)
                              d:/program_d/ntelfpga/18.1/nios2eds/bin/gnu/h-x86_64-mingw32/bin/../lib/gcc/nios2-elf/5.3.0/../../../../../H-x86_64-mingw32/nios2-elf/lib/mhw-mulx\libsmallc.a(lib_a-fvwrite_small_dev.o) (_write_r)
d:/program_d/ntelfpga/18.1/nios2eds/bin/gnu/h-x86_64-mingw32/bin/../lib/gcc/nios2-elf/5.3.0/../../../../../H-x86_64-mingw32/nios2-elf/lib/mhw-mulx\libsmallc.a(lib_a-int_errno.o)
                              d:/program_d/ntelfpga/18.1/nios2eds/bin/gnu/h-x86_64-mingw32/bin/../lib/gcc/nios2-elf/5.3.0/../../../../../H-x86_64-mingw32/nios2-elf/lib/mhw-mulx\libsmallc.a(lib_a-writer.o) (errno)
d:/program_d/ntelfpga/18.1/nios2eds/bin/gnu/h-x86_64-mingw32/bin/../lib/gcc/nios2-elf/5.3.0/mhw-mulx\libgcc.a(lib2-divmod.o)
                              d:/program_d/ntelfpga/18.1/nios2eds/bin/gnu/h-x86_64-mingw32/bin/../lib/gcc/nios2-elf/5.3.0/../../../../../H-x86_64-mingw32/nios2-elf/lib/mhw-mulx\libsmallc.a(lib_a-vfprintf.o) (__udivsi3)
../nios_test_bsp/\libhal_bsp.a(alt_load.o)
                              ../nios_test_bsp//obj/HAL/src/crt0.o (alt_load)
../nios_test_bsp/\libhal_bsp.a(alt_main.o)
                              ../nios_test_bsp//obj/HAL/src/crt0.o (alt_main)
../nios_test_bsp/\libhal_bsp.a(alt_write.o)
                              d:/program_d/ntelfpga/18.1/nios2eds/bin/gnu/h-x86_64-mingw32/bin/../lib/gcc/nios2-elf/5.3.0/../../../../../H-x86_64-mingw32/nios2-elf/lib/mhw-mulx\libsmallc.a(lib_a-writer.o) (write)
../nios_test_bsp/\libhal_bsp.a(alt_sys_init.o)
                              ../nios_test_bsp/\libhal_bsp.a(alt_main.o) (alt_irq_init)
../nios_test_bsp/\libhal_bsp.a(altera_avalon_jtag_uart_fd.o)
                              ../nios_test_bsp/\libhal_bsp.a(alt_sys_init.o) (altera_avalon_jtag_uart_read_fd)
../nios_test_bsp/\libhal_bsp.a(altera_avalon_jtag_uart_read.o)
                              ../nios_test_bsp/\libhal_bsp.a(altera_avalon_jtag_uart_fd.o) (altera_avalon_jtag_uart_read)
../nios_test_bsp/\libhal_bsp.a(altera_avalon_jtag_uart_write.o)
                              ../nios_test_bsp/\libhal_bsp.a(altera_avalon_jtag_uart_fd.o) (altera_avalon_jtag_uart_write)
../nios_test_bsp/\libhal_bsp.a(alt_close.o)
                              ../nios_test_bsp/\libhal_bsp.a(alt_main.o) (close)
../nios_test_bsp/\libhal_bsp.a(alt_dcache_flush_all.o)
                              ../nios_test_bsp/\libhal_bsp.a(alt_load.o) (alt_dcache_flush_all)
../nios_test_bsp/\libhal_bsp.a(alt_dev.o)
                              ../nios_test_bsp/\libhal_bsp.a(alt_sys_init.o) (alt_dev_list)
../nios_test_bsp/\libhal_bsp.a(alt_dev_llist_insert.o)
                              ../nios_test_bsp/\libhal_bsp.a(alt_sys_init.o) (alt_dev_llist_insert)
../nios_test_bsp/\libhal_bsp.a(alt_errno.o)
                              ../nios_test_bsp/\libhal_bsp.a(alt_write.o) (alt_errno)
../nios_test_bsp/\libhal_bsp.a(alt_exit.o)
                              ../nios_test_bsp/\libhal_bsp.a(alt_main.o) (_exit)
../nios_test_bsp/\libhal_bsp.a(alt_icache_flush_all.o)
                              ../nios_test_bsp/\libhal_bsp.a(alt_load.o) (alt_icache_flush_all)
../nios_test_bsp/\libhal_bsp.a(alt_io_redirect.o)
                              ../nios_test_bsp/\libhal_bsp.a(alt_main.o) (alt_io_redirect)
../nios_test_bsp/\libhal_bsp.a(alt_open.o)
                              ../nios_test_bsp/\libhal_bsp.a(alt_io_redirect.o) (open)
../nios_test_bsp/\libhal_bsp.a(alt_release_fd.o)
                              ../nios_test_bsp/\libhal_bsp.a(alt_close.o) (alt_release_fd)
../nios_test_bsp/\libhal_bsp.a(altera_nios2_gen2_irq.o)
                              ../nios_test_bsp/\libhal_bsp.a(alt_sys_init.o) (altera_nios2_gen2_irq_init)
../nios_test_bsp/\libhal_bsp.a(alt_find_dev.o)
                              ../nios_test_bsp/\libhal_bsp.a(alt_open.o) (alt_find_dev)
../nios_test_bsp/\libhal_bsp.a(alt_find_file.o)
                              ../nios_test_bsp/\libhal_bsp.a(alt_open.o) (alt_find_file)
../nios_test_bsp/\libhal_bsp.a(alt_get_fd.o)
                              ../nios_test_bsp/\libhal_bsp.a(alt_open.o) (alt_get_fd)
../nios_test_bsp/\libhal_bsp.a(alt_icache_flush.o)
                              ../nios_test_bsp/\libhal_bsp.a(alt_icache_flush_all.o) (alt_icache_flush)
d:/program_d/ntelfpga/18.1/nios2eds/bin/gnu/h-x86_64-mingw32/bin/../lib/gcc/nios2-elf/5.3.0/../../../../../H-x86_64-mingw32/nios2-elf/lib/mhw-mulx\libsmallc.a(lib_a-memcmp.o)
                              ../nios_test_bsp/\libhal_bsp.a(alt_find_dev.o) (memcmp)

Allocating common symbols
Common symbol       size              file

errno               0x4               d:/program_d/ntelfpga/18.1/nios2eds/bin/gnu/h-x86_64-mingw32/bin/../lib/gcc/nios2-elf/5.3.0/../../../../../H-x86_64-mingw32/nios2-elf/lib/mhw-mulx\libsmallc.a(lib_a-int_errno.o)

Memory Configuration

Name             Origin             Length             Attributes
epcs_flash_controller_0 0x0000000000000000 0x0000000000000800
reset            0x0000000010000000 0x0000000000000020
ram              0x0000000010000020 0x0000000000009fe0
sdram_0          0x0000000020000000 0x0000000000800000
sdram_1          0x0000000020800000 0x0000000000800000
*default*        0x0000000000000000 0xffffffffffffffff

Linker script and memory map

LOAD ../nios_test_bsp//obj/HAL/src/crt0.o
LOAD obj/default/hello_world.o
LOAD d:/program_d/ntelfpga/18.1/nios2eds/bin/gnu/h-x86_64-mingw32/bin/../lib/gcc/nios2-elf/5.3.0/../../../../../H-x86_64-mingw32/nios2-elf/lib/mhw-mulx\libstdc++.a
LOAD d:/program_d/ntelfpga/18.1/nios2eds/bin/gnu/h-x86_64-mingw32/bin/../lib/gcc/nios2-elf/5.3.0/../../../../../H-x86_64-mingw32/nios2-elf/lib/mhw-mulx\libm.a
LOAD d:/program_d/ntelfpga/18.1/nios2eds/bin/gnu/h-x86_64-mingw32/bin/../lib/gcc/nios2-elf/5.3.0/mhw-mulx\libgcc.a
START GROUP
LOAD d:/program_d/ntelfpga/18.1/nios2eds/bin/gnu/h-x86_64-mingw32/bin/../lib/gcc/nios2-elf/5.3.0/../../../../../H-x86_64-mingw32/nios2-elf/lib/mhw-mulx\libsmallc.a
LOAD d:/program_d/ntelfpga/18.1/nios2eds/bin/gnu/h-x86_64-mingw32/bin/../lib/gcc/nios2-elf/5.3.0/mhw-mulx\libgcc.a
LOAD ../nios_test_bsp/\libhal_bsp.a
LOAD d:/program_d/ntelfpga/18.1/nios2eds/bin/gnu/h-x86_64-mingw32/bin/../lib/gcc/nios2-elf/5.3.0/../../../../../H-x86_64-mingw32/nios2-elf/lib/mhw-mulx\libm.a
END GROUP
LOAD d:/program_d/ntelfpga/18.1/nios2eds/bin/gnu/h-x86_64-mingw32/bin/../lib/gcc/nios2-elf/5.3.0/mhw-mulx\libgcc.a
                0x0000000000000000                __alt_mem_epcs_flash_controller_0 = 0x0
                0x0000000010000000                __alt_mem_ram = 0x10000000
                0x0000000020000000                __alt_mem_sdram_0 = 0x20000000
                0x0000000020800000                __alt_mem_sdram_1 = 0x20800000

.entry          0x0000000010000000        0x0
 *(.entry)
 .entry         0x0000000010000000        0x0 ../nios_test_bsp//obj/HAL/src/crt0.o
                0x0000000010000000                __reset

.exceptions     0x0000000010000020        0x0
                0x0000000010000020                PROVIDE (__ram_exceptions_start, ABSOLUTE (.))
                0x0000000010000020                . = ALIGN (0x20)
 *(.irq)
 *(.exceptions.entry.label)
 *(.exceptions.entry.user)
 *(.exceptions.entry.ecc_fatal)
 *(.exceptions.entry)
 *(.exceptions.irqtest.user)
 *(.exceptions.irqtest)
 *(.exceptions.irqhandler.user)
 *(.exceptions.irqhandler)
 *(.exceptions.irqreturn.user)
 *(.exceptions.irqreturn)
 *(.exceptions.notirq.label)
 *(.exceptions.notirq.user)
 *(.exceptions.notirq)
 *(.exceptions.soft.user)
 *(.exceptions.soft)
 *(.exceptions.unknown.user)
 *(.exceptions.unknown)
 *(.exceptions.exit.label)
 *(.exceptions.exit.user)
 *(.exceptions.exit)
 *(.exceptions)
                0x0000000010000020                PROVIDE (__ram_exceptions_end, ABSOLUTE (.))
                0x0000000010000020                PROVIDE (__flash_exceptions_start, LOADADDR (.exceptions))

.text           0x0000000010000020     0x1b5c
                [!provide]                        PROVIDE (stext, ABSOLUTE (.))
 *(.interp)
 *(.hash)
 *(.dynsym)
 *(.dynstr)
 *(.gnu.version)
 *(.gnu.version_d)
 *(.gnu.version_r)
 *(.rel.init)
 *(.rela.init)
 *(.rel.text .rel.text.* .rel.gnu.linkonce.t.*)
 *(.rela.text .rela.text.* .rela.gnu.linkonce.t.*)
 *(.rel.fini)
 *(.rela.fini)
 *(.rel.rodata .rel.rodata.* .rel.gnu.linkonce.r.*)
 *(.rela.rodata .rela.rodata.* .rela.gnu.linkonce.r.*)
 *(.rel.data .rel.data.* .rel.gnu.linkonce.d.*)
 *(.rela.data .rela.data.* .rela.gnu.linkonce.d.*)
 *(.rel.tdata .rel.tdata.* .rel.gnu.linkonce.td.*)
 *(.rela.tdata .rela.tdata.* .rela.gnu.linkonce.td.*)
 *(.rel.tbss .rel.tbss.* .rel.gnu.linkonce.tb.*)
 *(.rela.tbss .rela.tbss.* .rela.gnu.linkonce.tb.*)
 *(.rel.ctors)
 *(.rela.ctors)
 *(.rel.dtors)
 *(.rela.dtors)
 *(.rel.got)
 *(.rela.got)
 *(.rel.sdata .rel.sdata.* .rel.gnu.linkonce.s.*)
 *(.rela.sdata .rela.sdata.* .rela.gnu.linkonce.s.*)
 *(.rel.sbss .rel.sbss.* .rel.gnu.linkonce.sb.*)
 *(.rela.sbss .rela.sbss.* .rela.gnu.linkonce.sb.*)
 *(.rel.sdata2 .rel.sdata2.* .rel.gnu.linkonce.s2.*)
 *(.rela.sdata2 .rela.sdata2.* .rela.gnu.linkonce.s2.*)
 *(.rel.sbss2 .rel.sbss2.* .rel.gnu.linkonce.sb2.*)
 *(.rela.sbss2 .rela.sbss2.* .rela.gnu.linkonce.sb2.*)
 *(.rel.bss .rel.bss.* .rel.gnu.linkonce.b.*)
 *(.rela.bss .rela.bss.* .rela.gnu.linkonce.b.*)
 *(.rel.plt)
 *(.rela.plt)
 *(.rel.dyn)
 *(.init)
 *(.plt)
 *(.text .stub .text.* .gnu.linkonce.t.*)
 .text          0x0000000010000020       0x4c ../nios_test_bsp//obj/HAL/src/crt0.o
                0x0000000010000020                _start
 .text          0x000000001000006c      0x214 obj/default/hello_world.o
                0x000000001000006c                sdram_test
                0x00000000100001c8                delay
                0x0000000010000220                main
 .text          0x0000000010000280        0x0 d:/program_d/ntelfpga/18.1/nios2eds/bin/gnu/h-x86_64-mingw32/bin/../lib/gcc/nios2-elf/5.3.0/../../../../../H-x86_64-mingw32/nios2-elf/lib/mhw-mulx\libsmallc.a(lib_a-printf.o)
 .text._printf_r
                0x0000000010000280       0x3c d:/program_d/ntelfpga/18.1/nios2eds/bin/gnu/h-x86_64-mingw32/bin/../lib/gcc/nios2-elf/5.3.0/../../../../../H-x86_64-mingw32/nios2-elf/lib/mhw-mulx\libsmallc.a(lib_a-printf.o)
                0x0000000010000280                _printf_r
 .text.printf   0x00000000100002bc       0x4c d:/program_d/ntelfpga/18.1/nios2eds/bin/gnu/h-x86_64-mingw32/bin/../lib/gcc/nios2-elf/5.3.0/../../../../../H-x86_64-mingw32/nios2-elf/lib/mhw-mulx\libsmallc.a(lib_a-printf.o)
                0x00000000100002bc                printf
 .text          0x0000000010000308        0x0 d:/program_d/ntelfpga/18.1/nios2eds/bin/gnu/h-x86_64-mingw32/bin/../lib/gcc/nios2-elf/5.3.0/../../../../../H-x86_64-mingw32/nios2-elf/lib/mhw-mulx\libsmallc.a(lib_a-puts.o)
 .text._puts_r  0x0000000010000308       0x80 d:/program_d/ntelfpga/18.1/nios2eds/bin/gnu/h-x86_64-mingw32/bin/../lib/gcc/nios2-elf/5.3.0/../../../../../H-x86_64-mingw32/nios2-elf/lib/mhw-mulx\libsmallc.a(lib_a-puts.o)
                0x0000000010000308                _puts_r
 .text.puts     0x0000000010000388       0x14 d:/program_d/ntelfpga/18.1/nios2eds/bin/gnu/h-x86_64-mingw32/bin/../lib/gcc/nios2-elf/5.3.0/../../../../../H-x86_64-mingw32/nios2-elf/lib/mhw-mulx\libsmallc.a(lib_a-puts.o)
                0x0000000010000388                puts
 .text          0x000000001000039c        0x0 d:/program_d/ntelfpga/18.1/nios2eds/bin/gnu/h-x86_64-mingw32/bin/../lib/gcc/nios2-elf/5.3.0/../../../../../H-x86_64-mingw32/nios2-elf/lib/mhw-mulx\libsmallc.a(lib_a-strlen.o)
 .text.strlen   0x000000001000039c       0x1c d:/program_d/ntelfpga/18.1/nios2eds/bin/gnu/h-x86_64-mingw32/bin/../lib/gcc/nios2-elf/5.3.0/../../../../../H-x86_64-mingw32/nios2-elf/lib/mhw-mulx\libsmallc.a(lib_a-strlen.o)
                0x000000001000039c                strlen
 .text          0x00000000100003b8        0x0 d:/program_d/ntelfpga/18.1/nios2eds/bin/gnu/h-x86_64-mingw32/bin/../lib/gcc/nios2-elf/5.3.0/../../../../../H-x86_64-mingw32/nios2-elf/lib/mhw-mulx\libsmallc.a(lib_a-vfprintf.o)
 .text.print_repeat
                0x00000000100003b8       0x6c d:/program_d/ntelfpga/18.1/nios2eds/bin/gnu/h-x86_64-mingw32/bin/../lib/gcc/nios2-elf/5.3.0/../../../../../H-x86_64-mingw32/nios2-elf/lib/mhw-mulx\libsmallc.a(lib_a-vfprintf.o)
 .text.___vfprintf_internal_r
                0x0000000010000424      0x524 d:/program_d/ntelfpga/18.1/nios2eds/bin/gnu/h-x86_64-mingw32/bin/../lib/gcc/nios2-elf/5.3.0/../../../../../H-x86_64-mingw32/nios2-elf/lib/mhw-mulx\libsmallc.a(lib_a-vfprintf.o)
                0x0000000010000424                ___vfprintf_internal_r
 .text.__vfprintf_internal
                0x0000000010000948       0x1c d:/program_d/ntelfpga/18.1/nios2eds/bin/gnu/h-x86_64-mingw32/bin/../lib/gcc/nios2-elf/5.3.0/../../../../../H-x86_64-mingw32/nios2-elf/lib/mhw-mulx\libsmallc.a(lib_a-vfprintf.o)
                0x0000000010000948                __vfprintf_internal
 .text          0x0000000010000964        0x0 d:/program_d/ntelfpga/18.1/nios2eds/bin/gnu/h-x86_64-mingw32/bin/../lib/gcc/nios2-elf/5.3.0/../../../../../H-x86_64-mingw32/nios2-elf/lib/mhw-mulx\libsmallc.a(lib_a-fvwrite_small_dev.o)
 .text.__sfvwrite_small_dev
                0x0000000010000964       0xb8 d:/program_d/ntelfpga/18.1/nios2eds/bin/gnu/h-x86_64-mingw32/bin/../lib/gcc/nios2-elf/5.3.0/../../../../../H-x86_64-mingw32/nios2-elf/lib/mhw-mulx\libsmallc.a(lib_a-fvwrite_small_dev.o)
                0x0000000010000964                __sfvwrite_small_dev
 .text          0x0000000010000a1c        0x0 d:/program_d/ntelfpga/18.1/nios2eds/bin/gnu/h-x86_64-mingw32/bin/../lib/gcc/nios2-elf/5.3.0/../../../../../H-x86_64-mingw32/nios2-elf/lib/mhw-mulx\libsmallc.a(lib_a-impure.o)
 .text          0x0000000010000a1c        0x0 d:/program_d/ntelfpga/18.1/nios2eds/bin/gnu/h-x86_64-mingw32/bin/../lib/gcc/nios2-elf/5.3.0/../../../../../H-x86_64-mingw32/nios2-elf/lib/mhw-mulx\libsmallc.a(lib_a-writer.o)
 .text._write_r
                0x0000000010000a1c       0x58 d:/program_d/ntelfpga/18.1/nios2eds/bin/gnu/h-x86_64-mingw32/bin/../lib/gcc/nios2-elf/5.3.0/../../../../../H-x86_64-mingw32/nios2-elf/lib/mhw-mulx\libsmallc.a(lib_a-writer.o)
                0x0000000010000a1c                _write_r
 .text          0x0000000010000a74        0x0 d:/program_d/ntelfpga/18.1/nios2eds/bin/gnu/h-x86_64-mingw32/bin/../lib/gcc/nios2-elf/5.3.0/../../../../../H-x86_64-mingw32/nios2-elf/lib/mhw-mulx\libsmallc.a(lib_a-int_errno.o)
 .text          0x0000000010000a74      0x1b4 d:/program_d/ntelfpga/18.1/nios2eds/bin/gnu/h-x86_64-mingw32/bin/../lib/gcc/nios2-elf/5.3.0/mhw-mulx\libgcc.a(lib2-divmod.o)
                0x0000000010000a74                __divsi3
                0x0000000010000af8                __modsi3
                0x0000000010000b6c                __udivsi3
                0x0000000010000bd0                __umodsi3
 .text          0x0000000010000c28       0xec ../nios_test_bsp/\libhal_bsp.a(alt_load.o)
                0x0000000010000c90                alt_load
 .text          0x0000000010000d14       0x6c ../nios_test_bsp/\libhal_bsp.a(alt_main.o)
                0x0000000010000d14                alt_main
 .text          0x0000000010000d80      0x134 ../nios_test_bsp/\libhal_bsp.a(alt_write.o)
                0x0000000010000dbc                write
 .text          0x0000000010000eb4       0xa8 ../nios_test_bsp/\libhal_bsp.a(alt_sys_init.o)
                0x0000000010000ee8                alt_irq_init
                0x0000000010000f20                alt_sys_init
 .text          0x0000000010000f5c       0xc0 ../nios_test_bsp/\libhal_bsp.a(altera_avalon_jtag_uart_fd.o)
                0x0000000010000f5c                altera_avalon_jtag_uart_read_fd
                0x0000000010000fbc                altera_avalon_jtag_uart_write_fd
 .text          0x000000001000101c       0xec ../nios_test_bsp/\libhal_bsp.a(altera_avalon_jtag_uart_read.o)
                0x000000001000101c                altera_avalon_jtag_uart_read
 .text          0x0000000010001108       0x94 ../nios_test_bsp/\libhal_bsp.a(altera_avalon_jtag_uart_write.o)
                0x0000000010001108                altera_avalon_jtag_uart_write
 .text          0x000000001000119c      0x10c ../nios_test_bsp/\libhal_bsp.a(alt_close.o)
                0x00000000100011d8                close
 .text          0x00000000100012a8       0x48 ../nios_test_bsp/\libhal_bsp.a(alt_dcache_flush_all.o)
                0x00000000100012a8                alt_dcache_flush_all
 .text          0x00000000100012f0       0x2c ../nios_test_bsp/\libhal_bsp.a(alt_dev.o)
 .text          0x000000001000131c       0xe0 ../nios_test_bsp/\libhal_bsp.a(alt_dev_llist_insert.o)
                0x0000000010001358                alt_dev_llist_insert
 .text          0x00000000100013fc        0x0 ../nios_test_bsp/\libhal_bsp.a(alt_errno.o)
 .text          0x00000000100013fc       0x34 ../nios_test_bsp/\libhal_bsp.a(alt_exit.o)
                0x00000000100013fc                _exit
 .text          0x0000000010001430       0x34 ../nios_test_bsp/\libhal_bsp.a(alt_icache_flush_all.o)
                0x0000000010001430                alt_icache_flush_all
 .text          0x0000000010001464      0x140 ../nios_test_bsp/\libhal_bsp.a(alt_io_redirect.o)
                0x0000000010001528                alt_io_redirect
 .text          0x00000000100015a4      0x254 ../nios_test_bsp/\libhal_bsp.a(alt_open.o)
                0x00000000100016a4                open
 .text          0x00000000100017f8       0x64 ../nios_test_bsp/\libhal_bsp.a(alt_release_fd.o)
                0x00000000100017f8                alt_release_fd
 .text          0x000000001000185c       0x24 ../nios_test_bsp/\libhal_bsp.a(altera_nios2_gen2_irq.o)
                0x000000001000185c                altera_nios2_gen2_irq_init
 .text          0x0000000010001880       0x90 ../nios_test_bsp/\libhal_bsp.a(alt_find_dev.o)
                0x0000000010001880                alt_find_dev
 .text          0x0000000010001910      0x108 ../nios_test_bsp/\libhal_bsp.a(alt_find_file.o)
                0x0000000010001910                alt_find_file
 .text          0x0000000010001a18       0xa4 ../nios_test_bsp/\libhal_bsp.a(alt_get_fd.o)
                0x0000000010001a18                alt_get_fd
 .text          0x0000000010001abc       0x90 ../nios_test_bsp/\libhal_bsp.a(alt_icache_flush.o)
                0x0000000010001abc                alt_icache_flush
 .text          0x0000000010001b4c        0x0 d:/program_d/ntelfpga/18.1/nios2eds/bin/gnu/h-x86_64-mingw32/bin/../lib/gcc/nios2-elf/5.3.0/../../../../../H-x86_64-mingw32/nios2-elf/lib/mhw-mulx\libsmallc.a(lib_a-memcmp.o)
 .text.memcmp   0x0000000010001b4c       0x30 d:/program_d/ntelfpga/18.1/nios2eds/bin/gnu/h-x86_64-mingw32/bin/../lib/gcc/nios2-elf/5.3.0/../../../../../H-x86_64-mingw32/nios2-elf/lib/mhw-mulx\libsmallc.a(lib_a-memcmp.o)
                0x0000000010001b4c                memcmp
 *(.gnu.warning.*)
 *(.fini)
                [!provide]                        PROVIDE (__etext, ABSOLUTE (.))
                [!provide]                        PROVIDE (_etext, ABSOLUTE (.))
                [!provide]                        PROVIDE (etext, ABSOLUTE (.))
 *(.eh_frame_hdr)
                0x0000000010001b7c                . = ALIGN (0x4)
                [!provide]                        PROVIDE (__preinit_array_start, ABSOLUTE (.))
 *(.preinit_array)
                [!provide]                        PROVIDE (__preinit_array_end, ABSOLUTE (.))
                [!provide]                        PROVIDE (__init_array_start, ABSOLUTE (.))
 *(.init_array)
                [!provide]                        PROVIDE (__init_array_end, ABSOLUTE (.))
                [!provide]                        PROVIDE (__fini_array_start, ABSOLUTE (.))
 *(.fini_array)
                [!provide]                        PROVIDE (__fini_array_end, ABSOLUTE (.))
 *(.eh_frame)
 *(.gcc_except_table .gcc_except_table.*)
 *(.dynamic)
                [!provide]                        PROVIDE (__CTOR_LIST__, ABSOLUTE (.))
 *(.ctors)
 *(SORT(.ctors.*))
                [!provide]                        PROVIDE (__CTOR_END__, ABSOLUTE (.))
                [!provide]                        PROVIDE (__DTOR_LIST__, ABSOLUTE (.))
 *(.dtors)
 *(SORT(.dtors.*))
                [!provide]                        PROVIDE (__DTOR_END__, ABSOLUTE (.))
 *(.jcr)
                0x0000000010001b7c                . = ALIGN (0x4)

.rodata         0x0000000010001b7c       0xa4
                0x0000000010001b7c                PROVIDE (__ram_rodata_start, ABSOLUTE (.))
                0x0000000010001b7c                . = ALIGN (0x4)
 *(.rodata .rodata.* .gnu.linkonce.r.*)
 .rodata        0x0000000010001b7c       0x69 obj/default/hello_world.o
 *fill*         0x0000000010001be5        0x3 
 .rodata.str1.4
                0x0000000010001be8        0x4 d:/program_d/ntelfpga/18.1/nios2eds/bin/gnu/h-x86_64-mingw32/bin/../lib/gcc/nios2-elf/5.3.0/../../../../../H-x86_64-mingw32/nios2-elf/lib/mhw-mulx\libsmallc.a(lib_a-puts.o)
                                          0x2 (size before relaxing)
 .rodata        0x0000000010001bec       0x11 ../nios_test_bsp/\libhal_bsp.a(alt_main.o)
 *fill*         0x0000000010001bfd        0x3 
 .rodata        0x0000000010001c00       0x11 ../nios_test_bsp/\libhal_bsp.a(alt_sys_init.o)
 *fill*         0x0000000010001c11        0x3 
 .rodata        0x0000000010001c14        0xa ../nios_test_bsp/\libhal_bsp.a(alt_dev.o)
 *(.rodata1)
                0x0000000010001c20                . = ALIGN (0x4)
 *fill*         0x0000000010001c1e        0x2 
                0x0000000010001c20                PROVIDE (__ram_rodata_end, ABSOLUTE (.))
                0x0000000010001b7c                PROVIDE (__flash_rodata_start, LOADADDR (.rodata))

.rwdata         0x0000000010001c20      0x2d4
                0x0000000010001c20                PROVIDE (__ram_rwdata_start, ABSOLUTE (.))
                0x0000000010001c20                . = ALIGN (0x4)
 *(.got.plt)
 *(.got)
 *(.data1)
 *(.data .data.* .gnu.linkonce.d.*)
 .data          0x0000000010001c20        0x0 ../nios_test_bsp//obj/HAL/src/crt0.o
 .data          0x0000000010001c20        0x0 obj/default/hello_world.o
 .data          0x0000000010001c20        0x0 d:/program_d/ntelfpga/18.1/nios2eds/bin/gnu/h-x86_64-mingw32/bin/../lib/gcc/nios2-elf/5.3.0/../../../../../H-x86_64-mingw32/nios2-elf/lib/mhw-mulx\libsmallc.a(lib_a-printf.o)
 .data          0x0000000010001c20        0x0 d:/program_d/ntelfpga/18.1/nios2eds/bin/gnu/h-x86_64-mingw32/bin/../lib/gcc/nios2-elf/5.3.0/../../../../../H-x86_64-mingw32/nios2-elf/lib/mhw-mulx\libsmallc.a(lib_a-puts.o)
 .data          0x0000000010001c20        0x0 d:/program_d/ntelfpga/18.1/nios2eds/bin/gnu/h-x86_64-mingw32/bin/../lib/gcc/nios2-elf/5.3.0/../../../../../H-x86_64-mingw32/nios2-elf/lib/mhw-mulx\libsmallc.a(lib_a-strlen.o)
 .data          0x0000000010001c20        0x0 d:/program_d/ntelfpga/18.1/nios2eds/bin/gnu/h-x86_64-mingw32/bin/../lib/gcc/nios2-elf/5.3.0/../../../../../H-x86_64-mingw32/nios2-elf/lib/mhw-mulx\libsmallc.a(lib_a-vfprintf.o)
 .data          0x0000000010001c20        0x0 d:/program_d/ntelfpga/18.1/nios2eds/bin/gnu/h-x86_64-mingw32/bin/../lib/gcc/nios2-elf/5.3.0/../../../../../H-x86_64-mingw32/nios2-elf/lib/mhw-mulx\libsmallc.a(lib_a-fvwrite_small_dev.o)
 .data          0x0000000010001c20        0x0 d:/program_d/ntelfpga/18.1/nios2eds/bin/gnu/h-x86_64-mingw32/bin/../lib/gcc/nios2-elf/5.3.0/../../../../../H-x86_64-mingw32/nios2-elf/lib/mhw-mulx\libsmallc.a(lib_a-impure.o)
 .data.impure_data
                0x0000000010001c20       0xe0 d:/program_d/ntelfpga/18.1/nios2eds/bin/gnu/h-x86_64-mingw32/bin/../lib/gcc/nios2-elf/5.3.0/../../../../../H-x86_64-mingw32/nios2-elf/lib/mhw-mulx\libsmallc.a(lib_a-impure.o)
 .data          0x0000000010001d00        0x0 d:/program_d/ntelfpga/18.1/nios2eds/bin/gnu/h-x86_64-mingw32/bin/../lib/gcc/nios2-elf/5.3.0/../../../../../H-x86_64-mingw32/nios2-elf/lib/mhw-mulx\libsmallc.a(lib_a-writer.o)
 .data          0x0000000010001d00        0x0 d:/program_d/ntelfpga/18.1/nios2eds/bin/gnu/h-x86_64-mingw32/bin/../lib/gcc/nios2-elf/5.3.0/../../../../../H-x86_64-mingw32/nios2-elf/lib/mhw-mulx\libsmallc.a(lib_a-int_errno.o)
 .data          0x0000000010001d00        0x0 d:/program_d/ntelfpga/18.1/nios2eds/bin/gnu/h-x86_64-mingw32/bin/../lib/gcc/nios2-elf/5.3.0/mhw-mulx\libgcc.a(lib2-divmod.o)
 .data          0x0000000010001d00        0x0 ../nios_test_bsp/\libhal_bsp.a(alt_load.o)
 .data          0x0000000010001d00        0x0 ../nios_test_bsp/\libhal_bsp.a(alt_main.o)
 .data          0x0000000010001d00        0x0 ../nios_test_bsp/\libhal_bsp.a(alt_write.o)
 .data          0x0000000010001d00       0x2c ../nios_test_bsp/\libhal_bsp.a(alt_sys_init.o)
 .data          0x0000000010001d2c        0x0 ../nios_test_bsp/\libhal_bsp.a(altera_avalon_jtag_uart_fd.o)
 .data          0x0000000010001d2c        0x0 ../nios_test_bsp/\libhal_bsp.a(altera_avalon_jtag_uart_read.o)
 .data          0x0000000010001d2c        0x0 ../nios_test_bsp/\libhal_bsp.a(altera_avalon_jtag_uart_write.o)
 .data          0x0000000010001d2c        0x0 ../nios_test_bsp/\libhal_bsp.a(alt_close.o)
 .data          0x0000000010001d2c        0x0 ../nios_test_bsp/\libhal_bsp.a(alt_dcache_flush_all.o)
 .data          0x0000000010001d2c      0x1a8 ../nios_test_bsp/\libhal_bsp.a(alt_dev.o)
                0x0000000010001d2c                alt_dev_null
                0x0000000010001d54                alt_fd_list
 .data          0x0000000010001ed4        0x0 ../nios_test_bsp/\libhal_bsp.a(alt_dev_llist_insert.o)
 .data          0x0000000010001ed4        0x0 ../nios_test_bsp/\libhal_bsp.a(alt_errno.o)
 .data          0x0000000010001ed4        0x0 ../nios_test_bsp/\libhal_bsp.a(alt_exit.o)
 .data          0x0000000010001ed4        0x0 ../nios_test_bsp/\libhal_bsp.a(alt_icache_flush_all.o)
 .data          0x0000000010001ed4        0x0 ../nios_test_bsp/\libhal_bsp.a(alt_io_redirect.o)
 .data          0x0000000010001ed4        0x0 ../nios_test_bsp/\libhal_bsp.a(alt_open.o)
 .data          0x0000000010001ed4        0x0 ../nios_test_bsp/\libhal_bsp.a(alt_release_fd.o)
 .data          0x0000000010001ed4        0x0 ../nios_test_bsp/\libhal_bsp.a(altera_nios2_gen2_irq.o)
 .data          0x0000000010001ed4        0x0 ../nios_test_bsp/\libhal_bsp.a(alt_find_dev.o)
 .data          0x0000000010001ed4        0x0 ../nios_test_bsp/\libhal_bsp.a(alt_find_file.o)
 .data          0x0000000010001ed4        0x0 ../nios_test_bsp/\libhal_bsp.a(alt_get_fd.o)
 .data          0x0000000010001ed4        0x0 ../nios_test_bsp/\libhal_bsp.a(alt_icache_flush.o)
 .data          0x0000000010001ed4        0x0 d:/program_d/ntelfpga/18.1/nios2eds/bin/gnu/h-x86_64-mingw32/bin/../lib/gcc/nios2-elf/5.3.0/../../../../../H-x86_64-mingw32/nios2-elf/lib/mhw-mulx\libsmallc.a(lib_a-memcmp.o)
                0x0000000010009ed4                _gp = ABSOLUTE ((. + 0x8000))
                [!provide]                        PROVIDE (gp, _gp)
 *(.rwdata .rwdata.*)
 *(.sdata .sdata.* .gnu.linkonce.s.*)
 .sdata._global_impure_ptr
                0x0000000010001ed4        0x4 d:/program_d/ntelfpga/18.1/nios2eds/bin/gnu/h-x86_64-mingw32/bin/../lib/gcc/nios2-elf/5.3.0/../../../../../H-x86_64-mingw32/nios2-elf/lib/mhw-mulx\libsmallc.a(lib_a-impure.o)
                0x0000000010001ed4                _global_impure_ptr
 .sdata._impure_ptr
                0x0000000010001ed8        0x4 d:/program_d/ntelfpga/18.1/nios2eds/bin/gnu/h-x86_64-mingw32/bin/../lib/gcc/nios2-elf/5.3.0/../../../../../H-x86_64-mingw32/nios2-elf/lib/mhw-mulx\libsmallc.a(lib_a-impure.o)
                0x0000000010001ed8                _impure_ptr
 .sdata         0x0000000010001edc       0x14 ../nios_test_bsp/\libhal_bsp.a(alt_dev.o)
                0x0000000010001edc                alt_fs_list
                0x0000000010001ee4                alt_dev_list
                0x0000000010001eec                alt_max_fd
 .sdata         0x0000000010001ef0        0x4 ../nios_test_bsp/\libhal_bsp.a(alt_errno.o)
                0x0000000010001ef0                alt_errno
 *(.sdata2 .sdata2.* .gnu.linkonce.s2.*)
                0x0000000010001ef4                . = ALIGN (0x4)
                0x0000000010001ef4                _edata = ABSOLUTE (.)
                [!provide]                        PROVIDE (edata, ABSOLUTE (.))
                0x0000000010001ef4                PROVIDE (__ram_rwdata_end, ABSOLUTE (.))
                0x0000000010001c20                PROVIDE (__flash_rwdata_start, LOADADDR (.rwdata))

.bss            0x0000000010001ef4       0x10
                0x0000000010001ef4                __bss_start = ABSOLUTE (.)
                [!provide]                        PROVIDE (__sbss_start, ABSOLUTE (.))
                [!provide]                        PROVIDE (___sbss_start, ABSOLUTE (.))
 *(.dynsbss)
 *(.sbss .sbss.* .gnu.linkonce.sb.*)
 .sbss          0x0000000010001ef4        0x4 d:/program_d/ntelfpga/18.1/nios2eds/bin/gnu/h-x86_64-mingw32/bin/../lib/gcc/nios2-elf/5.3.0/../../../../../H-x86_64-mingw32/nios2-elf/lib/mhw-mulx\libsmallc.a(lib_a-int_errno.o)
                0x0000000010001ef4                errno
 .sbss          0x0000000010001ef8        0xc ../nios_test_bsp/\libhal_bsp.a(alt_main.o)
                0x0000000010001ef8                alt_argc
                0x0000000010001efc                alt_argv
                0x0000000010001f00                alt_envp
 *(.sbss2 .sbss2.* .gnu.linkonce.sb2.*)
 *(.scommon)
                [!provide]                        PROVIDE (__sbss_end, ABSOLUTE (.))
                [!provide]                        PROVIDE (___sbss_end, ABSOLUTE (.))
 *(.dynbss)
 *(.bss .bss.* .gnu.linkonce.b.*)
 .bss           0x0000000010001f04        0x0 ../nios_test_bsp//obj/HAL/src/crt0.o
 .bss           0x0000000010001f04        0x0 obj/default/hello_world.o
 .bss           0x0000000010001f04        0x0 d:/program_d/ntelfpga/18.1/nios2eds/bin/gnu/h-x86_64-mingw32/bin/../lib/gcc/nios2-elf/5.3.0/../../../../../H-x86_64-mingw32/nios2-elf/lib/mhw-mulx\libsmallc.a(lib_a-printf.o)
 .bss           0x0000000010001f04        0x0 d:/program_d/ntelfpga/18.1/nios2eds/bin/gnu/h-x86_64-mingw32/bin/../lib/gcc/nios2-elf/5.3.0/../../../../../H-x86_64-mingw32/nios2-elf/lib/mhw-mulx\libsmallc.a(lib_a-puts.o)
 .bss           0x0000000010001f04        0x0 d:/program_d/ntelfpga/18.1/nios2eds/bin/gnu/h-x86_64-mingw32/bin/../lib/gcc/nios2-elf/5.3.0/../../../../../H-x86_64-mingw32/nios2-elf/lib/mhw-mulx\libsmallc.a(lib_a-strlen.o)
 .bss           0x0000000010001f04        0x0 d:/program_d/ntelfpga/18.1/nios2eds/bin/gnu/h-x86_64-mingw32/bin/../lib/gcc/nios2-elf/5.3.0/../../../../../H-x86_64-mingw32/nios2-elf/lib/mhw-mulx\libsmallc.a(lib_a-vfprintf.o)
 .bss           0x0000000010001f04        0x0 d:/program_d/ntelfpga/18.1/nios2eds/bin/gnu/h-x86_64-mingw32/bin/../lib/gcc/nios2-elf/5.3.0/../../../../../H-x86_64-mingw32/nios2-elf/lib/mhw-mulx\libsmallc.a(lib_a-fvwrite_small_dev.o)
 .bss           0x0000000010001f04        0x0 d:/program_d/ntelfpga/18.1/nios2eds/bin/gnu/h-x86_64-mingw32/bin/../lib/gcc/nios2-elf/5.3.0/../../../../../H-x86_64-mingw32/nios2-elf/lib/mhw-mulx\libsmallc.a(lib_a-impure.o)
 .bss           0x0000000010001f04        0x0 d:/program_d/ntelfpga/18.1/nios2eds/bin/gnu/h-x86_64-mingw32/bin/../lib/gcc/nios2-elf/5.3.0/../../../../../H-x86_64-mingw32/nios2-elf/lib/mhw-mulx\libsmallc.a(lib_a-writer.o)
 .bss           0x0000000010001f04        0x0 d:/program_d/ntelfpga/18.1/nios2eds/bin/gnu/h-x86_64-mingw32/bin/../lib/gcc/nios2-elf/5.3.0/../../../../../H-x86_64-mingw32/nios2-elf/lib/mhw-mulx\libsmallc.a(lib_a-int_errno.o)
 .bss           0x0000000010001f04        0x0 d:/program_d/ntelfpga/18.1/nios2eds/bin/gnu/h-x86_64-mingw32/bin/../lib/gcc/nios2-elf/5.3.0/mhw-mulx\libgcc.a(lib2-divmod.o)
 .bss           0x0000000010001f04        0x0 ../nios_test_bsp/\libhal_bsp.a(alt_load.o)
 .bss           0x0000000010001f04        0x0 ../nios_test_bsp/\libhal_bsp.a(alt_main.o)
 .bss           0x0000000010001f04        0x0 ../nios_test_bsp/\libhal_bsp.a(alt_write.o)
 .bss           0x0000000010001f04        0x0 ../nios_test_bsp/\libhal_bsp.a(alt_sys_init.o)
 .bss           0x0000000010001f04        0x0 ../nios_test_bsp/\libhal_bsp.a(altera_avalon_jtag_uart_fd.o)
 .bss           0x0000000010001f04        0x0 ../nios_test_bsp/\libhal_bsp.a(altera_avalon_jtag_uart_read.o)
 .bss           0x0000000010001f04        0x0 ../nios_test_bsp/\libhal_bsp.a(altera_avalon_jtag_uart_write.o)
 .bss           0x0000000010001f04        0x0 ../nios_test_bsp/\libhal_bsp.a(alt_close.o)
 .bss           0x0000000010001f04        0x0 ../nios_test_bsp/\libhal_bsp.a(alt_dcache_flush_all.o)
 .bss           0x0000000010001f04        0x0 ../nios_test_bsp/\libhal_bsp.a(alt_dev.o)
 .bss           0x0000000010001f04        0x0 ../nios_test_bsp/\libhal_bsp.a(alt_dev_llist_insert.o)
 .bss           0x0000000010001f04        0x0 ../nios_test_bsp/\libhal_bsp.a(alt_errno.o)
 .bss           0x0000000010001f04        0x0 ../nios_test_bsp/\libhal_bsp.a(alt_exit.o)
 .bss           0x0000000010001f04        0x0 ../nios_test_bsp/\libhal_bsp.a(alt_icache_flush_all.o)
 .bss           0x0000000010001f04        0x0 ../nios_test_bsp/\libhal_bsp.a(alt_io_redirect.o)
 .bss           0x0000000010001f04        0x0 ../nios_test_bsp/\libhal_bsp.a(alt_open.o)
 .bss           0x0000000010001f04        0x0 ../nios_test_bsp/\libhal_bsp.a(alt_release_fd.o)
 .bss           0x0000000010001f04        0x0 ../nios_test_bsp/\libhal_bsp.a(altera_nios2_gen2_irq.o)
 .bss           0x0000000010001f04        0x0 ../nios_test_bsp/\libhal_bsp.a(alt_find_dev.o)
 .bss           0x0000000010001f04        0x0 ../nios_test_bsp/\libhal_bsp.a(alt_find_file.o)
 .bss           0x0000000010001f04        0x0 ../nios_test_bsp/\libhal_bsp.a(alt_get_fd.o)
 .bss           0x0000000010001f04        0x0 ../nios_test_bsp/\libhal_bsp.a(alt_icache_flush.o)
 .bss           0x0000000010001f04        0x0 d:/program_d/ntelfpga/18.1/nios2eds/bin/gnu/h-x86_64-mingw32/bin/../lib/gcc/nios2-elf/5.3.0/../../../../../H-x86_64-mingw32/nios2-elf/lib/mhw-mulx\libsmallc.a(lib_a-memcmp.o)
 *(COMMON)
                0x0000000010001f04                . = ALIGN (0x4)
                0x0000000010001f04                __bss_end = ABSOLUTE (.)

.epcs_flash_controller_0
                0x0000000000000000        0x0
                [!provide]                        PROVIDE (_alt_partition_epcs_flash_controller_0_start, ABSOLUTE (.))
 *(.epcs_flash_controller_0 .epcs_flash_controller_0. epcs_flash_controller_0.*)
                0x0000000000000000                . = ALIGN (0x4)
                [!provide]                        PROVIDE (_alt_partition_epcs_flash_controller_0_end, ABSOLUTE (.))
                [!provide]                        PROVIDE (_alt_partition_epcs_flash_controller_0_load_addr, LOADADDR (.epcs_flash_controller_0))

.ram            0x0000000010001f04        0x0
                [!provide]                        PROVIDE (_alt_partition_ram_start, ABSOLUTE (.))
 *(.ram .ram. ram.*)
                0x0000000010001f04                . = ALIGN (0x4)
                [!provide]                        PROVIDE (_alt_partition_ram_end, ABSOLUTE (.))
                0x0000000010001f04                _end = ABSOLUTE (.)
                0x0000000010001f04                end = ABSOLUTE (.)
                0x0000000010001f04                __alt_stack_base = ABSOLUTE (.)
                [!provide]                        PROVIDE (_alt_partition_ram_load_addr, LOADADDR (.ram))

.sdram_0        0x0000000020000000        0x0
                [!provide]                        PROVIDE (_alt_partition_sdram_0_start, ABSOLUTE (.))
 *(.sdram_0 .sdram_0. sdram_0.*)
                0x0000000020000000                . = ALIGN (0x4)
                [!provide]                        PROVIDE (_alt_partition_sdram_0_end, ABSOLUTE (.))
                [!provide]                        PROVIDE (_alt_partition_sdram_0_load_addr, LOADADDR (.sdram_0))

.sdram_1        0x0000000020800000        0x0
                [!provide]                        PROVIDE (_alt_partition_sdram_1_start, ABSOLUTE (.))
 *(.sdram_1 .sdram_1. sdram_1.*)
                0x0000000020800000                . = ALIGN (0x4)
                [!provide]                        PROVIDE (_alt_partition_sdram_1_end, ABSOLUTE (.))
                [!provide]                        PROVIDE (_alt_partition_sdram_1_load_addr, LOADADDR (.sdram_1))

.stab
 *(.stab)

.stabstr
 *(.stabstr)

.stab.excl
 *(.stab.excl)

.stab.exclstr
 *(.stab.exclstr)

.stab.index
 *(.stab.index)

.stab.indexstr
 *(.stab.indexstr)

.comment        0x0000000000000000       0x23
 *(.comment)
 .comment       0x0000000000000000       0x23 obj/default/hello_world.o
                                         0x24 (size before relaxing)
 .comment       0x0000000000000023       0x24 d:/program_d/ntelfpga/18.1/nios2eds/bin/gnu/h-x86_64-mingw32/bin/../lib/gcc/nios2-elf/5.3.0/../../../../../H-x86_64-mingw32/nios2-elf/lib/mhw-mulx\libsmallc.a(lib_a-printf.o)
 .comment       0x0000000000000023       0x24 d:/program_d/ntelfpga/18.1/nios2eds/bin/gnu/h-x86_64-mingw32/bin/../lib/gcc/nios2-elf/5.3.0/../../../../../H-x86_64-mingw32/nios2-elf/lib/mhw-mulx\libsmallc.a(lib_a-puts.o)
 .comment       0x0000000000000023       0x24 d:/program_d/ntelfpga/18.1/nios2eds/bin/gnu/h-x86_64-mingw32/bin/../lib/gcc/nios2-elf/5.3.0/../../../../../H-x86_64-mingw32/nios2-elf/lib/mhw-mulx\libsmallc.a(lib_a-strlen.o)
 .comment       0x0000000000000023       0x24 d:/program_d/ntelfpga/18.1/nios2eds/bin/gnu/h-x86_64-mingw32/bin/../lib/gcc/nios2-elf/5.3.0/../../../../../H-x86_64-mingw32/nios2-elf/lib/mhw-mulx\libsmallc.a(lib_a-vfprintf.o)
 .comment       0x0000000000000023       0x24 d:/program_d/ntelfpga/18.1/nios2eds/bin/gnu/h-x86_64-mingw32/bin/../lib/gcc/nios2-elf/5.3.0/../../../../../H-x86_64-mingw32/nios2-elf/lib/mhw-mulx\libsmallc.a(lib_a-fvwrite_small_dev.o)
 .comment       0x0000000000000023       0x24 d:/program_d/ntelfpga/18.1/nios2eds/bin/gnu/h-x86_64-mingw32/bin/../lib/gcc/nios2-elf/5.3.0/../../../../../H-x86_64-mingw32/nios2-elf/lib/mhw-mulx\libsmallc.a(lib_a-impure.o)
 .comment       0x0000000000000023       0x24 d:/program_d/ntelfpga/18.1/nios2eds/bin/gnu/h-x86_64-mingw32/bin/../lib/gcc/nios2-elf/5.3.0/../../../../../H-x86_64-mingw32/nios2-elf/lib/mhw-mulx\libsmallc.a(lib_a-writer.o)
 .comment       0x0000000000000023       0x24 d:/program_d/ntelfpga/18.1/nios2eds/bin/gnu/h-x86_64-mingw32/bin/../lib/gcc/nios2-elf/5.3.0/../../../../../H-x86_64-mingw32/nios2-elf/lib/mhw-mulx\libsmallc.a(lib_a-int_errno.o)
 .comment       0x0000000000000023       0x24 d:/program_d/ntelfpga/18.1/nios2eds/bin/gnu/h-x86_64-mingw32/bin/../lib/gcc/nios2-elf/5.3.0/mhw-mulx\libgcc.a(lib2-divmod.o)
 .comment       0x0000000000000023       0x24 ../nios_test_bsp/\libhal_bsp.a(alt_load.o)
 .comment       0x0000000000000023       0x24 ../nios_test_bsp/\libhal_bsp.a(alt_main.o)
 .comment       0x0000000000000023       0x24 ../nios_test_bsp/\libhal_bsp.a(alt_write.o)
 .comment       0x0000000000000023       0x24 ../nios_test_bsp/\libhal_bsp.a(alt_sys_init.o)
 .comment       0x0000000000000023       0x24 ../nios_test_bsp/\libhal_bsp.a(altera_avalon_jtag_uart_fd.o)
 .comment       0x0000000000000023       0x24 ../nios_test_bsp/\libhal_bsp.a(altera_avalon_jtag_uart_read.o)
 .comment       0x0000000000000023       0x24 ../nios_test_bsp/\libhal_bsp.a(altera_avalon_jtag_uart_write.o)
 .comment       0x0000000000000023       0x24 ../nios_test_bsp/\libhal_bsp.a(alt_close.o)
 .comment       0x0000000000000023       0x24 ../nios_test_bsp/\libhal_bsp.a(alt_dcache_flush_all.o)
 .comment       0x0000000000000023       0x24 ../nios_test_bsp/\libhal_bsp.a(alt_dev.o)
 .comment       0x0000000000000023       0x24 ../nios_test_bsp/\libhal_bsp.a(alt_dev_llist_insert.o)
 .comment       0x0000000000000023       0x24 ../nios_test_bsp/\libhal_bsp.a(alt_errno.o)
 .comment       0x0000000000000023       0x24 ../nios_test_bsp/\libhal_bsp.a(alt_exit.o)
 .comment       0x0000000000000023       0x24 ../nios_test_bsp/\libhal_bsp.a(alt_icache_flush_all.o)
 .comment       0x0000000000000023       0x24 ../nios_test_bsp/\libhal_bsp.a(alt_io_redirect.o)
 .comment       0x0000000000000023       0x24 ../nios_test_bsp/\libhal_bsp.a(alt_open.o)
 .comment       0x0000000000000023       0x24 ../nios_test_bsp/\libhal_bsp.a(alt_release_fd.o)
 .comment       0x0000000000000023       0x24 ../nios_test_bsp/\libhal_bsp.a(altera_nios2_gen2_irq.o)
 .comment       0x0000000000000023       0x24 ../nios_test_bsp/\libhal_bsp.a(alt_find_dev.o)
 .comment       0x0000000000000023       0x24 ../nios_test_bsp/\libhal_bsp.a(alt_find_file.o)
 .comment       0x0000000000000023       0x24 ../nios_test_bsp/\libhal_bsp.a(alt_get_fd.o)
 .comment       0x0000000000000023       0x24 ../nios_test_bsp/\libhal_bsp.a(alt_icache_flush.o)
 .comment       0x0000000000000023       0x24 d:/program_d/ntelfpga/18.1/nios2eds/bin/gnu/h-x86_64-mingw32/bin/../lib/gcc/nios2-elf/5.3.0/../../../../../H-x86_64-mingw32/nios2-elf/lib/mhw-mulx\libsmallc.a(lib_a-memcmp.o)

.debug
 *(.debug)

.line
 *(.line)

.debug_srcinfo
 *(.debug_srcinfo)

.debug_sfnames
 *(.debug_sfnames)

.debug_aranges  0x0000000000000000      0x448
 *(.debug_aranges)
 .debug_aranges
                0x0000000000000000       0x20 ../nios_test_bsp//obj/HAL/src/crt0.o
 .debug_aranges
                0x0000000000000020       0x20 obj/default/hello_world.o
 .debug_aranges
                0x0000000000000040       0x28 d:/program_d/ntelfpga/18.1/nios2eds/bin/gnu/h-x86_64-mingw32/bin/../lib/gcc/nios2-elf/5.3.0/../../../../../H-x86_64-mingw32/nios2-elf/lib/mhw-mulx\libsmallc.a(lib_a-printf.o)
 .debug_aranges
                0x0000000000000068       0x28 d:/program_d/ntelfpga/18.1/nios2eds/bin/gnu/h-x86_64-mingw32/bin/../lib/gcc/nios2-elf/5.3.0/../../../../../H-x86_64-mingw32/nios2-elf/lib/mhw-mulx\libsmallc.a(lib_a-puts.o)
 .debug_aranges
                0x0000000000000090       0x20 d:/program_d/ntelfpga/18.1/nios2eds/bin/gnu/h-x86_64-mingw32/bin/../lib/gcc/nios2-elf/5.3.0/../../../../../H-x86_64-mingw32/nios2-elf/lib/mhw-mulx\libsmallc.a(lib_a-strlen.o)
 .debug_aranges
                0x00000000000000b0       0x30 d:/program_d/ntelfpga/18.1/nios2eds/bin/gnu/h-x86_64-mingw32/bin/../lib/gcc/nios2-elf/5.3.0/../../../../../H-x86_64-mingw32/nios2-elf/lib/mhw-mulx\libsmallc.a(lib_a-vfprintf.o)
 .debug_aranges
                0x00000000000000e0       0x20 d:/program_d/ntelfpga/18.1/nios2eds/bin/gnu/h-x86_64-mingw32/bin/../lib/gcc/nios2-elf/5.3.0/../../../../../H-x86_64-mingw32/nios2-elf/lib/mhw-mulx\libsmallc.a(lib_a-fvwrite_small_dev.o)
 .debug_aranges
                0x0000000000000100       0x18 d:/program_d/ntelfpga/18.1/nios2eds/bin/gnu/h-x86_64-mingw32/bin/../lib/gcc/nios2-elf/5.3.0/../../../../../H-x86_64-mingw32/nios2-elf/lib/mhw-mulx\libsmallc.a(lib_a-impure.o)
 .debug_aranges
                0x0000000000000118       0x20 d:/program_d/ntelfpga/18.1/nios2eds/bin/gnu/h-x86_64-mingw32/bin/../lib/gcc/nios2-elf/5.3.0/../../../../../H-x86_64-mingw32/nios2-elf/lib/mhw-mulx\libsmallc.a(lib_a-writer.o)
 .debug_aranges
                0x0000000000000138       0x18 d:/program_d/ntelfpga/18.1/nios2eds/bin/gnu/h-x86_64-mingw32/bin/../lib/gcc/nios2-elf/5.3.0/../../../../../H-x86_64-mingw32/nios2-elf/lib/mhw-mulx\libsmallc.a(lib_a-int_errno.o)
 .debug_aranges
                0x0000000000000150       0x20 d:/program_d/ntelfpga/18.1/nios2eds/bin/gnu/h-x86_64-mingw32/bin/../lib/gcc/nios2-elf/5.3.0/mhw-mulx\libgcc.a(lib2-divmod.o)
 .debug_aranges
                0x0000000000000170       0x20 ../nios_test_bsp/\libhal_bsp.a(alt_load.o)
 .debug_aranges
                0x0000000000000190       0x20 ../nios_test_bsp/\libhal_bsp.a(alt_main.o)
 .debug_aranges
                0x00000000000001b0       0x20 ../nios_test_bsp/\libhal_bsp.a(alt_write.o)
 .debug_aranges
                0x00000000000001d0       0x20 ../nios_test_bsp/\libhal_bsp.a(alt_sys_init.o)
 .debug_aranges
                0x00000000000001f0       0x20 ../nios_test_bsp/\libhal_bsp.a(altera_avalon_jtag_uart_fd.o)
 .debug_aranges
                0x0000000000000210       0x20 ../nios_test_bsp/\libhal_bsp.a(altera_avalon_jtag_uart_read.o)
 .debug_aranges
                0x0000000000000230       0x20 ../nios_test_bsp/\libhal_bsp.a(altera_avalon_jtag_uart_write.o)
 .debug_aranges
                0x0000000000000250       0x20 ../nios_test_bsp/\libhal_bsp.a(alt_close.o)
 .debug_aranges
                0x0000000000000270       0x20 ../nios_test_bsp/\libhal_bsp.a(alt_dcache_flush_all.o)
 .debug_aranges
                0x0000000000000290       0x20 ../nios_test_bsp/\libhal_bsp.a(alt_dev.o)
 .debug_aranges
                0x00000000000002b0       0x20 ../nios_test_bsp/\libhal_bsp.a(alt_dev_llist_insert.o)
 .debug_aranges
                0x00000000000002d0       0x18 ../nios_test_bsp/\libhal_bsp.a(alt_errno.o)
 .debug_aranges
                0x00000000000002e8       0x20 ../nios_test_bsp/\libhal_bsp.a(alt_exit.o)
 .debug_aranges
                0x0000000000000308       0x20 ../nios_test_bsp/\libhal_bsp.a(alt_icache_flush_all.o)
 .debug_aranges
                0x0000000000000328       0x20 ../nios_test_bsp/\libhal_bsp.a(alt_io_redirect.o)
 .debug_aranges
                0x0000000000000348       0x20 ../nios_test_bsp/\libhal_bsp.a(alt_open.o)
 .debug_aranges
                0x0000000000000368       0x20 ../nios_test_bsp/\libhal_bsp.a(alt_release_fd.o)
 .debug_aranges
                0x0000000000000388       0x20 ../nios_test_bsp/\libhal_bsp.a(altera_nios2_gen2_irq.o)
 .debug_aranges
                0x00000000000003a8       0x20 ../nios_test_bsp/\libhal_bsp.a(alt_find_dev.o)
 .debug_aranges
                0x00000000000003c8       0x20 ../nios_test_bsp/\libhal_bsp.a(alt_find_file.o)
 .debug_aranges
                0x00000000000003e8       0x20 ../nios_test_bsp/\libhal_bsp.a(alt_get_fd.o)
 .debug_aranges
                0x0000000000000408       0x20 ../nios_test_bsp/\libhal_bsp.a(alt_icache_flush.o)
 .debug_aranges
                0x0000000000000428       0x20 d:/program_d/ntelfpga/18.1/nios2eds/bin/gnu/h-x86_64-mingw32/bin/../lib/gcc/nios2-elf/5.3.0/../../../../../H-x86_64-mingw32/nios2-elf/lib/mhw-mulx\libsmallc.a(lib_a-memcmp.o)

.debug_pubnames
 *(.debug_pubnames)

.debug_info     0x0000000000000000     0x648a
 *(.debug_info .gnu.linkonce.wi.*)
 .debug_info    0x0000000000000000       0x75 ../nios_test_bsp//obj/HAL/src/crt0.o
 .debug_info    0x0000000000000075      0x158 obj/default/hello_world.o
 .debug_info    0x00000000000001cd      0x699 d:/program_d/ntelfpga/18.1/nios2eds/bin/gnu/h-x86_64-mingw32/bin/../lib/gcc/nios2-elf/5.3.0/../../../../../H-x86_64-mingw32/nios2-elf/lib/mhw-mulx\libsmallc.a(lib_a-printf.o)
 .debug_info    0x0000000000000866      0x66d d:/program_d/ntelfpga/18.1/nios2eds/bin/gnu/h-x86_64-mingw32/bin/../lib/gcc/nios2-elf/5.3.0/../../../../../H-x86_64-mingw32/nios2-elf/lib/mhw-mulx\libsmallc.a(lib_a-puts.o)
 .debug_info    0x0000000000000ed3       0xc9 d:/program_d/ntelfpga/18.1/nios2eds/bin/gnu/h-x86_64-mingw32/bin/../lib/gcc/nios2-elf/5.3.0/../../../../../H-x86_64-mingw32/nios2-elf/lib/mhw-mulx\libsmallc.a(lib_a-strlen.o)
 .debug_info    0x0000000000000f9c      0xb2b d:/program_d/ntelfpga/18.1/nios2eds/bin/gnu/h-x86_64-mingw32/bin/../lib/gcc/nios2-elf/5.3.0/../../../../../H-x86_64-mingw32/nios2-elf/lib/mhw-mulx\libsmallc.a(lib_a-vfprintf.o)
 .debug_info    0x0000000000001ac7      0x62b d:/program_d/ntelfpga/18.1/nios2eds/bin/gnu/h-x86_64-mingw32/bin/../lib/gcc/nios2-elf/5.3.0/../../../../../H-x86_64-mingw32/nios2-elf/lib/mhw-mulx\libsmallc.a(lib_a-fvwrite_small_dev.o)
 .debug_info    0x00000000000020f2      0x5a9 d:/program_d/ntelfpga/18.1/nios2eds/bin/gnu/h-x86_64-mingw32/bin/../lib/gcc/nios2-elf/5.3.0/../../../../../H-x86_64-mingw32/nios2-elf/lib/mhw-mulx\libsmallc.a(lib_a-impure.o)
 .debug_info    0x000000000000269b      0x630 d:/program_d/ntelfpga/18.1/nios2eds/bin/gnu/h-x86_64-mingw32/bin/../lib/gcc/nios2-elf/5.3.0/../../../../../H-x86_64-mingw32/nios2-elf/lib/mhw-mulx\libsmallc.a(lib_a-writer.o)
 .debug_info    0x0000000000002ccb       0x8a d:/program_d/ntelfpga/18.1/nios2eds/bin/gnu/h-x86_64-mingw32/bin/../lib/gcc/nios2-elf/5.3.0/../../../../../H-x86_64-mingw32/nios2-elf/lib/mhw-mulx\libsmallc.a(lib_a-int_errno.o)
 .debug_info    0x0000000000002d55      0x2c6 d:/program_d/ntelfpga/18.1/nios2eds/bin/gnu/h-x86_64-mingw32/bin/../lib/gcc/nios2-elf/5.3.0/mhw-mulx\libgcc.a(lib2-divmod.o)
 .debug_info    0x000000000000301b      0x145 ../nios_test_bsp/\libhal_bsp.a(alt_load.o)
 .debug_info    0x0000000000003160      0x131 ../nios_test_bsp/\libhal_bsp.a(alt_main.o)
 .debug_info    0x0000000000003291      0x4b7 ../nios_test_bsp/\libhal_bsp.a(alt_write.o)
 .debug_info    0x0000000000003748      0x3d4 ../nios_test_bsp/\libhal_bsp.a(alt_sys_init.o)
 .debug_info    0x0000000000003b1c      0x3a7 ../nios_test_bsp/\libhal_bsp.a(altera_avalon_jtag_uart_fd.o)
 .debug_info    0x0000000000003ec3      0x1b2 ../nios_test_bsp/\libhal_bsp.a(altera_avalon_jtag_uart_read.o)
 .debug_info    0x0000000000004075      0x195 ../nios_test_bsp/\libhal_bsp.a(altera_avalon_jtag_uart_write.o)
 .debug_info    0x000000000000420a      0x321 ../nios_test_bsp/\libhal_bsp.a(alt_close.o)
 .debug_info    0x000000000000452b       0xa5 ../nios_test_bsp/\libhal_bsp.a(alt_dcache_flush_all.o)
 .debug_info    0x00000000000045d0      0x49c ../nios_test_bsp/\libhal_bsp.a(alt_dev.o)
 .debug_info    0x0000000000004a6c      0x1a9 ../nios_test_bsp/\libhal_bsp.a(alt_dev_llist_insert.o)
 .debug_info    0x0000000000004c15       0xa6 ../nios_test_bsp/\libhal_bsp.a(alt_errno.o)
 .debug_info    0x0000000000004cbb       0xec ../nios_test_bsp/\libhal_bsp.a(alt_exit.o)
 .debug_info    0x0000000000004da7       0x92 ../nios_test_bsp/\libhal_bsp.a(alt_icache_flush_all.o)
 .debug_info    0x0000000000004e39      0x4a5 ../nios_test_bsp/\libhal_bsp.a(alt_io_redirect.o)
 .debug_info    0x00000000000052de      0x3bb ../nios_test_bsp/\libhal_bsp.a(alt_open.o)
 .debug_info    0x0000000000005699      0x2b0 ../nios_test_bsp/\libhal_bsp.a(alt_release_fd.o)
 .debug_info    0x0000000000005949       0x92 ../nios_test_bsp/\libhal_bsp.a(altera_nios2_gen2_irq.o)
 .debug_info    0x00000000000059db      0x2e9 ../nios_test_bsp/\libhal_bsp.a(alt_find_dev.o)
 .debug_info    0x0000000000005cc4      0x2e6 ../nios_test_bsp/\libhal_bsp.a(alt_find_file.o)
 .debug_info    0x0000000000005faa      0x310 ../nios_test_bsp/\libhal_bsp.a(alt_get_fd.o)
 .debug_info    0x00000000000062ba       0xdc ../nios_test_bsp/\libhal_bsp.a(alt_icache_flush.o)
 .debug_info    0x0000000000006396       0xf4 d:/program_d/ntelfpga/18.1/nios2eds/bin/gnu/h-x86_64-mingw32/bin/../lib/gcc/nios2-elf/5.3.0/../../../../../H-x86_64-mingw32/nios2-elf/lib/mhw-mulx\libsmallc.a(lib_a-memcmp.o)

.debug_abbrev   0x0000000000000000     0x206d
 *(.debug_abbrev)
 .debug_abbrev  0x0000000000000000       0x14 ../nios_test_bsp//obj/HAL/src/crt0.o
 .debug_abbrev  0x0000000000000014       0xe1 obj/default/hello_world.o
 .debug_abbrev  0x00000000000000f5      0x1ee d:/program_d/ntelfpga/18.1/nios2eds/bin/gnu/h-x86_64-mingw32/bin/../lib/gcc/nios2-elf/5.3.0/../../../../../H-x86_64-mingw32/nios2-elf/lib/mhw-mulx\libsmallc.a(lib_a-printf.o)
 .debug_abbrev  0x00000000000002e3      0x1d6 d:/program_d/ntelfpga/18.1/nios2eds/bin/gnu/h-x86_64-mingw32/bin/../lib/gcc/nios2-elf/5.3.0/../../../../../H-x86_64-mingw32/nios2-elf/lib/mhw-mulx\libsmallc.a(lib_a-puts.o)
 .debug_abbrev  0x00000000000004b9       0x7f d:/program_d/ntelfpga/18.1/nios2eds/bin/gnu/h-x86_64-mingw32/bin/../lib/gcc/nios2-elf/5.3.0/../../../../../H-x86_64-mingw32/nios2-elf/lib/mhw-mulx\libsmallc.a(lib_a-strlen.o)
 .debug_abbrev  0x0000000000000538      0x2a1 d:/program_d/ntelfpga/18.1/nios2eds/bin/gnu/h-x86_64-mingw32/bin/../lib/gcc/nios2-elf/5.3.0/../../../../../H-x86_64-mingw32/nios2-elf/lib/mhw-mulx\libsmallc.a(lib_a-vfprintf.o)
 .debug_abbrev  0x00000000000007d9      0x1bc d:/program_d/ntelfpga/18.1/nios2eds/bin/gnu/h-x86_64-mingw32/bin/../lib/gcc/nios2-elf/5.3.0/../../../../../H-x86_64-mingw32/nios2-elf/lib/mhw-mulx\libsmallc.a(lib_a-fvwrite_small_dev.o)
 .debug_abbrev  0x0000000000000995      0x14a d:/program_d/ntelfpga/18.1/nios2eds/bin/gnu/h-x86_64-mingw32/bin/../lib/gcc/nios2-elf/5.3.0/../../../../../H-x86_64-mingw32/nios2-elf/lib/mhw-mulx\libsmallc.a(lib_a-impure.o)
 .debug_abbrev  0x0000000000000adf      0x1a6 d:/program_d/ntelfpga/18.1/nios2eds/bin/gnu/h-x86_64-mingw32/bin/../lib/gcc/nios2-elf/5.3.0/../../../../../H-x86_64-mingw32/nios2-elf/lib/mhw-mulx\libsmallc.a(lib_a-writer.o)
 .debug_abbrev  0x0000000000000c85       0x37 d:/program_d/ntelfpga/18.1/nios2eds/bin/gnu/h-x86_64-mingw32/bin/../lib/gcc/nios2-elf/5.3.0/../../../../../H-x86_64-mingw32/nios2-elf/lib/mhw-mulx\libsmallc.a(lib_a-int_errno.o)
 .debug_abbrev  0x0000000000000cbc      0x10e d:/program_d/ntelfpga/18.1/nios2eds/bin/gnu/h-x86_64-mingw32/bin/../lib/gcc/nios2-elf/5.3.0/mhw-mulx\libgcc.a(lib2-divmod.o)
 .debug_abbrev  0x0000000000000dca       0x9f ../nios_test_bsp/\libhal_bsp.a(alt_load.o)
 .debug_abbrev  0x0000000000000e69       0xba ../nios_test_bsp/\libhal_bsp.a(alt_main.o)
 .debug_abbrev  0x0000000000000f23      0x133 ../nios_test_bsp/\libhal_bsp.a(alt_write.o)
 .debug_abbrev  0x0000000000001056      0x157 ../nios_test_bsp/\libhal_bsp.a(alt_sys_init.o)
 .debug_abbrev  0x00000000000011ad       0xf7 ../nios_test_bsp/\libhal_bsp.a(altera_avalon_jtag_uart_fd.o)
 .debug_abbrev  0x00000000000012a4       0xd5 ../nios_test_bsp/\libhal_bsp.a(altera_avalon_jtag_uart_read.o)
 .debug_abbrev  0x0000000000001379       0xd5 ../nios_test_bsp/\libhal_bsp.a(altera_avalon_jtag_uart_write.o)
 .debug_abbrev  0x000000000000144e      0x11f ../nios_test_bsp/\libhal_bsp.a(alt_close.o)
 .debug_abbrev  0x000000000000156d       0x5a ../nios_test_bsp/\libhal_bsp.a(alt_dcache_flush_all.o)
 .debug_abbrev  0x00000000000015c7       0xd9 ../nios_test_bsp/\libhal_bsp.a(alt_dev.o)
 .debug_abbrev  0x00000000000016a0      0x114 ../nios_test_bsp/\libhal_bsp.a(alt_dev_llist_insert.o)
 .debug_abbrev  0x00000000000017b4       0x5a ../nios_test_bsp/\libhal_bsp.a(alt_errno.o)
 .debug_abbrev  0x000000000000180e       0xa9 ../nios_test_bsp/\libhal_bsp.a(alt_exit.o)
 .debug_abbrev  0x00000000000018b7       0x42 ../nios_test_bsp/\libhal_bsp.a(alt_icache_flush_all.o)
 .debug_abbrev  0x00000000000018f9      0x114 ../nios_test_bsp/\libhal_bsp.a(alt_io_redirect.o)
 .debug_abbrev  0x0000000000001a0d      0x148 ../nios_test_bsp/\libhal_bsp.a(alt_open.o)
 .debug_abbrev  0x0000000000001b55       0xde ../nios_test_bsp/\libhal_bsp.a(alt_release_fd.o)
 .debug_abbrev  0x0000000000001c33       0x42 ../nios_test_bsp/\libhal_bsp.a(altera_nios2_gen2_irq.o)
 .debug_abbrev  0x0000000000001c75       0xf0 ../nios_test_bsp/\libhal_bsp.a(alt_find_dev.o)
 .debug_abbrev  0x0000000000001d65       0xf0 ../nios_test_bsp/\libhal_bsp.a(alt_find_file.o)
 .debug_abbrev  0x0000000000001e55      0x10d ../nios_test_bsp/\libhal_bsp.a(alt_get_fd.o)
 .debug_abbrev  0x0000000000001f62       0x8c ../nios_test_bsp/\libhal_bsp.a(alt_icache_flush.o)
 .debug_abbrev  0x0000000000001fee       0x7f d:/program_d/ntelfpga/18.1/nios2eds/bin/gnu/h-x86_64-mingw32/bin/../lib/gcc/nios2-elf/5.3.0/../../../../../H-x86_64-mingw32/nios2-elf/lib/mhw-mulx\libsmallc.a(lib_a-memcmp.o)

.debug_line     0x0000000000000000     0x240d
 *(.debug_line)
 .debug_line    0x0000000000000000       0x5a ../nios_test_bsp//obj/HAL/src/crt0.o
 .debug_line    0x000000000000005a       0xd8 obj/default/hello_world.o
 .debug_line    0x0000000000000132      0x203 d:/program_d/ntelfpga/18.1/nios2eds/bin/gnu/h-x86_64-mingw32/bin/../lib/gcc/nios2-elf/5.3.0/../../../../../H-x86_64-mingw32/nios2-elf/lib/mhw-mulx\libsmallc.a(lib_a-printf.o)
 .debug_line    0x0000000000000335      0x206 d:/program_d/ntelfpga/18.1/nios2eds/bin/gnu/h-x86_64-mingw32/bin/../lib/gcc/nios2-elf/5.3.0/../../../../../H-x86_64-mingw32/nios2-elf/lib/mhw-mulx\libsmallc.a(lib_a-puts.o)
 .debug_line    0x000000000000053b      0x15c d:/program_d/ntelfpga/18.1/nios2eds/bin/gnu/h-x86_64-mingw32/bin/../lib/gcc/nios2-elf/5.3.0/../../../../../H-x86_64-mingw32/nios2-elf/lib/mhw-mulx\libsmallc.a(lib_a-strlen.o)
 .debug_line    0x0000000000000697      0x352 d:/program_d/ntelfpga/18.1/nios2eds/bin/gnu/h-x86_64-mingw32/bin/../lib/gcc/nios2-elf/5.3.0/../../../../../H-x86_64-mingw32/nios2-elf/lib/mhw-mulx\libsmallc.a(lib_a-vfprintf.o)
 .debug_line    0x00000000000009e9      0x1f0 d:/program_d/ntelfpga/18.1/nios2eds/bin/gnu/h-x86_64-mingw32/bin/../lib/gcc/nios2-elf/5.3.0/../../../../../H-x86_64-mingw32/nios2-elf/lib/mhw-mulx\libsmallc.a(lib_a-fvwrite_small_dev.o)
 .debug_line    0x0000000000000bd9      0x156 d:/program_d/ntelfpga/18.1/nios2eds/bin/gnu/h-x86_64-mingw32/bin/../lib/gcc/nios2-elf/5.3.0/../../../../../H-x86_64-mingw32/nios2-elf/lib/mhw-mulx\libsmallc.a(lib_a-impure.o)
 .debug_line    0x0000000000000d2f      0x1ed d:/program_d/ntelfpga/18.1/nios2eds/bin/gnu/h-x86_64-mingw32/bin/../lib/gcc/nios2-elf/5.3.0/../../../../../H-x86_64-mingw32/nios2-elf/lib/mhw-mulx\libsmallc.a(lib_a-writer.o)
 .debug_line    0x0000000000000f1c       0x5f d:/program_d/ntelfpga/18.1/nios2eds/bin/gnu/h-x86_64-mingw32/bin/../lib/gcc/nios2-elf/5.3.0/../../../../../H-x86_64-mingw32/nios2-elf/lib/mhw-mulx\libsmallc.a(lib_a-int_errno.o)
 .debug_line    0x0000000000000f7b      0x105 d:/program_d/ntelfpga/18.1/nios2eds/bin/gnu/h-x86_64-mingw32/bin/../lib/gcc/nios2-elf/5.3.0/mhw-mulx\libgcc.a(lib2-divmod.o)
 .debug_line    0x0000000000001080       0x8e ../nios_test_bsp/\libhal_bsp.a(alt_load.o)
 .debug_line    0x000000000000110e       0x9e ../nios_test_bsp/\libhal_bsp.a(alt_main.o)
 .debug_line    0x00000000000011ac      0x1e3 ../nios_test_bsp/\libhal_bsp.a(alt_write.o)
 .debug_line    0x000000000000138f      0x13b ../nios_test_bsp/\libhal_bsp.a(alt_sys_init.o)
 .debug_line    0x00000000000014ca      0x112 ../nios_test_bsp/\libhal_bsp.a(altera_avalon_jtag_uart_fd.o)
 .debug_line    0x00000000000015dc       0xfd ../nios_test_bsp/\libhal_bsp.a(altera_avalon_jtag_uart_read.o)
 .debug_line    0x00000000000016d9       0xf4 ../nios_test_bsp/\libhal_bsp.a(altera_avalon_jtag_uart_write.o)
 .debug_line    0x00000000000017cd      0x169 ../nios_test_bsp/\libhal_bsp.a(alt_close.o)
 .debug_line    0x0000000000001936       0x61 ../nios_test_bsp/\libhal_bsp.a(alt_dcache_flush_all.o)
 .debug_line    0x0000000000001997       0xfc ../nios_test_bsp/\libhal_bsp.a(alt_dev.o)
 .debug_line    0x0000000000001a93       0xcf ../nios_test_bsp/\libhal_bsp.a(alt_dev_llist_insert.o)
 .debug_line    0x0000000000001b62       0x51 ../nios_test_bsp/\libhal_bsp.a(alt_errno.o)
 .debug_line    0x0000000000001bb3       0x71 ../nios_test_bsp/\libhal_bsp.a(alt_exit.o)
 .debug_line    0x0000000000001c24       0x50 ../nios_test_bsp/\libhal_bsp.a(alt_icache_flush_all.o)
 .debug_line    0x0000000000001c74      0x137 ../nios_test_bsp/\libhal_bsp.a(alt_io_redirect.o)
 .debug_line    0x0000000000001dab      0x128 ../nios_test_bsp/\libhal_bsp.a(alt_open.o)
 .debug_line    0x0000000000001ed3       0xae ../nios_test_bsp/\libhal_bsp.a(alt_release_fd.o)
 .debug_line    0x0000000000001f81       0x51 ../nios_test_bsp/\libhal_bsp.a(altera_nios2_gen2_irq.o)
 .debug_line    0x0000000000001fd2       0xb5 ../nios_test_bsp/\libhal_bsp.a(alt_find_dev.o)
 .debug_line    0x0000000000002087       0xd1 ../nios_test_bsp/\libhal_bsp.a(alt_find_file.o)
 .debug_line    0x0000000000002158       0xd4 ../nios_test_bsp/\libhal_bsp.a(alt_get_fd.o)
 .debug_line    0x000000000000222c       0x81 ../nios_test_bsp/\libhal_bsp.a(alt_icache_flush.o)
 .debug_line    0x00000000000022ad      0x160 d:/program_d/ntelfpga/18.1/nios2eds/bin/gnu/h-x86_64-mingw32/bin/../lib/gcc/nios2-elf/5.3.0/../../../../../H-x86_64-mingw32/nios2-elf/lib/mhw-mulx\libsmallc.a(lib_a-memcmp.o)

.debug_frame    0x0000000000000000      0x89c
 *(.debug_frame)
 .debug_frame   0x0000000000000000       0x78 obj/default/hello_world.o
 .debug_frame   0x0000000000000078       0x48 d:/program_d/ntelfpga/18.1/nios2eds/bin/gnu/h-x86_64-mingw32/bin/../lib/gcc/nios2-elf/5.3.0/../../../../../H-x86_64-mingw32/nios2-elf/lib/mhw-mulx\libsmallc.a(lib_a-printf.o)
 .debug_frame   0x00000000000000c0       0x48 d:/program_d/ntelfpga/18.1/nios2eds/bin/gnu/h-x86_64-mingw32/bin/../lib/gcc/nios2-elf/5.3.0/../../../../../H-x86_64-mingw32/nios2-elf/lib/mhw-mulx\libsmallc.a(lib_a-puts.o)
 .debug_frame   0x0000000000000108       0x20 d:/program_d/ntelfpga/18.1/nios2eds/bin/gnu/h-x86_64-mingw32/bin/../lib/gcc/nios2-elf/5.3.0/../../../../../H-x86_64-mingw32/nios2-elf/lib/mhw-mulx\libsmallc.a(lib_a-strlen.o)
 .debug_frame   0x0000000000000128       0x8c d:/program_d/ntelfpga/18.1/nios2eds/bin/gnu/h-x86_64-mingw32/bin/../lib/gcc/nios2-elf/5.3.0/../../../../../H-x86_64-mingw32/nios2-elf/lib/mhw-mulx\libsmallc.a(lib_a-vfprintf.o)
 .debug_frame   0x00000000000001b4       0x58 d:/program_d/ntelfpga/18.1/nios2eds/bin/gnu/h-x86_64-mingw32/bin/../lib/gcc/nios2-elf/5.3.0/../../../../../H-x86_64-mingw32/nios2-elf/lib/mhw-mulx\libsmallc.a(lib_a-fvwrite_small_dev.o)
 .debug_frame   0x000000000000020c       0x38 d:/program_d/ntelfpga/18.1/nios2eds/bin/gnu/h-x86_64-mingw32/bin/../lib/gcc/nios2-elf/5.3.0/../../../../../H-x86_64-mingw32/nios2-elf/lib/mhw-mulx\libsmallc.a(lib_a-writer.o)
 .debug_frame   0x0000000000000244       0x50 d:/program_d/ntelfpga/18.1/nios2eds/bin/gnu/h-x86_64-mingw32/bin/../lib/gcc/nios2-elf/5.3.0/mhw-mulx\libgcc.a(lib2-divmod.o)
 .debug_frame   0x0000000000000294       0x5c ../nios_test_bsp/\libhal_bsp.a(alt_load.o)
 .debug_frame   0x00000000000002f0       0x2c ../nios_test_bsp/\libhal_bsp.a(alt_main.o)
 .debug_frame   0x000000000000031c       0x60 ../nios_test_bsp/\libhal_bsp.a(alt_write.o)
 .debug_frame   0x000000000000037c       0x88 ../nios_test_bsp/\libhal_bsp.a(alt_sys_init.o)
 .debug_frame   0x0000000000000404       0x60 ../nios_test_bsp/\libhal_bsp.a(altera_avalon_jtag_uart_fd.o)
 .debug_frame   0x0000000000000464       0x34 ../nios_test_bsp/\libhal_bsp.a(altera_avalon_jtag_uart_read.o)
 .debug_frame   0x0000000000000498       0x34 ../nios_test_bsp/\libhal_bsp.a(altera_avalon_jtag_uart_write.o)
 .debug_frame   0x00000000000004cc       0x60 ../nios_test_bsp/\libhal_bsp.a(alt_close.o)
 .debug_frame   0x000000000000052c       0x34 ../nios_test_bsp/\libhal_bsp.a(alt_dcache_flush_all.o)
 .debug_frame   0x0000000000000560       0x34 ../nios_test_bsp/\libhal_bsp.a(alt_dev.o)
 .debug_frame   0x0000000000000594       0x60 ../nios_test_bsp/\libhal_bsp.a(alt_dev_llist_insert.o)
 .debug_frame   0x00000000000005f4       0x2c ../nios_test_bsp/\libhal_bsp.a(alt_exit.o)
 .debug_frame   0x0000000000000620       0x38 ../nios_test_bsp/\libhal_bsp.a(alt_icache_flush_all.o)
 .debug_frame   0x0000000000000658       0x60 ../nios_test_bsp/\libhal_bsp.a(alt_io_redirect.o)
 .debug_frame   0x00000000000006b8       0x84 ../nios_test_bsp/\libhal_bsp.a(alt_open.o)
 .debug_frame   0x000000000000073c       0x34 ../nios_test_bsp/\libhal_bsp.a(alt_release_fd.o)
 .debug_frame   0x0000000000000770       0x34 ../nios_test_bsp/\libhal_bsp.a(altera_nios2_gen2_irq.o)
 .debug_frame   0x00000000000007a4       0x38 ../nios_test_bsp/\libhal_bsp.a(alt_find_dev.o)
 .debug_frame   0x00000000000007dc       0x38 ../nios_test_bsp/\libhal_bsp.a(alt_find_file.o)
 .debug_frame   0x0000000000000814       0x34 ../nios_test_bsp/\libhal_bsp.a(alt_get_fd.o)
 .debug_frame   0x0000000000000848       0x34 ../nios_test_bsp/\libhal_bsp.a(alt_icache_flush.o)
 .debug_frame   0x000000000000087c       0x20 d:/program_d/ntelfpga/18.1/nios2eds/bin/gnu/h-x86_64-mingw32/bin/../lib/gcc/nios2-elf/5.3.0/../../../../../H-x86_64-mingw32/nios2-elf/lib/mhw-mulx\libsmallc.a(lib_a-memcmp.o)

.debug_str      0x0000000000000000     0x1411
 *(.debug_str)
 .debug_str     0x0000000000000000      0x116 obj/default/hello_world.o
                                        0x154 (size before relaxing)
 .debug_str     0x0000000000000116      0x42d d:/program_d/ntelfpga/18.1/nios2eds/bin/gnu/h-x86_64-mingw32/bin/../lib/gcc/nios2-elf/5.3.0/../../../../../H-x86_64-mingw32/nios2-elf/lib/mhw-mulx\libsmallc.a(lib_a-printf.o)
                                        0x500 (size before relaxing)
 .debug_str     0x0000000000000543       0x63 d:/program_d/ntelfpga/18.1/nios2eds/bin/gnu/h-x86_64-mingw32/bin/../lib/gcc/nios2-elf/5.3.0/../../../../../H-x86_64-mingw32/nios2-elf/lib/mhw-mulx\libsmallc.a(lib_a-puts.o)
                                        0x4c9 (size before relaxing)
 .debug_str     0x00000000000005a6       0xd0 d:/program_d/ntelfpga/18.1/nios2eds/bin/gnu/h-x86_64-mingw32/bin/../lib/gcc/nios2-elf/5.3.0/../../../../../H-x86_64-mingw32/nios2-elf/lib/mhw-mulx\libsmallc.a(lib_a-strlen.o)
                                        0x1e1 (size before relaxing)
 .debug_str     0x0000000000000676      0x1f6 d:/program_d/ntelfpga/18.1/nios2eds/bin/gnu/h-x86_64-mingw32/bin/../lib/gcc/nios2-elf/5.3.0/../../../../../H-x86_64-mingw32/nios2-elf/lib/mhw-mulx\libsmallc.a(lib_a-vfprintf.o)
                                        0x67b (size before relaxing)
 .debug_str     0x000000000000086c       0x63 d:/program_d/ntelfpga/18.1/nios2eds/bin/gnu/h-x86_64-mingw32/bin/../lib/gcc/nios2-elf/5.3.0/../../../../../H-x86_64-mingw32/nios2-elf/lib/mhw-mulx\libsmallc.a(lib_a-fvwrite_small_dev.o)
                                        0x4d0 (size before relaxing)
 .debug_str     0x00000000000008cf       0xed d:/program_d/ntelfpga/18.1/nios2eds/bin/gnu/h-x86_64-mingw32/bin/../lib/gcc/nios2-elf/5.3.0/../../../../../H-x86_64-mingw32/nios2-elf/lib/mhw-mulx\libsmallc.a(lib_a-impure.o)
                                        0x4ba (size before relaxing)
 .debug_str     0x00000000000009bc       0x45 d:/program_d/ntelfpga/18.1/nios2eds/bin/gnu/h-x86_64-mingw32/bin/../lib/gcc/nios2-elf/5.3.0/../../../../../H-x86_64-mingw32/nios2-elf/lib/mhw-mulx\libsmallc.a(lib_a-writer.o)
                                        0x4b4 (size before relaxing)
 .debug_str     0x0000000000000a01       0x3f d:/program_d/ntelfpga/18.1/nios2eds/bin/gnu/h-x86_64-mingw32/bin/../lib/gcc/nios2-elf/5.3.0/../../../../../H-x86_64-mingw32/nios2-elf/lib/mhw-mulx\libsmallc.a(lib_a-int_errno.o)
                                        0x1d4 (size before relaxing)
 .debug_str     0x0000000000000a40      0x183 d:/program_d/ntelfpga/18.1/nios2eds/bin/gnu/h-x86_64-mingw32/bin/../lib/gcc/nios2-elf/5.3.0/mhw-mulx\libgcc.a(lib2-divmod.o)
                                        0x1ce (size before relaxing)
 .debug_str     0x0000000000000bc3      0x12e ../nios_test_bsp/\libhal_bsp.a(alt_load.o)
                                        0x20c (size before relaxing)
 .debug_str     0x0000000000000cf1       0x70 ../nios_test_bsp/\libhal_bsp.a(alt_main.o)
                                        0x197 (size before relaxing)
 .debug_str     0x0000000000000d61      0x15f ../nios_test_bsp/\libhal_bsp.a(alt_write.o)
                                        0x2f2 (size before relaxing)
 .debug_str     0x0000000000000ec0      0x113 ../nios_test_bsp/\libhal_bsp.a(alt_sys_init.o)
                                        0x2e1 (size before relaxing)
 .debug_str     0x0000000000000fd3       0x77 ../nios_test_bsp/\libhal_bsp.a(altera_avalon_jtag_uart_fd.o)
                                        0x2cf (size before relaxing)
 .debug_str     0x000000000000104a       0x48 ../nios_test_bsp/\libhal_bsp.a(altera_avalon_jtag_uart_read.o)
                                        0x219 (size before relaxing)
 .debug_str     0x0000000000001092       0x4a ../nios_test_bsp/\libhal_bsp.a(altera_avalon_jtag_uart_write.o)
                                        0x20f (size before relaxing)
 .debug_str     0x00000000000010dc       0x1b ../nios_test_bsp/\libhal_bsp.a(alt_close.o)
                                        0x205 (size before relaxing)
 .debug_str     0x00000000000010f7       0x34 ../nios_test_bsp/\libhal_bsp.a(alt_dcache_flush_all.o)
                                        0x14f (size before relaxing)
 .debug_str     0x000000000000112b       0x50 ../nios_test_bsp/\libhal_bsp.a(alt_dev.o)
                                        0x2ff (size before relaxing)
 .debug_str     0x000000000000117b       0x4b ../nios_test_bsp/\libhal_bsp.a(alt_dev_llist_insert.o)
                                        0x1c6 (size before relaxing)
 .debug_str     0x00000000000011c6       0x14 ../nios_test_bsp/\libhal_bsp.a(alt_errno.o)
                                        0x13f (size before relaxing)
 .debug_str     0x00000000000011da       0x2a ../nios_test_bsp/\libhal_bsp.a(alt_exit.o)
                                        0x14b (size before relaxing)
 .debug_str     0x0000000000001204       0x34 ../nios_test_bsp/\libhal_bsp.a(alt_icache_flush_all.o)
                                        0x14f (size before relaxing)
 .debug_str     0x0000000000001238       0x56 ../nios_test_bsp/\libhal_bsp.a(alt_io_redirect.o)
                                        0x310 (size before relaxing)
 .debug_str     0x000000000000128e       0x36 ../nios_test_bsp/\libhal_bsp.a(alt_open.o)
                                        0x245 (size before relaxing)
 .debug_str     0x00000000000012c4       0x28 ../nios_test_bsp/\libhal_bsp.a(alt_release_fd.o)
                                        0x1cd (size before relaxing)
 .debug_str     0x00000000000012ec       0x3b ../nios_test_bsp/\libhal_bsp.a(altera_nios2_gen2_irq.o)
                                        0x156 (size before relaxing)
 .debug_str     0x0000000000001327       0x24 ../nios_test_bsp/\libhal_bsp.a(alt_find_dev.o)
                                        0x1e6 (size before relaxing)
 .debug_str     0x000000000000134b       0x26 ../nios_test_bsp/\libhal_bsp.a(alt_find_file.o)
                                        0x1f4 (size before relaxing)
 .debug_str     0x0000000000001371       0x30 ../nios_test_bsp/\libhal_bsp.a(alt_get_fd.o)
                                        0x216 (size before relaxing)
 .debug_str     0x00000000000013a1       0x2c ../nios_test_bsp/\libhal_bsp.a(alt_icache_flush.o)
                                        0x155 (size before relaxing)
 .debug_str     0x00000000000013cd       0x44 d:/program_d/ntelfpga/18.1/nios2eds/bin/gnu/h-x86_64-mingw32/bin/../lib/gcc/nios2-elf/5.3.0/../../../../../H-x86_64-mingw32/nios2-elf/lib/mhw-mulx\libsmallc.a(lib_a-memcmp.o)
                                        0x1db (size before relaxing)

.debug_loc      0x0000000000000000     0x1193
 *(.debug_loc)
 .debug_loc     0x0000000000000000       0xc6 d:/program_d/ntelfpga/18.1/nios2eds/bin/gnu/h-x86_64-mingw32/bin/../lib/gcc/nios2-elf/5.3.0/../../../../../H-x86_64-mingw32/nios2-elf/lib/mhw-mulx\libsmallc.a(lib_a-printf.o)
 .debug_loc     0x00000000000000c6       0x97 d:/program_d/ntelfpga/18.1/nios2eds/bin/gnu/h-x86_64-mingw32/bin/../lib/gcc/nios2-elf/5.3.0/../../../../../H-x86_64-mingw32/nios2-elf/lib/mhw-mulx\libsmallc.a(lib_a-puts.o)
 .debug_loc     0x000000000000015d       0x1e d:/program_d/ntelfpga/18.1/nios2eds/bin/gnu/h-x86_64-mingw32/bin/../lib/gcc/nios2-elf/5.3.0/../../../../../H-x86_64-mingw32/nios2-elf/lib/mhw-mulx\libsmallc.a(lib_a-strlen.o)
 .debug_loc     0x000000000000017b      0x901 d:/program_d/ntelfpga/18.1/nios2eds/bin/gnu/h-x86_64-mingw32/bin/../lib/gcc/nios2-elf/5.3.0/../../../../../H-x86_64-mingw32/nios2-elf/lib/mhw-mulx\libsmallc.a(lib_a-vfprintf.o)
 .debug_loc     0x0000000000000a7c      0x110 d:/program_d/ntelfpga/18.1/nios2eds/bin/gnu/h-x86_64-mingw32/bin/../lib/gcc/nios2-elf/5.3.0/../../../../../H-x86_64-mingw32/nios2-elf/lib/mhw-mulx\libsmallc.a(lib_a-fvwrite_small_dev.o)
 .debug_loc     0x0000000000000b8c       0xa5 d:/program_d/ntelfpga/18.1/nios2eds/bin/gnu/h-x86_64-mingw32/bin/../lib/gcc/nios2-elf/5.3.0/../../../../../H-x86_64-mingw32/nios2-elf/lib/mhw-mulx\libsmallc.a(lib_a-writer.o)
 .debug_loc     0x0000000000000c31      0x4ce d:/program_d/ntelfpga/18.1/nios2eds/bin/gnu/h-x86_64-mingw32/bin/../lib/gcc/nios2-elf/5.3.0/mhw-mulx\libgcc.a(lib2-divmod.o)
 .debug_loc     0x00000000000010ff       0x94 d:/program_d/ntelfpga/18.1/nios2eds/bin/gnu/h-x86_64-mingw32/bin/../lib/gcc/nios2-elf/5.3.0/../../../../../H-x86_64-mingw32/nios2-elf/lib/mhw-mulx\libsmallc.a(lib_a-memcmp.o)

.debug_macinfo
 *(.debug_macinfo)

.debug_weaknames
 *(.debug_weaknames)

.debug_funcnames
 *(.debug_funcnames)

.debug_typenames
 *(.debug_typenames)

.debug_varnames
 *(.debug_varnames)

.debug_alt_sim_info
                0x0000000000000000       0x20
 *(.debug_alt_sim_info)
 .debug_alt_sim_info
                0x0000000000000000       0x20 ../nios_test_bsp//obj/HAL/src/crt0.o
                0x000000001000a000                __alt_data_end = 0x1000a000
                0x000000001000a000                PROVIDE (__alt_stack_pointer, __alt_data_end)
                [!provide]                        PROVIDE (__alt_stack_limit, __alt_stack_base)
                [!provide]                        PROVIDE (__alt_heap_start, end)
                [!provide]                        PROVIDE (__alt_heap_limit, 0x1000a000)
OUTPUT(nios_test.elf elf32-littlenios2)

.debug_ranges   0x0000000000000000      0x1c8
 .debug_ranges  0x0000000000000000       0x18 d:/program_d/ntelfpga/18.1/nios2eds/bin/gnu/h-x86_64-mingw32/bin/../lib/gcc/nios2-elf/5.3.0/../../../../../H-x86_64-mingw32/nios2-elf/lib/mhw-mulx\libsmallc.a(lib_a-printf.o)
 .debug_ranges  0x0000000000000018       0x18 d:/program_d/ntelfpga/18.1/nios2eds/bin/gnu/h-x86_64-mingw32/bin/../lib/gcc/nios2-elf/5.3.0/../../../../../H-x86_64-mingw32/nios2-elf/lib/mhw-mulx\libsmallc.a(lib_a-puts.o)
 .debug_ranges  0x0000000000000030       0x10 d:/program_d/ntelfpga/18.1/nios2eds/bin/gnu/h-x86_64-mingw32/bin/../lib/gcc/nios2-elf/5.3.0/../../../../../H-x86_64-mingw32/nios2-elf/lib/mhw-mulx\libsmallc.a(lib_a-strlen.o)
 .debug_ranges  0x0000000000000040       0xc8 d:/program_d/ntelfpga/18.1/nios2eds/bin/gnu/h-x86_64-mingw32/bin/../lib/gcc/nios2-elf/5.3.0/../../../../../H-x86_64-mingw32/nios2-elf/lib/mhw-mulx\libsmallc.a(lib_a-vfprintf.o)
 .debug_ranges  0x0000000000000108       0x28 d:/program_d/ntelfpga/18.1/nios2eds/bin/gnu/h-x86_64-mingw32/bin/../lib/gcc/nios2-elf/5.3.0/../../../../../H-x86_64-mingw32/nios2-elf/lib/mhw-mulx\libsmallc.a(lib_a-fvwrite_small_dev.o)
 .debug_ranges  0x0000000000000130       0x10 d:/program_d/ntelfpga/18.1/nios2eds/bin/gnu/h-x86_64-mingw32/bin/../lib/gcc/nios2-elf/5.3.0/../../../../../H-x86_64-mingw32/nios2-elf/lib/mhw-mulx\libsmallc.a(lib_a-writer.o)
 .debug_ranges  0x0000000000000140       0x60 d:/program_d/ntelfpga/18.1/nios2eds/bin/gnu/h-x86_64-mingw32/bin/../lib/gcc/nios2-elf/5.3.0/mhw-mulx\libgcc.a(lib2-divmod.o)
 .debug_ranges  0x00000000000001a0       0x18 ../nios_test_bsp/\libhal_bsp.a(altera_avalon_jtag_uart_read.o)
 .debug_ranges  0x00000000000001b8       0x10 d:/program_d/ntelfpga/18.1/nios2eds/bin/gnu/h-x86_64-mingw32/bin/../lib/gcc/nios2-elf/5.3.0/../../../../../H-x86_64-mingw32/nios2-elf/lib/mhw-mulx\libsmallc.a(lib_a-memcmp.o)
