Archive member included to satisfy reference by file (symbol)

d:/program_d/ntelfpga/18.1/nios2eds/bin/gnu/h-x86_64-mingw32/bin/../lib/gcc/nios2-elf/5.3.0/../../../../../H-x86_64-mingw32/nios2-elf/lib/mhw-mulx\libsmallc.a(lib_a-printf.o)
                              obj/default/hello_world.o (printf)
d:/program_d/ntelfpga/18.1/nios2eds/bin/gnu/h-x86_64-mingw32/bin/../lib/gcc/nios2-elf/5.3.0/../../../../../H-x86_64-mingw32/nios2-elf/lib/mhw-mulx\libsmallc.a(lib_a-puts.o)
                              obj/default/hello_world.o (puts)
d:/program_d/ntelfpga/18.1/nios2eds/bin/gnu/h-x86_64-mingw32/bin/../lib/gcc/nios2-elf/5.3.0/../../../../../H-x86_64-mingw32/nios2-elf/lib/mhw-mulx\libsmallc.a(lib_a-strlen.o)
                              d:/program_d/ntelfpga/18.1/nios2eds/bin/gnu/h-x86_64-mingw32/bin/../lib/gcc/nios2-elf/5.3.0/../../../../../H-x86_64-mingw32/nios2-elf/lib/mhw-mulx\libsmallc.a(lib_a-puts.o) (strlen)
d:/program_d/ntelfpga/18.1/nios2eds/bin/gnu/h-x86_64-mingw32/bin/../lib/gcc/nios2-elf/5.3.0/../../../../../H-x86_64-mingw32/nios2-elf/lib/mhw-mulx\libsmallc.a(lib_a-vfprintf.o)
                              d:/program_d/ntelfpga/18.1/nios2eds/bin/gnu/h-x86_64-mingw32/bin/../lib/gcc/nios2-elf/5.3.0/../../../../../H-x86_64-mingw32/nios2-elf/lib/mhw-mulx\libsmallc.a(lib_a-printf.o) (___vfprintf_internal_r)
d:/program_d/ntelfpga/18.1/nios2eds/bin/gnu/h-x86_64-mingw32/bin/../lib/gcc/nios2-elf/5.3.0/../../../../../H-x86_64-mingw32/nios2-elf/lib/mhw-mulx\libsmallc.a(lib_a-fvwrite_small_dev.o)
                              d:/program_d/ntelfpga/18.1/nios2eds/bin/gnu/h-x86_64-mingw32/bin/../lib/gcc/nios2-elf/5.3.0/../../../../../H-x86_64-mingw32/nios2-elf/lib/mhw-mulx\libsmallc.a(lib_a-printf.o) (__sfvwrite_small_dev)
d:/program_d/ntelfpga/18.1/nios2eds/bin/gnu/h-x86_64-mingw32/bin/../lib/gcc/nios2-elf/5.3.0/../../../../../H-x86_64-mingw32/nios2-elf/lib/mhw-mulx\libsmallc.a(lib_a-impure.o)
                              d:/program_d/ntelfpga/18.1/nios2eds/bin/gnu/h-x86_64-mingw32/bin/../lib/gcc/nios2-elf/5.3.0/../../../../../H-x86_64-mingw32/nios2-elf/lib/mhw-mulx\libsmallc.a(lib_a-printf.o) (_impure_ptr)
d:/program_d/ntelfpga/18.1/nios2eds/bin/gnu/h-x86_64-mingw32/bin/../lib/gcc/nios2-elf/5.3.0/../../../../../H-x86_64-mingw32/nios2-elf/lib/mhw-mulx\libsmallc.a(lib_a-writer.o)
                              d:/program_d/ntelfpga/18.1/nios2eds/bin/gnu/h-x86_64-mingw32/bin/../lib/gcc/nios2-elf/5.3.0/../../../../../H-x86_64-mingw32/nios2-elf/lib/mhw-mulx\libsmallc.a(lib_a-fvwrite_small_dev.o) (_write_r)
d:/program_d/ntelfpga/18.1/nios2eds/bin/gnu/h-x86_64-mingw32/bin/../lib/gcc/nios2-elf/5.3.0/../../../../../H-x86_64-mingw32/nios2-elf/lib/mhw-mulx\libsmallc.a(lib_a-int_errno.o)
                              d:/program_d/ntelfpga/18.1/nios2eds/bin/gnu/h-x86_64-mingw32/bin/../lib/gcc/nios2-elf/5.3.0/../../../../../H-x86_64-mingw32/nios2-elf/lib/mhw-mulx\libsmallc.a(lib_a-writer.o) (errno)
d:/program_d/ntelfpga/18.1/nios2eds/bin/gnu/h-x86_64-mingw32/bin/../lib/gcc/nios2-elf/5.3.0/mhw-mulx\libgcc.a(lib2-divmod.o)
                              d:/program_d/ntelfpga/18.1/nios2eds/bin/gnu/h-x86_64-mingw32/bin/../lib/gcc/nios2-elf/5.3.0/../../../../../H-x86_64-mingw32/nios2-elf/lib/mhw-mulx\libsmallc.a(lib_a-vfprintf.o) (__udivsi3)
../nios_test_bsp/\libhal_bsp.a(alt_load.o)
                              ../nios_test_bsp//obj/HAL/src/crt0.o (alt_load)
../nios_test_bsp/\libhal_bsp.a(alt_main.o)
                              ../nios_test_bsp//obj/HAL/src/crt0.o (alt_main)
../nios_test_bsp/\libhal_bsp.a(alt_write.o)
                              d:/program_d/ntelfpga/18.1/nios2eds/bin/gnu/h-x86_64-mingw32/bin/../lib/gcc/nios2-elf/5.3.0/../../../../../H-x86_64-mingw32/nios2-elf/lib/mhw-mulx\libsmallc.a(lib_a-writer.o) (write)
../nios_test_bsp/\libhal_bsp.a(alt_sys_init.o)
                              ../nios_test_bsp/\libhal_bsp.a(alt_main.o) (alt_irq_init)
../nios_test_bsp/\libhal_bsp.a(altera_avalon_jtag_uart_fd.o)
                              ../nios_test_bsp/\libhal_bsp.a(alt_sys_init.o) (altera_avalon_jtag_uart_read_fd)
../nios_test_bsp/\libhal_bsp.a(altera_avalon_jtag_uart_read.o)
                              ../nios_test_bsp/\libhal_bsp.a(altera_avalon_jtag_uart_fd.o) (altera_avalon_jtag_uart_read)
../nios_test_bsp/\libhal_bsp.a(altera_avalon_jtag_uart_write.o)
                              ../nios_test_bsp/\libhal_bsp.a(altera_avalon_jtag_uart_fd.o) (altera_avalon_jtag_uart_write)
../nios_test_bsp/\libhal_bsp.a(altera_avalon_uart_fd.o)
                              ../nios_test_bsp/\libhal_bsp.a(alt_sys_init.o) (altera_avalon_uart_read_fd)
../nios_test_bsp/\libhal_bsp.a(altera_avalon_uart_read.o)
                              ../nios_test_bsp/\libhal_bsp.a(altera_avalon_uart_fd.o) (altera_avalon_uart_read)
../nios_test_bsp/\libhal_bsp.a(altera_avalon_uart_write.o)
                              ../nios_test_bsp/\libhal_bsp.a(altera_avalon_uart_fd.o) (altera_avalon_uart_write)
../nios_test_bsp/\libhal_bsp.a(alt_close.o)
                              ../nios_test_bsp/\libhal_bsp.a(alt_main.o) (close)
../nios_test_bsp/\libhal_bsp.a(alt_dcache_flush_all.o)
                              ../nios_test_bsp/\libhal_bsp.a(alt_load.o) (alt_dcache_flush_all)
../nios_test_bsp/\libhal_bsp.a(alt_dev.o)
                              ../nios_test_bsp/\libhal_bsp.a(alt_sys_init.o) (alt_dev_list)
../nios_test_bsp/\libhal_bsp.a(alt_dev_llist_insert.o)
                              ../nios_test_bsp/\libhal_bsp.a(alt_sys_init.o) (alt_dev_llist_insert)
../nios_test_bsp/\libhal_bsp.a(alt_errno.o)
                              ../nios_test_bsp/\libhal_bsp.a(alt_write.o) (alt_errno)
../nios_test_bsp/\libhal_bsp.a(alt_exit.o)
                              ../nios_test_bsp/\libhal_bsp.a(alt_main.o) (_exit)
../nios_test_bsp/\libhal_bsp.a(alt_icache_flush_all.o)
                              ../nios_test_bsp/\libhal_bsp.a(alt_load.o) (alt_icache_flush_all)
../nios_test_bsp/\libhal_bsp.a(alt_io_redirect.o)
                              ../nios_test_bsp/\libhal_bsp.a(alt_main.o) (alt_io_redirect)
../nios_test_bsp/\libhal_bsp.a(alt_open.o)
                              ../nios_test_bsp/\libhal_bsp.a(alt_io_redirect.o) (open)
../nios_test_bsp/\libhal_bsp.a(alt_release_fd.o)
                              ../nios_test_bsp/\libhal_bsp.a(alt_close.o) (alt_release_fd)
../nios_test_bsp/\libhal_bsp.a(altera_nios2_gen2_irq.o)
                              ../nios_test_bsp/\libhal_bsp.a(alt_sys_init.o) (altera_nios2_gen2_irq_init)
../nios_test_bsp/\libhal_bsp.a(alt_find_dev.o)
                              ../nios_test_bsp/\libhal_bsp.a(alt_open.o) (alt_find_dev)
../nios_test_bsp/\libhal_bsp.a(alt_find_file.o)
                              ../nios_test_bsp/\libhal_bsp.a(alt_open.o) (alt_find_file)
../nios_test_bsp/\libhal_bsp.a(alt_get_fd.o)
                              ../nios_test_bsp/\libhal_bsp.a(alt_open.o) (alt_get_fd)
../nios_test_bsp/\libhal_bsp.a(alt_icache_flush.o)
                              ../nios_test_bsp/\libhal_bsp.a(alt_icache_flush_all.o) (alt_icache_flush)
d:/program_d/ntelfpga/18.1/nios2eds/bin/gnu/h-x86_64-mingw32/bin/../lib/gcc/nios2-elf/5.3.0/../../../../../H-x86_64-mingw32/nios2-elf/lib/mhw-mulx\libsmallc.a(lib_a-memcmp.o)
                              ../nios_test_bsp/\libhal_bsp.a(alt_find_dev.o) (memcmp)

Allocating common symbols
Common symbol       size              file

errno               0x4               d:/program_d/ntelfpga/18.1/nios2eds/bin/gnu/h-x86_64-mingw32/bin/../lib/gcc/nios2-elf/5.3.0/../../../../../H-x86_64-mingw32/nios2-elf/lib/mhw-mulx\libsmallc.a(lib_a-int_errno.o)

Memory Configuration

Name             Origin             Length             Attributes
epcs_flash_controller_0 0x0000000000000000 0x0000000000000800
reset            0x0000000010000000 0x0000000000000020
ram              0x0000000010000020 0x0000000000009fe0
sdram_0          0x0000000020000000 0x0000000000800000
sdram_1          0x0000000020800000 0x0000000000800000
*default*        0x0000000000000000 0xffffffffffffffff

Linker script and memory map

LOAD ../nios_test_bsp//obj/HAL/src/crt0.o
LOAD obj/default/hello_world.o
LOAD d:/program_d/ntelfpga/18.1/nios2eds/bin/gnu/h-x86_64-mingw32/bin/../lib/gcc/nios2-elf/5.3.0/../../../../../H-x86_64-mingw32/nios2-elf/lib/mhw-mulx\libstdc++.a
LOAD d:/program_d/ntelfpga/18.1/nios2eds/bin/gnu/h-x86_64-mingw32/bin/../lib/gcc/nios2-elf/5.3.0/../../../../../H-x86_64-mingw32/nios2-elf/lib/mhw-mulx\libm.a
LOAD d:/program_d/ntelfpga/18.1/nios2eds/bin/gnu/h-x86_64-mingw32/bin/../lib/gcc/nios2-elf/5.3.0/mhw-mulx\libgcc.a
START GROUP
LOAD d:/program_d/ntelfpga/18.1/nios2eds/bin/gnu/h-x86_64-mingw32/bin/../lib/gcc/nios2-elf/5.3.0/../../../../../H-x86_64-mingw32/nios2-elf/lib/mhw-mulx\libsmallc.a
LOAD d:/program_d/ntelfpga/18.1/nios2eds/bin/gnu/h-x86_64-mingw32/bin/../lib/gcc/nios2-elf/5.3.0/mhw-mulx\libgcc.a
LOAD ../nios_test_bsp/\libhal_bsp.a
LOAD d:/program_d/ntelfpga/18.1/nios2eds/bin/gnu/h-x86_64-mingw32/bin/../lib/gcc/nios2-elf/5.3.0/../../../../../H-x86_64-mingw32/nios2-elf/lib/mhw-mulx\libm.a
END GROUP
LOAD d:/program_d/ntelfpga/18.1/nios2eds/bin/gnu/h-x86_64-mingw32/bin/../lib/gcc/nios2-elf/5.3.0/mhw-mulx\libgcc.a
                0x0000000000000000                __alt_mem_epcs_flash_controller_0 = 0x0
                0x0000000010000000                __alt_mem_ram = 0x10000000
                0x0000000020000000                __alt_mem_sdram_0 = 0x20000000
                0x0000000020800000                __alt_mem_sdram_1 = 0x20800000

.entry          0x0000000010000000       0x20
 *(.entry)
 .entry         0x0000000010000000       0x20 ../nios_test_bsp//obj/HAL/src/crt0.o
                0x0000000010000000                __reset

.exceptions     0x0000000010000020        0x0
                0x0000000010000020                PROVIDE (__ram_exceptions_start, ABSOLUTE (.))
                0x0000000010000020                . = ALIGN (0x20)
 *(.irq)
 *(.exceptions.entry.label)
 *(.exceptions.entry.user)
 *(.exceptions.entry.ecc_fatal)
 *(.exceptions.entry)
 *(.exceptions.irqtest.user)
 *(.exceptions.irqtest)
 *(.exceptions.irqhandler.user)
 *(.exceptions.irqhandler)
 *(.exceptions.irqreturn.user)
 *(.exceptions.irqreturn)
 *(.exceptions.notirq.label)
 *(.exceptions.notirq.user)
 *(.exceptions.notirq)
 *(.exceptions.soft.user)
 *(.exceptions.soft)
 *(.exceptions.unknown.user)
 *(.exceptions.unknown)
 *(.exceptions.exit.label)
 *(.exceptions.exit.user)
 *(.exceptions.exit)
 *(.exceptions)
                0x0000000010000020                PROVIDE (__ram_exceptions_end, ABSOLUTE (.))
                0x0000000010000020                PROVIDE (__flash_exceptions_start, LOADADDR (.exceptions))

.text           0x0000000010000020     0x1e68
                [!provide]                        PROVIDE (stext, ABSOLUTE (.))
 *(.interp)
 *(.hash)
 *(.dynsym)
 *(.dynstr)
 *(.gnu.version)
 *(.gnu.version_d)
 *(.gnu.version_r)
 *(.rel.init)
 *(.rela.init)
 *(.rel.text .rel.text.* .rel.gnu.linkonce.t.*)
 *(.rela.text .rela.text.* .rela.gnu.linkonce.t.*)
 *(.rel.fini)
 *(.rela.fini)
 *(.rel.rodata .rel.rodata.* .rel.gnu.linkonce.r.*)
 *(.rela.rodata .rela.rodata.* .rela.gnu.linkonce.r.*)
 *(.rel.data .rel.data.* .rel.gnu.linkonce.d.*)
 *(.rela.data .rela.data.* .rela.gnu.linkonce.d.*)
 *(.rel.tdata .rel.tdata.* .rel.gnu.linkonce.td.*)
 *(.rela.tdata .rela.tdata.* .rela.gnu.linkonce.td.*)
 *(.rel.tbss .rel.tbss.* .rel.gnu.linkonce.tb.*)
 *(.rela.tbss .rela.tbss.* .rela.gnu.linkonce.tb.*)
 *(.rel.ctors)
 *(.rela.ctors)
 *(.rel.dtors)
 *(.rela.dtors)
 *(.rel.got)
 *(.rela.got)
 *(.rel.sdata .rel.sdata.* .rel.gnu.linkonce.s.*)
 *(.rela.sdata .rela.sdata.* .rela.gnu.linkonce.s.*)
 *(.rel.sbss .rel.sbss.* .rel.gnu.linkonce.sb.*)
 *(.rela.sbss .rela.sbss.* .rela.gnu.linkonce.sb.*)
 *(.rel.sdata2 .rel.sdata2.* .rel.gnu.linkonce.s2.*)
 *(.rela.sdata2 .rela.sdata2.* .rela.gnu.linkonce.s2.*)
 *(.rel.sbss2 .rel.sbss2.* .rel.gnu.linkonce.sb2.*)
 *(.rela.sbss2 .rela.sbss2.* .rela.gnu.linkonce.sb2.*)
 *(.rel.bss .rel.bss.* .rel.gnu.linkonce.b.*)
 *(.rela.bss .rela.bss.* .rela.gnu.linkonce.b.*)
 *(.rel.plt)
 *(.rela.plt)
 *(.rel.dyn)
 *(.init)
 *(.plt)
 *(.text .stub .text.* .gnu.linkonce.t.*)
 .text          0x0000000010000020       0x1c ../nios_test_bsp//obj/HAL/src/crt0.o
                0x0000000010000020                _start
 .text          0x000000001000003c      0x268 obj/default/hello_world.o
                0x000000001000003c                sdram_test
                0x0000000010000198                delay
                0x0000000010000204                main
 .text          0x00000000100002a4        0x0 d:/program_d/ntelfpga/18.1/nios2eds/bin/gnu/h-x86_64-mingw32/bin/../lib/gcc/nios2-elf/5.3.0/../../../../../H-x86_64-mingw32/nios2-elf/lib/mhw-mulx\libsmallc.a(lib_a-printf.o)
 .text._printf_r
                0x00000000100002a4       0x3c d:/program_d/ntelfpga/18.1/nios2eds/bin/gnu/h-x86_64-mingw32/bin/../lib/gcc/nios2-elf/5.3.0/../../../../../H-x86_64-mingw32/nios2-elf/lib/mhw-mulx\libsmallc.a(lib_a-printf.o)
                0x00000000100002a4                _printf_r
 .text.printf   0x00000000100002e0       0x4c d:/program_d/ntelfpga/18.1/nios2eds/bin/gnu/h-x86_64-mingw32/bin/../lib/gcc/nios2-elf/5.3.0/../../../../../H-x86_64-mingw32/nios2-elf/lib/mhw-mulx\libsmallc.a(lib_a-printf.o)
                0x00000000100002e0                printf
 .text          0x000000001000032c        0x0 d:/program_d/ntelfpga/18.1/nios2eds/bin/gnu/h-x86_64-mingw32/bin/../lib/gcc/nios2-elf/5.3.0/../../../../../H-x86_64-mingw32/nios2-elf/lib/mhw-mulx\libsmallc.a(lib_a-puts.o)
 .text._puts_r  0x000000001000032c       0x80 d:/program_d/ntelfpga/18.1/nios2eds/bin/gnu/h-x86_64-mingw32/bin/../lib/gcc/nios2-elf/5.3.0/../../../../../H-x86_64-mingw32/nios2-elf/lib/mhw-mulx\libsmallc.a(lib_a-puts.o)
                0x000000001000032c                _puts_r
 .text.puts     0x00000000100003ac       0x14 d:/program_d/ntelfpga/18.1/nios2eds/bin/gnu/h-x86_64-mingw32/bin/../lib/gcc/nios2-elf/5.3.0/../../../../../H-x86_64-mingw32/nios2-elf/lib/mhw-mulx\libsmallc.a(lib_a-puts.o)
                0x00000000100003ac                puts
 .text          0x00000000100003c0        0x0 d:/program_d/ntelfpga/18.1/nios2eds/bin/gnu/h-x86_64-mingw32/bin/../lib/gcc/nios2-elf/5.3.0/../../../../../H-x86_64-mingw32/nios2-elf/lib/mhw-mulx\libsmallc.a(lib_a-strlen.o)
 .text.strlen   0x00000000100003c0       0x1c d:/program_d/ntelfpga/18.1/nios2eds/bin/gnu/h-x86_64-mingw32/bin/../lib/gcc/nios2-elf/5.3.0/../../../../../H-x86_64-mingw32/nios2-elf/lib/mhw-mulx\libsmallc.a(lib_a-strlen.o)
                0x00000000100003c0                strlen
 .text          0x00000000100003dc        0x0 d:/program_d/ntelfpga/18.1/nios2eds/bin/gnu/h-x86_64-mingw32/bin/../lib/gcc/nios2-elf/5.3.0/../../../../../H-x86_64-mingw32/nios2-elf/lib/mhw-mulx\libsmallc.a(lib_a-vfprintf.o)
 .text.print_repeat
                0x00000000100003dc       0x6c d:/program_d/ntelfpga/18.1/nios2eds/bin/gnu/h-x86_64-mingw32/bin/../lib/gcc/nios2-elf/5.3.0/../../../../../H-x86_64-mingw32/nios2-elf/lib/mhw-mulx\libsmallc.a(lib_a-vfprintf.o)
 .text.___vfprintf_internal_r
                0x0000000010000448      0x524 d:/program_d/ntelfpga/18.1/nios2eds/bin/gnu/h-x86_64-mingw32/bin/../lib/gcc/nios2-elf/5.3.0/../../../../../H-x86_64-mingw32/nios2-elf/lib/mhw-mulx\libsmallc.a(lib_a-vfprintf.o)
                0x0000000010000448                ___vfprintf_internal_r
 .text.__vfprintf_internal
                0x000000001000096c       0x1c d:/program_d/ntelfpga/18.1/nios2eds/bin/gnu/h-x86_64-mingw32/bin/../lib/gcc/nios2-elf/5.3.0/../../../../../H-x86_64-mingw32/nios2-elf/lib/mhw-mulx\libsmallc.a(lib_a-vfprintf.o)
                0x000000001000096c                __vfprintf_internal
 .text          0x0000000010000988        0x0 d:/program_d/ntelfpga/18.1/nios2eds/bin/gnu/h-x86_64-mingw32/bin/../lib/gcc/nios2-elf/5.3.0/../../../../../H-x86_64-mingw32/nios2-elf/lib/mhw-mulx\libsmallc.a(lib_a-fvwrite_small_dev.o)
 .text.__sfvwrite_small_dev
                0x0000000010000988       0xb8 d:/program_d/ntelfpga/18.1/nios2eds/bin/gnu/h-x86_64-mingw32/bin/../lib/gcc/nios2-elf/5.3.0/../../../../../H-x86_64-mingw32/nios2-elf/lib/mhw-mulx\libsmallc.a(lib_a-fvwrite_small_dev.o)
                0x0000000010000988                __sfvwrite_small_dev
 .text          0x0000000010000a40        0x0 d:/program_d/ntelfpga/18.1/nios2eds/bin/gnu/h-x86_64-mingw32/bin/../lib/gcc/nios2-elf/5.3.0/../../../../../H-x86_64-mingw32/nios2-elf/lib/mhw-mulx\libsmallc.a(lib_a-impure.o)
 .text          0x0000000010000a40        0x0 d:/program_d/ntelfpga/18.1/nios2eds/bin/gnu/h-x86_64-mingw32/bin/../lib/gcc/nios2-elf/5.3.0/../../../../../H-x86_64-mingw32/nios2-elf/lib/mhw-mulx\libsmallc.a(lib_a-writer.o)
 .text._write_r
                0x0000000010000a40       0x58 d:/program_d/ntelfpga/18.1/nios2eds/bin/gnu/h-x86_64-mingw32/bin/../lib/gcc/nios2-elf/5.3.0/../../../../../H-x86_64-mingw32/nios2-elf/lib/mhw-mulx\libsmallc.a(lib_a-writer.o)
                0x0000000010000a40                _write_r
 .text          0x0000000010000a98        0x0 d:/program_d/ntelfpga/18.1/nios2eds/bin/gnu/h-x86_64-mingw32/bin/../lib/gcc/nios2-elf/5.3.0/../../../../../H-x86_64-mingw32/nios2-elf/lib/mhw-mulx\libsmallc.a(lib_a-int_errno.o)
 .text          0x0000000010000a98      0x1b4 d:/program_d/ntelfpga/18.1/nios2eds/bin/gnu/h-x86_64-mingw32/bin/../lib/gcc/nios2-elf/5.3.0/mhw-mulx\libgcc.a(lib2-divmod.o)
                0x0000000010000a98                __divsi3
                0x0000000010000b1c                __modsi3
                0x0000000010000b90                __udivsi3
                0x0000000010000bf4                __umodsi3
 .text          0x0000000010000c4c       0xec ../nios_test_bsp/\libhal_bsp.a(alt_load.o)
                0x0000000010000cb4                alt_load
 .text          0x0000000010000d38       0x6c ../nios_test_bsp/\libhal_bsp.a(alt_main.o)
                0x0000000010000d38                alt_main
 .text          0x0000000010000da4      0x134 ../nios_test_bsp/\libhal_bsp.a(alt_write.o)
                0x0000000010000de0                write
 .text          0x0000000010000ed8       0xb4 ../nios_test_bsp/\libhal_bsp.a(alt_sys_init.o)
                0x0000000010000f0c                alt_irq_init
                0x0000000010000f44                alt_sys_init
 .text          0x0000000010000f8c       0xc0 ../nios_test_bsp/\libhal_bsp.a(altera_avalon_jtag_uart_fd.o)
                0x0000000010000f8c                altera_avalon_jtag_uart_read_fd
                0x0000000010000fec                altera_avalon_jtag_uart_write_fd
 .text          0x000000001000104c       0xec ../nios_test_bsp/\libhal_bsp.a(altera_avalon_jtag_uart_read.o)
                0x000000001000104c                altera_avalon_jtag_uart_read
 .text          0x0000000010001138       0x94 ../nios_test_bsp/\libhal_bsp.a(altera_avalon_jtag_uart_write.o)
                0x0000000010001138                altera_avalon_jtag_uart_write
 .text          0x00000000100011cc       0xc0 ../nios_test_bsp/\libhal_bsp.a(altera_avalon_uart_fd.o)
                0x00000000100011cc                altera_avalon_uart_read_fd
                0x000000001000122c                altera_avalon_uart_write_fd
 .text          0x000000001000128c      0x100 ../nios_test_bsp/\libhal_bsp.a(altera_avalon_uart_read.o)
                0x00000000100012c8                altera_avalon_uart_read
 .text          0x000000001000138c      0x11c ../nios_test_bsp/\libhal_bsp.a(altera_avalon_uart_write.o)
                0x00000000100013c8                altera_avalon_uart_write
 .text          0x00000000100014a8      0x10c ../nios_test_bsp/\libhal_bsp.a(alt_close.o)
                0x00000000100014e4                close
 .text          0x00000000100015b4       0x48 ../nios_test_bsp/\libhal_bsp.a(alt_dcache_flush_all.o)
                0x00000000100015b4                alt_dcache_flush_all
 .text          0x00000000100015fc       0x2c ../nios_test_bsp/\libhal_bsp.a(alt_dev.o)
 .text          0x0000000010001628       0xe0 ../nios_test_bsp/\libhal_bsp.a(alt_dev_llist_insert.o)
                0x0000000010001664                alt_dev_llist_insert
 .text          0x0000000010001708        0x0 ../nios_test_bsp/\libhal_bsp.a(alt_errno.o)
 .text          0x0000000010001708       0x34 ../nios_test_bsp/\libhal_bsp.a(alt_exit.o)
                0x0000000010001708                _exit
 .text          0x000000001000173c       0x34 ../nios_test_bsp/\libhal_bsp.a(alt_icache_flush_all.o)
                0x000000001000173c                alt_icache_flush_all
 .text          0x0000000010001770      0x140 ../nios_test_bsp/\libhal_bsp.a(alt_io_redirect.o)
                0x0000000010001834                alt_io_redirect
 .text          0x00000000100018b0      0x254 ../nios_test_bsp/\libhal_bsp.a(alt_open.o)
                0x00000000100019b0                open
 .text          0x0000000010001b04       0x64 ../nios_test_bsp/\libhal_bsp.a(alt_release_fd.o)
                0x0000000010001b04                alt_release_fd
 .text          0x0000000010001b68       0x24 ../nios_test_bsp/\libhal_bsp.a(altera_nios2_gen2_irq.o)
                0x0000000010001b68                altera_nios2_gen2_irq_init
 .text          0x0000000010001b8c       0x90 ../nios_test_bsp/\libhal_bsp.a(alt_find_dev.o)
                0x0000000010001b8c                alt_find_dev
 .text          0x0000000010001c1c      0x108 ../nios_test_bsp/\libhal_bsp.a(alt_find_file.o)
                0x0000000010001c1c                alt_find_file
 .text          0x0000000010001d24       0xa4 ../nios_test_bsp/\libhal_bsp.a(alt_get_fd.o)
                0x0000000010001d24                alt_get_fd
 .text          0x0000000010001dc8       0x90 ../nios_test_bsp/\libhal_bsp.a(alt_icache_flush.o)
                0x0000000010001dc8                alt_icache_flush
 .text          0x0000000010001e58        0x0 d:/program_d/ntelfpga/18.1/nios2eds/bin/gnu/h-x86_64-mingw32/bin/../lib/gcc/nios2-elf/5.3.0/../../../../../H-x86_64-mingw32/nios2-elf/lib/mhw-mulx\libsmallc.a(lib_a-memcmp.o)
 .text.memcmp   0x0000000010001e58       0x30 d:/program_d/ntelfpga/18.1/nios2eds/bin/gnu/h-x86_64-mingw32/bin/../lib/gcc/nios2-elf/5.3.0/../../../../../H-x86_64-mingw32/nios2-elf/lib/mhw-mulx\libsmallc.a(lib_a-memcmp.o)
                0x0000000010001e58                memcmp
 *(.gnu.warning.*)
 *(.fini)
                [!provide]                        PROVIDE (__etext, ABSOLUTE (.))
                [!provide]                        PROVIDE (_etext, ABSOLUTE (.))
                [!provide]                        PROVIDE (etext, ABSOLUTE (.))
 *(.eh_frame_hdr)
                0x0000000010001e88                . = ALIGN (0x4)
                [!provide]                        PROVIDE (__preinit_array_start, ABSOLUTE (.))
 *(.preinit_array)
                [!provide]                        PROVIDE (__preinit_array_end, ABSOLUTE (.))
                [!provide]                        PROVIDE (__init_array_start, ABSOLUTE (.))
 *(.init_array)
                [!provide]                        PROVIDE (__init_array_end, ABSOLUTE (.))
                [!provide]                        PROVIDE (__fini_array_start, ABSOLUTE (.))
 *(.fini_array)
                [!provide]                        PROVIDE (__fini_array_end, ABSOLUTE (.))
 *(.eh_frame)
 *(.gcc_except_table .gcc_except_table.*)
 *(.dynamic)
                [!provide]                        PROVIDE (__CTOR_LIST__, ABSOLUTE (.))
 *(.ctors)
 *(SORT(.ctors.*))
                [!provide]                        PROVIDE (__CTOR_END__, ABSOLUTE (.))
                [!provide]                        PROVIDE (__DTOR_LIST__, ABSOLUTE (.))
 *(.dtors)
 *(SORT(.dtors.*))
                [!provide]                        PROVIDE (__DTOR_END__, ABSOLUTE (.))
 *(.jcr)
                0x0000000010001e88                . = ALIGN (0x4)

.rodata         0x0000000010001e88       0xc4
                0x0000000010001e88                PROVIDE (__ram_rodata_start, ABSOLUTE (.))
                0x0000000010001e88                . = ALIGN (0x4)
 *(.rodata .rodata.* .gnu.linkonce.r.*)
 .rodata        0x0000000010001e88       0x71 obj/default/hello_world.o
 *fill*         0x0000000010001ef9        0x3 
 .rodata.str1.4
                0x0000000010001efc        0x4 d:/program_d/ntelfpga/18.1/nios2eds/bin/gnu/h-x86_64-mingw32/bin/../lib/gcc/nios2-elf/5.3.0/../../../../../H-x86_64-mingw32/nios2-elf/lib/mhw-mulx\libsmallc.a(lib_a-puts.o)
                                          0x2 (size before relaxing)
 .rodata        0x0000000010001f00       0x1d ../nios_test_bsp/\libhal_bsp.a(alt_main.o)
 *fill*         0x0000000010001f1d        0x3 
 .rodata        0x0000000010001f20       0x20 ../nios_test_bsp/\libhal_bsp.a(alt_sys_init.o)
 .rodata        0x0000000010001f40        0xa ../nios_test_bsp/\libhal_bsp.a(alt_dev.o)
 *(.rodata1)
                0x0000000010001f4c                . = ALIGN (0x4)
 *fill*         0x0000000010001f4a        0x2 
                0x0000000010001f4c                PROVIDE (__ram_rodata_end, ABSOLUTE (.))
                0x0000000010001e88                PROVIDE (__flash_rodata_start, LOADADDR (.rodata))

.rwdata         0x0000000010001f4c      0x300
                0x0000000010001f4c                PROVIDE (__ram_rwdata_start, ABSOLUTE (.))
                0x0000000010001f4c                . = ALIGN (0x4)
 *(.got.plt)
 *(.got)
 *(.data1)
 *(.data .data.* .gnu.linkonce.d.*)
 .data          0x0000000010001f4c        0x0 ../nios_test_bsp//obj/HAL/src/crt0.o
 .data          0x0000000010001f4c        0x0 obj/default/hello_world.o
 .data          0x0000000010001f4c        0x0 d:/program_d/ntelfpga/18.1/nios2eds/bin/gnu/h-x86_64-mingw32/bin/../lib/gcc/nios2-elf/5.3.0/../../../../../H-x86_64-mingw32/nios2-elf/lib/mhw-mulx\libsmallc.a(lib_a-printf.o)
 .data          0x0000000010001f4c        0x0 d:/program_d/ntelfpga/18.1/nios2eds/bin/gnu/h-x86_64-mingw32/bin/../lib/gcc/nios2-elf/5.3.0/../../../../../H-x86_64-mingw32/nios2-elf/lib/mhw-mulx\libsmallc.a(lib_a-puts.o)
 .data          0x0000000010001f4c        0x0 d:/program_d/ntelfpga/18.1/nios2eds/bin/gnu/h-x86_64-mingw32/bin/../lib/gcc/nios2-elf/5.3.0/../../../../../H-x86_64-mingw32/nios2-elf/lib/mhw-mulx\libsmallc.a(lib_a-strlen.o)
 .data          0x0000000010001f4c        0x0 d:/program_d/ntelfpga/18.1/nios2eds/bin/gnu/h-x86_64-mingw32/bin/../lib/gcc/nios2-elf/5.3.0/../../../../../H-x86_64-mingw32/nios2-elf/lib/mhw-mulx\libsmallc.a(lib_a-vfprintf.o)
 .data          0x0000000010001f4c        0x0 d:/program_d/ntelfpga/18.1/nios2eds/bin/gnu/h-x86_64-mingw32/bin/../lib/gcc/nios2-elf/5.3.0/../../../../../H-x86_64-mingw32/nios2-elf/lib/mhw-mulx\libsmallc.a(lib_a-fvwrite_small_dev.o)
 .data          0x0000000010001f4c        0x0 d:/program_d/ntelfpga/18.1/nios2eds/bin/gnu/h-x86_64-mingw32/bin/../lib/gcc/nios2-elf/5.3.0/../../../../../H-x86_64-mingw32/nios2-elf/lib/mhw-mulx\libsmallc.a(lib_a-impure.o)
 .data.impure_data
                0x0000000010001f4c       0xe0 d:/program_d/ntelfpga/18.1/nios2eds/bin/gnu/h-x86_64-mingw32/bin/../lib/gcc/nios2-elf/5.3.0/../../../../../H-x86_64-mingw32/nios2-elf/lib/mhw-mulx\libsmallc.a(lib_a-impure.o)
 .data          0x000000001000202c        0x0 d:/program_d/ntelfpga/18.1/nios2eds/bin/gnu/h-x86_64-mingw32/bin/../lib/gcc/nios2-elf/5.3.0/../../../../../H-x86_64-mingw32/nios2-elf/lib/mhw-mulx\libsmallc.a(lib_a-writer.o)
 .data          0x000000001000202c        0x0 d:/program_d/ntelfpga/18.1/nios2eds/bin/gnu/h-x86_64-mingw32/bin/../lib/gcc/nios2-elf/5.3.0/../../../../../H-x86_64-mingw32/nios2-elf/lib/mhw-mulx\libsmallc.a(lib_a-int_errno.o)
 .data          0x000000001000202c        0x0 d:/program_d/ntelfpga/18.1/nios2eds/bin/gnu/h-x86_64-mingw32/bin/../lib/gcc/nios2-elf/5.3.0/mhw-mulx\libgcc.a(lib2-divmod.o)
 .data          0x000000001000202c        0x0 ../nios_test_bsp/\libhal_bsp.a(alt_load.o)
 .data          0x000000001000202c        0x0 ../nios_test_bsp/\libhal_bsp.a(alt_main.o)
 .data          0x000000001000202c        0x0 ../nios_test_bsp/\libhal_bsp.a(alt_write.o)
 .data          0x000000001000202c       0x58 ../nios_test_bsp/\libhal_bsp.a(alt_sys_init.o)
 .data          0x0000000010002084        0x0 ../nios_test_bsp/\libhal_bsp.a(altera_avalon_jtag_uart_fd.o)
 .data          0x0000000010002084        0x0 ../nios_test_bsp/\libhal_bsp.a(altera_avalon_jtag_uart_read.o)
 .data          0x0000000010002084        0x0 ../nios_test_bsp/\libhal_bsp.a(altera_avalon_jtag_uart_write.o)
 .data          0x0000000010002084        0x0 ../nios_test_bsp/\libhal_bsp.a(altera_avalon_uart_fd.o)
 .data          0x0000000010002084        0x0 ../nios_test_bsp/\libhal_bsp.a(altera_avalon_uart_read.o)
 .data          0x0000000010002084        0x0 ../nios_test_bsp/\libhal_bsp.a(altera_avalon_uart_write.o)
 .data          0x0000000010002084        0x0 ../nios_test_bsp/\libhal_bsp.a(alt_close.o)
 .data          0x0000000010002084        0x0 ../nios_test_bsp/\libhal_bsp.a(alt_dcache_flush_all.o)
 .data          0x0000000010002084      0x1a8 ../nios_test_bsp/\libhal_bsp.a(alt_dev.o)
                0x0000000010002084                alt_dev_null
                0x00000000100020ac                alt_fd_list
 .data          0x000000001000222c        0x0 ../nios_test_bsp/\libhal_bsp.a(alt_dev_llist_insert.o)
 .data          0x000000001000222c        0x0 ../nios_test_bsp/\libhal_bsp.a(alt_errno.o)
 .data          0x000000001000222c        0x0 ../nios_test_bsp/\libhal_bsp.a(alt_exit.o)
 .data          0x000000001000222c        0x0 ../nios_test_bsp/\libhal_bsp.a(alt_icache_flush_all.o)
 .data          0x000000001000222c        0x0 ../nios_test_bsp/\libhal_bsp.a(alt_io_redirect.o)
 .data          0x000000001000222c        0x0 ../nios_test_bsp/\libhal_bsp.a(alt_open.o)
 .data          0x000000001000222c        0x0 ../nios_test_bsp/\libhal_bsp.a(alt_release_fd.o)
 .data          0x000000001000222c        0x0 ../nios_test_bsp/\libhal_bsp.a(altera_nios2_gen2_irq.o)
 .data          0x000000001000222c        0x0 ../nios_test_bsp/\libhal_bsp.a(alt_find_dev.o)
 .data          0x000000001000222c        0x0 ../nios_test_bsp/\libhal_bsp.a(alt_find_file.o)
 .data          0x000000001000222c        0x0 ../nios_test_bsp/\libhal_bsp.a(alt_get_fd.o)
 .data          0x000000001000222c        0x0 ../nios_test_bsp/\libhal_bsp.a(alt_icache_flush.o)
 .data          0x000000001000222c        0x0 d:/program_d/ntelfpga/18.1/nios2eds/bin/gnu/h-x86_64-mingw32/bin/../lib/gcc/nios2-elf/5.3.0/../../../../../H-x86_64-mingw32/nios2-elf/lib/mhw-mulx\libsmallc.a(lib_a-memcmp.o)
                0x000000001000a22c                _gp = ABSOLUTE ((. + 0x8000))
                [!provide]                        PROVIDE (gp, _gp)
 *(.rwdata .rwdata.*)
 *(.sdata .sdata.* .gnu.linkonce.s.*)
 .sdata._global_impure_ptr
                0x000000001000222c        0x4 d:/program_d/ntelfpga/18.1/nios2eds/bin/gnu/h-x86_64-mingw32/bin/../lib/gcc/nios2-elf/5.3.0/../../../../../H-x86_64-mingw32/nios2-elf/lib/mhw-mulx\libsmallc.a(lib_a-impure.o)
                0x000000001000222c                _global_impure_ptr
 .sdata._impure_ptr
                0x0000000010002230        0x4 d:/program_d/ntelfpga/18.1/nios2eds/bin/gnu/h-x86_64-mingw32/bin/../lib/gcc/nios2-elf/5.3.0/../../../../../H-x86_64-mingw32/nios2-elf/lib/mhw-mulx\libsmallc.a(lib_a-impure.o)
                0x0000000010002230                _impure_ptr
 .sdata         0x0000000010002234       0x14 ../nios_test_bsp/\libhal_bsp.a(alt_dev.o)
                0x0000000010002234                alt_fs_list
                0x000000001000223c                alt_dev_list
                0x0000000010002244                alt_max_fd
 .sdata         0x0000000010002248        0x4 ../nios_test_bsp/\libhal_bsp.a(alt_errno.o)
                0x0000000010002248                alt_errno
 *(.sdata2 .sdata2.* .gnu.linkonce.s2.*)
                0x000000001000224c                . = ALIGN (0x4)
                0x000000001000224c                _edata = ABSOLUTE (.)
                [!provide]                        PROVIDE (edata, ABSOLUTE (.))
                0x000000001000224c                PROVIDE (__ram_rwdata_end, ABSOLUTE (.))
                0x0000000010001f4c                PROVIDE (__flash_rwdata_start, LOADADDR (.rwdata))

.bss            0x000000001000224c       0x10
                0x000000001000224c                __bss_start = ABSOLUTE (.)
                [!provide]                        PROVIDE (__sbss_start, ABSOLUTE (.))
                [!provide]                        PROVIDE (___sbss_start, ABSOLUTE (.))
 *(.dynsbss)
 *(.sbss .sbss.* .gnu.linkonce.sb.*)
 .sbss          0x000000001000224c        0x4 d:/program_d/ntelfpga/18.1/nios2eds/bin/gnu/h-x86_64-mingw32/bin/../lib/gcc/nios2-elf/5.3.0/../../../../../H-x86_64-mingw32/nios2-elf/lib/mhw-mulx\libsmallc.a(lib_a-int_errno.o)
                0x000000001000224c                errno
 .sbss          0x0000000010002250        0xc ../nios_test_bsp/\libhal_bsp.a(alt_main.o)
                0x0000000010002250                alt_argc
                0x0000000010002254                alt_argv
                0x0000000010002258                alt_envp
 *(.sbss2 .sbss2.* .gnu.linkonce.sb2.*)
 *(.scommon)
                [!provide]                        PROVIDE (__sbss_end, ABSOLUTE (.))
                [!provide]                        PROVIDE (___sbss_end, ABSOLUTE (.))
 *(.dynbss)
 *(.bss .bss.* .gnu.linkonce.b.*)
 .bss           0x000000001000225c        0x0 ../nios_test_bsp//obj/HAL/src/crt0.o
 .bss           0x000000001000225c        0x0 obj/default/hello_world.o
 .bss           0x000000001000225c        0x0 d:/program_d/ntelfpga/18.1/nios2eds/bin/gnu/h-x86_64-mingw32/bin/../lib/gcc/nios2-elf/5.3.0/../../../../../H-x86_64-mingw32/nios2-elf/lib/mhw-mulx\libsmallc.a(lib_a-printf.o)
 .bss           0x000000001000225c        0x0 d:/program_d/ntelfpga/18.1/nios2eds/bin/gnu/h-x86_64-mingw32/bin/../lib/gcc/nios2-elf/5.3.0/../../../../../H-x86_64-mingw32/nios2-elf/lib/mhw-mulx\libsmallc.a(lib_a-puts.o)
 .bss           0x000000001000225c        0x0 d:/program_d/ntelfpga/18.1/nios2eds/bin/gnu/h-x86_64-mingw32/bin/../lib/gcc/nios2-elf/5.3.0/../../../../../H-x86_64-mingw32/nios2-elf/lib/mhw-mulx\libsmallc.a(lib_a-strlen.o)
 .bss           0x000000001000225c        0x0 d:/program_d/ntelfpga/18.1/nios2eds/bin/gnu/h-x86_64-mingw32/bin/../lib/gcc/nios2-elf/5.3.0/../../../../../H-x86_64-mingw32/nios2-elf/lib/mhw-mulx\libsmallc.a(lib_a-vfprintf.o)
 .bss           0x000000001000225c        0x0 d:/program_d/ntelfpga/18.1/nios2eds/bin/gnu/h-x86_64-mingw32/bin/../lib/gcc/nios2-elf/5.3.0/../../../../../H-x86_64-mingw32/nios2-elf/lib/mhw-mulx\libsmallc.a(lib_a-fvwrite_small_dev.o)
 .bss           0x000000001000225c        0x0 d:/program_d/ntelfpga/18.1/nios2eds/bin/gnu/h-x86_64-mingw32/bin/../lib/gcc/nios2-elf/5.3.0/../../../../../H-x86_64-mingw32/nios2-elf/lib/mhw-mulx\libsmallc.a(lib_a-impure.o)
 .bss           0x000000001000225c        0x0 d:/program_d/ntelfpga/18.1/nios2eds/bin/gnu/h-x86_64-mingw32/bin/../lib/gcc/nios2-elf/5.3.0/../../../../../H-x86_64-mingw32/nios2-elf/lib/mhw-mulx\libsmallc.a(lib_a-writer.o)
 .bss           0x000000001000225c        0x0 d:/program_d/ntelfpga/18.1/nios2eds/bin/gnu/h-x86_64-mingw32/bin/../lib/gcc/nios2-elf/5.3.0/../../../../../H-x86_64-mingw32/nios2-elf/lib/mhw-mulx\libsmallc.a(lib_a-int_errno.o)
 .bss           0x000000001000225c        0x0 d:/program_d/ntelfpga/18.1/nios2eds/bin/gnu/h-x86_64-mingw32/bin/../lib/gcc/nios2-elf/5.3.0/mhw-mulx\libgcc.a(lib2-divmod.o)
 .bss           0x000000001000225c        0x0 ../nios_test_bsp/\libhal_bsp.a(alt_load.o)
 .bss           0x000000001000225c        0x0 ../nios_test_bsp/\libhal_bsp.a(alt_main.o)
 .bss           0x000000001000225c        0x0 ../nios_test_bsp/\libhal_bsp.a(alt_write.o)
 .bss           0x000000001000225c        0x0 ../nios_test_bsp/\libhal_bsp.a(alt_sys_init.o)
 .bss           0x000000001000225c        0x0 ../nios_test_bsp/\libhal_bsp.a(altera_avalon_jtag_uart_fd.o)
 .bss           0x000000001000225c        0x0 ../nios_test_bsp/\libhal_bsp.a(altera_avalon_jtag_uart_read.o)
 .bss           0x000000001000225c        0x0 ../nios_test_bsp/\libhal_bsp.a(altera_avalon_jtag_uart_write.o)
 .bss           0x000000001000225c        0x0 ../nios_test_bsp/\libhal_bsp.a(altera_avalon_uart_fd.o)
 .bss           0x000000001000225c        0x0 ../nios_test_bsp/\libhal_bsp.a(altera_avalon_uart_read.o)
 .bss           0x000000001000225c        0x0 ../nios_test_bsp/\libhal_bsp.a(altera_avalon_uart_write.o)
 .bss           0x000000001000225c        0x0 ../nios_test_bsp/\libhal_bsp.a(alt_close.o)
 .bss           0x000000001000225c        0x0 ../nios_test_bsp/\libhal_bsp.a(alt_dcache_flush_all.o)
 .bss           0x000000001000225c        0x0 ../nios_test_bsp/\libhal_bsp.a(alt_dev.o)
 .bss           0x000000001000225c        0x0 ../nios_test_bsp/\libhal_bsp.a(alt_dev_llist_insert.o)
 .bss           0x000000001000225c        0x0 ../nios_test_bsp/\libhal_bsp.a(alt_errno.o)
 .bss           0x000000001000225c        0x0 ../nios_test_bsp/\libhal_bsp.a(alt_exit.o)
 .bss           0x000000001000225c        0x0 ../nios_test_bsp/\libhal_bsp.a(alt_icache_flush_all.o)
 .bss           0x000000001000225c        0x0 ../nios_test_bsp/\libhal_bsp.a(alt_io_redirect.o)
 .bss           0x000000001000225c        0x0 ../nios_test_bsp/\libhal_bsp.a(alt_open.o)
 .bss           0x000000001000225c        0x0 ../nios_test_bsp/\libhal_bsp.a(alt_release_fd.o)
 .bss           0x000000001000225c        0x0 ../nios_test_bsp/\libhal_bsp.a(altera_nios2_gen2_irq.o)
 .bss           0x000000001000225c        0x0 ../nios_test_bsp/\libhal_bsp.a(alt_find_dev.o)
 .bss           0x000000001000225c        0x0 ../nios_test_bsp/\libhal_bsp.a(alt_find_file.o)
 .bss           0x000000001000225c        0x0 ../nios_test_bsp/\libhal_bsp.a(alt_get_fd.o)
 .bss           0x000000001000225c        0x0 ../nios_test_bsp/\libhal_bsp.a(alt_icache_flush.o)
 .bss           0x000000001000225c        0x0 d:/program_d/ntelfpga/18.1/nios2eds/bin/gnu/h-x86_64-mingw32/bin/../lib/gcc/nios2-elf/5.3.0/../../../../../H-x86_64-mingw32/nios2-elf/lib/mhw-mulx\libsmallc.a(lib_a-memcmp.o)
 *(COMMON)
                0x000000001000225c                . = ALIGN (0x4)
                0x000000001000225c                __bss_end = ABSOLUTE (.)

.epcs_flash_controller_0
                0x0000000000000000        0x0
                [!provide]                        PROVIDE (_alt_partition_epcs_flash_controller_0_start, ABSOLUTE (.))
 *(.epcs_flash_controller_0 .epcs_flash_controller_0. epcs_flash_controller_0.*)
                0x0000000000000000                . = ALIGN (0x4)
                [!provide]                        PROVIDE (_alt_partition_epcs_flash_controller_0_end, ABSOLUTE (.))
                [!provide]                        PROVIDE (_alt_partition_epcs_flash_controller_0_load_addr, LOADADDR (.epcs_flash_controller_0))

.ram            0x000000001000225c        0x0
                [!provide]                        PROVIDE (_alt_partition_ram_start, ABSOLUTE (.))
 *(.ram .ram. ram.*)
                0x000000001000225c                . = ALIGN (0x4)
                [!provide]                        PROVIDE (_alt_partition_ram_end, ABSOLUTE (.))
                0x000000001000225c                _end = ABSOLUTE (.)
                0x000000001000225c                end = ABSOLUTE (.)
                0x000000001000225c                __alt_stack_base = ABSOLUTE (.)
                [!provide]                        PROVIDE (_alt_partition_ram_load_addr, LOADADDR (.ram))

.sdram_0        0x0000000020000000        0x0
                [!provide]                        PROVIDE (_alt_partition_sdram_0_start, ABSOLUTE (.))
 *(.sdram_0 .sdram_0. sdram_0.*)
                0x0000000020000000                . = ALIGN (0x4)
                [!provide]                        PROVIDE (_alt_partition_sdram_0_end, ABSOLUTE (.))
                [!provide]                        PROVIDE (_alt_partition_sdram_0_load_addr, LOADADDR (.sdram_0))

.sdram_1        0x0000000020800000        0x0
                [!provide]                        PROVIDE (_alt_partition_sdram_1_start, ABSOLUTE (.))
 *(.sdram_1 .sdram_1. sdram_1.*)
                0x0000000020800000                . = ALIGN (0x4)
                [!provide]                        PROVIDE (_alt_partition_sdram_1_end, ABSOLUTE (.))
                [!provide]                        PROVIDE (_alt_partition_sdram_1_load_addr, LOADADDR (.sdram_1))

.stab
 *(.stab)

.stabstr
 *(.stabstr)

.stab.excl
 *(.stab.excl)

.stab.exclstr
 *(.stab.exclstr)

.stab.index
 *(.stab.index)

.stab.indexstr
 *(.stab.indexstr)

.comment        0x0000000000000000       0x23
 *(.comment)
 .comment       0x0000000000000000       0x23 obj/default/hello_world.o
                                         0x24 (size before relaxing)
 .comment       0x0000000000000023       0x24 d:/program_d/ntelfpga/18.1/nios2eds/bin/gnu/h-x86_64-mingw32/bin/../lib/gcc/nios2-elf/5.3.0/../../../../../H-x86_64-mingw32/nios2-elf/lib/mhw-mulx\libsmallc.a(lib_a-printf.o)
 .comment       0x0000000000000023       0x24 d:/program_d/ntelfpga/18.1/nios2eds/bin/gnu/h-x86_64-mingw32/bin/../lib/gcc/nios2-elf/5.3.0/../../../../../H-x86_64-mingw32/nios2-elf/lib/mhw-mulx\libsmallc.a(lib_a-puts.o)
 .comment       0x0000000000000023       0x24 d:/program_d/ntelfpga/18.1/nios2eds/bin/gnu/h-x86_64-mingw32/bin/../lib/gcc/nios2-elf/5.3.0/../../../../../H-x86_64-mingw32/nios2-elf/lib/mhw-mulx\libsmallc.a(lib_a-strlen.o)
 .comment       0x0000000000000023       0x24 d:/program_d/ntelfpga/18.1/nios2eds/bin/gnu/h-x86_64-mingw32/bin/../lib/gcc/nios2-elf/5.3.0/../../../../../H-x86_64-mingw32/nios2-elf/lib/mhw-mulx\libsmallc.a(lib_a-vfprintf.o)
 .comment       0x0000000000000023       0x24 d:/program_d/ntelfpga/18.1/nios2eds/bin/gnu/h-x86_64-mingw32/bin/../lib/gcc/nios2-elf/5.3.0/../../../../../H-x86_64-mingw32/nios2-elf/lib/mhw-mulx\libsmallc.a(lib_a-fvwrite_small_dev.o)
 .comment       0x0000000000000023       0x24 d:/program_d/ntelfpga/18.1/nios2eds/bin/gnu/h-x86_64-mingw32/bin/../lib/gcc/nios2-elf/5.3.0/../../../../../H-x86_64-mingw32/nios2-elf/lib/mhw-mulx\libsmallc.a(lib_a-impure.o)
 .comment       0x0000000000000023       0x24 d:/program_d/ntelfpga/18.1/nios2eds/bin/gnu/h-x86_64-mingw32/bin/../lib/gcc/nios2-elf/5.3.0/../../../../../H-x86_64-mingw32/nios2-elf/lib/mhw-mulx\libsmallc.a(lib_a-writer.o)
 .comment       0x0000000000000023       0x24 d:/program_d/ntelfpga/18.1/nios2eds/bin/gnu/h-x86_64-mingw32/bin/../lib/gcc/nios2-elf/5.3.0/../../../../../H-x86_64-mingw32/nios2-elf/lib/mhw-mulx\libsmallc.a(lib_a-int_errno.o)
 .comment       0x0000000000000023       0x24 d:/program_d/ntelfpga/18.1/nios2eds/bin/gnu/h-x86_64-mingw32/bin/../lib/gcc/nios2-elf/5.3.0/mhw-mulx\libgcc.a(lib2-divmod.o)
 .comment       0x0000000000000023       0x24 ../nios_test_bsp/\libhal_bsp.a(alt_load.o)
 .comment       0x0000000000000023       0x24 ../nios_test_bsp/\libhal_bsp.a(alt_main.o)
 .comment       0x0000000000000023       0x24 ../nios_test_bsp/\libhal_bsp.a(alt_write.o)
 .comment       0x0000000000000023       0x24 ../nios_test_bsp/\libhal_bsp.a(alt_sys_init.o)
 .comment       0x0000000000000023       0x24 ../nios_test_bsp/\libhal_bsp.a(altera_avalon_jtag_uart_fd.o)
 .comment       0x0000000000000023       0x24 ../nios_test_bsp/\libhal_bsp.a(altera_avalon_jtag_uart_read.o)
 .comment       0x0000000000000023       0x24 ../nios_test_bsp/\libhal_bsp.a(altera_avalon_jtag_uart_write.o)
 .comment       0x0000000000000023       0x24 ../nios_test_bsp/\libhal_bsp.a(altera_avalon_uart_fd.o)
 .comment       0x0000000000000023       0x24 ../nios_test_bsp/\libhal_bsp.a(altera_avalon_uart_read.o)
 .comment       0x0000000000000023       0x24 ../nios_test_bsp/\libhal_bsp.a(altera_avalon_uart_write.o)
 .comment       0x0000000000000023       0x24 ../nios_test_bsp/\libhal_bsp.a(alt_close.o)
 .comment       0x0000000000000023       0x24 ../nios_test_bsp/\libhal_bsp.a(alt_dcache_flush_all.o)
 .comment       0x0000000000000023       0x24 ../nios_test_bsp/\libhal_bsp.a(alt_dev.o)
 .comment       0x0000000000000023       0x24 ../nios_test_bsp/\libhal_bsp.a(alt_dev_llist_insert.o)
 .comment       0x0000000000000023       0x24 ../nios_test_bsp/\libhal_bsp.a(alt_errno.o)
 .comment       0x0000000000000023       0x24 ../nios_test_bsp/\libhal_bsp.a(alt_exit.o)
 .comment       0x0000000000000023       0x24 ../nios_test_bsp/\libhal_bsp.a(alt_icache_flush_all.o)
 .comment       0x0000000000000023       0x24 ../nios_test_bsp/\libhal_bsp.a(alt_io_redirect.o)
 .comment       0x0000000000000023       0x24 ../nios_test_bsp/\libhal_bsp.a(alt_open.o)
 .comment       0x0000000000000023       0x24 ../nios_test_bsp/\libhal_bsp.a(alt_release_fd.o)
 .comment       0x0000000000000023       0x24 ../nios_test_bsp/\libhal_bsp.a(altera_nios2_gen2_irq.o)
 .comment       0x0000000000000023       0x24 ../nios_test_bsp/\libhal_bsp.a(alt_find_dev.o)
 .comment       0x0000000000000023       0x24 ../nios_test_bsp/\libhal_bsp.a(alt_find_file.o)
 .comment       0x0000000000000023       0x24 ../nios_test_bsp/\libhal_bsp.a(alt_get_fd.o)
 .comment       0x0000000000000023       0x24 ../nios_test_bsp/\libhal_bsp.a(alt_icache_flush.o)
 .comment       0x0000000000000023       0x24 d:/program_d/ntelfpga/18.1/nios2eds/bin/gnu/h-x86_64-mingw32/bin/../lib/gcc/nios2-elf/5.3.0/../../../../../H-x86_64-mingw32/nios2-elf/lib/mhw-mulx\libsmallc.a(lib_a-memcmp.o)

.debug
 *(.debug)

.line
 *(.line)

.debug_srcinfo
 *(.debug_srcinfo)

.debug_sfnames
 *(.debug_sfnames)

.debug_aranges  0x0000000000000000      0x4b0
 *(.debug_aranges)
 .debug_aranges
                0x0000000000000000       0x28 ../nios_test_bsp//obj/HAL/src/crt0.o
 .debug_aranges
                0x0000000000000028       0x20 obj/default/hello_world.o
 .debug_aranges
                0x0000000000000048       0x28 d:/program_d/ntelfpga/18.1/nios2eds/bin/gnu/h-x86_64-mingw32/bin/../lib/gcc/nios2-elf/5.3.0/../../../../../H-x86_64-mingw32/nios2-elf/lib/mhw-mulx\libsmallc.a(lib_a-printf.o)
 .debug_aranges
                0x0000000000000070       0x28 d:/program_d/ntelfpga/18.1/nios2eds/bin/gnu/h-x86_64-mingw32/bin/../lib/gcc/nios2-elf/5.3.0/../../../../../H-x86_64-mingw32/nios2-elf/lib/mhw-mulx\libsmallc.a(lib_a-puts.o)
 .debug_aranges
                0x0000000000000098       0x20 d:/program_d/ntelfpga/18.1/nios2eds/bin/gnu/h-x86_64-mingw32/bin/../lib/gcc/nios2-elf/5.3.0/../../../../../H-x86_64-mingw32/nios2-elf/lib/mhw-mulx\libsmallc.a(lib_a-strlen.o)
 .debug_aranges
                0x00000000000000b8       0x30 d:/program_d/ntelfpga/18.1/nios2eds/bin/gnu/h-x86_64-mingw32/bin/../lib/gcc/nios2-elf/5.3.0/../../../../../H-x86_64-mingw32/nios2-elf/lib/mhw-mulx\libsmallc.a(lib_a-vfprintf.o)
 .debug_aranges
                0x00000000000000e8       0x20 d:/program_d/ntelfpga/18.1/nios2eds/bin/gnu/h-x86_64-mingw32/bin/../lib/gcc/nios2-elf/5.3.0/../../../../../H-x86_64-mingw32/nios2-elf/lib/mhw-mulx\libsmallc.a(lib_a-fvwrite_small_dev.o)
 .debug_aranges
                0x0000000000000108       0x18 d:/program_d/ntelfpga/18.1/nios2eds/bin/gnu/h-x86_64-mingw32/bin/../lib/gcc/nios2-elf/5.3.0/../../../../../H-x86_64-mingw32/nios2-elf/lib/mhw-mulx\libsmallc.a(lib_a-impure.o)
 .debug_aranges
                0x0000000000000120       0x20 d:/program_d/ntelfpga/18.1/nios2eds/bin/gnu/h-x86_64-mingw32/bin/../lib/gcc/nios2-elf/5.3.0/../../../../../H-x86_64-mingw32/nios2-elf/lib/mhw-mulx\libsmallc.a(lib_a-writer.o)
 .debug_aranges
                0x0000000000000140       0x18 d:/program_d/ntelfpga/18.1/nios2eds/bin/gnu/h-x86_64-mingw32/bin/../lib/gcc/nios2-elf/5.3.0/../../../../../H-x86_64-mingw32/nios2-elf/lib/mhw-mulx\libsmallc.a(lib_a-int_errno.o)
 .debug_aranges
                0x0000000000000158       0x20 d:/program_d/ntelfpga/18.1/nios2eds/bin/gnu/h-x86_64-mingw32/bin/../lib/gcc/nios2-elf/5.3.0/mhw-mulx\libgcc.a(lib2-divmod.o)
 .debug_aranges
                0x0000000000000178       0x20 ../nios_test_bsp/\libhal_bsp.a(alt_load.o)
 .debug_aranges
                0x0000000000000198       0x20 ../nios_test_bsp/\libhal_bsp.a(alt_main.o)
 .debug_aranges
                0x00000000000001b8       0x20 ../nios_test_bsp/\libhal_bsp.a(alt_write.o)
 .debug_aranges
                0x00000000000001d8       0x20 ../nios_test_bsp/\libhal_bsp.a(alt_sys_init.o)
 .debug_aranges
                0x00000000000001f8       0x20 ../nios_test_bsp/\libhal_bsp.a(altera_avalon_jtag_uart_fd.o)
 .debug_aranges
                0x0000000000000218       0x20 ../nios_test_bsp/\libhal_bsp.a(altera_avalon_jtag_uart_read.o)
 .debug_aranges
                0x0000000000000238       0x20 ../nios_test_bsp/\libhal_bsp.a(altera_avalon_jtag_uart_write.o)
 .debug_aranges
                0x0000000000000258       0x20 ../nios_test_bsp/\libhal_bsp.a(altera_avalon_uart_fd.o)
 .debug_aranges
                0x0000000000000278       0x20 ../nios_test_bsp/\libhal_bsp.a(altera_avalon_uart_read.o)
 .debug_aranges
                0x0000000000000298       0x20 ../nios_test_bsp/\libhal_bsp.a(altera_avalon_uart_write.o)
 .debug_aranges
                0x00000000000002b8       0x20 ../nios_test_bsp/\libhal_bsp.a(alt_close.o)
 .debug_aranges
                0x00000000000002d8       0x20 ../nios_test_bsp/\libhal_bsp.a(alt_dcache_flush_all.o)
 .debug_aranges
                0x00000000000002f8       0x20 ../nios_test_bsp/\libhal_bsp.a(alt_dev.o)
 .debug_aranges
                0x0000000000000318       0x20 ../nios_test_bsp/\libhal_bsp.a(alt_dev_llist_insert.o)
 .debug_aranges
                0x0000000000000338       0x18 ../nios_test_bsp/\libhal_bsp.a(alt_errno.o)
 .debug_aranges
                0x0000000000000350       0x20 ../nios_test_bsp/\libhal_bsp.a(alt_exit.o)
 .debug_aranges
                0x0000000000000370       0x20 ../nios_test_bsp/\libhal_bsp.a(alt_icache_flush_all.o)
 .debug_aranges
                0x0000000000000390       0x20 ../nios_test_bsp/\libhal_bsp.a(alt_io_redirect.o)
 .debug_aranges
                0x00000000000003b0       0x20 ../nios_test_bsp/\libhal_bsp.a(alt_open.o)
 .debug_aranges
                0x00000000000003d0       0x20 ../nios_test_bsp/\libhal_bsp.a(alt_release_fd.o)
 .debug_aranges
                0x00000000000003f0       0x20 ../nios_test_bsp/\libhal_bsp.a(altera_nios2_gen2_irq.o)
 .debug_aranges
                0x0000000000000410       0x20 ../nios_test_bsp/\libhal_bsp.a(alt_find_dev.o)
 .debug_aranges
                0x0000000000000430       0x20 ../nios_test_bsp/\libhal_bsp.a(alt_find_file.o)
 .debug_aranges
                0x0000000000000450       0x20 ../nios_test_bsp/\libhal_bsp.a(alt_get_fd.o)
 .debug_aranges
                0x0000000000000470       0x20 ../nios_test_bsp/\libhal_bsp.a(alt_icache_flush.o)
 .debug_aranges
                0x0000000000000490       0x20 d:/program_d/ntelfpga/18.1/nios2eds/bin/gnu/h-x86_64-mingw32/bin/../lib/gcc/nios2-elf/5.3.0/../../../../../H-x86_64-mingw32/nios2-elf/lib/mhw-mulx\libsmallc.a(lib_a-memcmp.o)

.debug_pubnames
 *(.debug_pubnames)

.debug_info     0x0000000000000000     0x6bd2
 *(.debug_info .gnu.linkonce.wi.*)
 .debug_info    0x0000000000000000       0x71 ../nios_test_bsp//obj/HAL/src/crt0.o
 .debug_info    0x0000000000000071      0x158 obj/default/hello_world.o
 .debug_info    0x00000000000001c9      0x699 d:/program_d/ntelfpga/18.1/nios2eds/bin/gnu/h-x86_64-mingw32/bin/../lib/gcc/nios2-elf/5.3.0/../../../../../H-x86_64-mingw32/nios2-elf/lib/mhw-mulx\libsmallc.a(lib_a-printf.o)
 .debug_info    0x0000000000000862      0x66d d:/program_d/ntelfpga/18.1/nios2eds/bin/gnu/h-x86_64-mingw32/bin/../lib/gcc/nios2-elf/5.3.0/../../../../../H-x86_64-mingw32/nios2-elf/lib/mhw-mulx\libsmallc.a(lib_a-puts.o)
 .debug_info    0x0000000000000ecf       0xc9 d:/program_d/ntelfpga/18.1/nios2eds/bin/gnu/h-x86_64-mingw32/bin/../lib/gcc/nios2-elf/5.3.0/../../../../../H-x86_64-mingw32/nios2-elf/lib/mhw-mulx\libsmallc.a(lib_a-strlen.o)
 .debug_info    0x0000000000000f98      0xb2b d:/program_d/ntelfpga/18.1/nios2eds/bin/gnu/h-x86_64-mingw32/bin/../lib/gcc/nios2-elf/5.3.0/../../../../../H-x86_64-mingw32/nios2-elf/lib/mhw-mulx\libsmallc.a(lib_a-vfprintf.o)
 .debug_info    0x0000000000001ac3      0x62b d:/program_d/ntelfpga/18.1/nios2eds/bin/gnu/h-x86_64-mingw32/bin/../lib/gcc/nios2-elf/5.3.0/../../../../../H-x86_64-mingw32/nios2-elf/lib/mhw-mulx\libsmallc.a(lib_a-fvwrite_small_dev.o)
 .debug_info    0x00000000000020ee      0x5a9 d:/program_d/ntelfpga/18.1/nios2eds/bin/gnu/h-x86_64-mingw32/bin/../lib/gcc/nios2-elf/5.3.0/../../../../../H-x86_64-mingw32/nios2-elf/lib/mhw-mulx\libsmallc.a(lib_a-impure.o)
 .debug_info    0x0000000000002697      0x630 d:/program_d/ntelfpga/18.1/nios2eds/bin/gnu/h-x86_64-mingw32/bin/../lib/gcc/nios2-elf/5.3.0/../../../../../H-x86_64-mingw32/nios2-elf/lib/mhw-mulx\libsmallc.a(lib_a-writer.o)
 .debug_info    0x0000000000002cc7       0x8a d:/program_d/ntelfpga/18.1/nios2eds/bin/gnu/h-x86_64-mingw32/bin/../lib/gcc/nios2-elf/5.3.0/../../../../../H-x86_64-mingw32/nios2-elf/lib/mhw-mulx\libsmallc.a(lib_a-int_errno.o)
 .debug_info    0x0000000000002d51      0x2c6 d:/program_d/ntelfpga/18.1/nios2eds/bin/gnu/h-x86_64-mingw32/bin/../lib/gcc/nios2-elf/5.3.0/mhw-mulx\libgcc.a(lib2-divmod.o)
 .debug_info    0x0000000000003017      0x145 ../nios_test_bsp/\libhal_bsp.a(alt_load.o)
 .debug_info    0x000000000000315c      0x131 ../nios_test_bsp/\libhal_bsp.a(alt_main.o)
 .debug_info    0x000000000000328d      0x4b7 ../nios_test_bsp/\libhal_bsp.a(alt_write.o)
 .debug_info    0x0000000000003744      0x439 ../nios_test_bsp/\libhal_bsp.a(alt_sys_init.o)
 .debug_info    0x0000000000003b7d      0x3a7 ../nios_test_bsp/\libhal_bsp.a(altera_avalon_jtag_uart_fd.o)
 .debug_info    0x0000000000003f24      0x1b2 ../nios_test_bsp/\libhal_bsp.a(altera_avalon_jtag_uart_read.o)
 .debug_info    0x00000000000040d6      0x195 ../nios_test_bsp/\libhal_bsp.a(altera_avalon_jtag_uart_write.o)
 .debug_info    0x000000000000426b      0x388 ../nios_test_bsp/\libhal_bsp.a(altera_avalon_uart_fd.o)
 .debug_info    0x00000000000045f3      0x1a6 ../nios_test_bsp/\libhal_bsp.a(altera_avalon_uart_read.o)
 .debug_info    0x0000000000004799      0x1b9 ../nios_test_bsp/\libhal_bsp.a(altera_avalon_uart_write.o)
 .debug_info    0x0000000000004952      0x321 ../nios_test_bsp/\libhal_bsp.a(alt_close.o)
 .debug_info    0x0000000000004c73       0xa5 ../nios_test_bsp/\libhal_bsp.a(alt_dcache_flush_all.o)
 .debug_info    0x0000000000004d18      0x49c ../nios_test_bsp/\libhal_bsp.a(alt_dev.o)
 .debug_info    0x00000000000051b4      0x1a9 ../nios_test_bsp/\libhal_bsp.a(alt_dev_llist_insert.o)
 .debug_info    0x000000000000535d       0xa6 ../nios_test_bsp/\libhal_bsp.a(alt_errno.o)
 .debug_info    0x0000000000005403       0xec ../nios_test_bsp/\libhal_bsp.a(alt_exit.o)
 .debug_info    0x00000000000054ef       0x92 ../nios_test_bsp/\libhal_bsp.a(alt_icache_flush_all.o)
 .debug_info    0x0000000000005581      0x4a5 ../nios_test_bsp/\libhal_bsp.a(alt_io_redirect.o)
 .debug_info    0x0000000000005a26      0x3bb ../nios_test_bsp/\libhal_bsp.a(alt_open.o)
 .debug_info    0x0000000000005de1      0x2b0 ../nios_test_bsp/\libhal_bsp.a(alt_release_fd.o)
 .debug_info    0x0000000000006091       0x92 ../nios_test_bsp/\libhal_bsp.a(altera_nios2_gen2_irq.o)
 .debug_info    0x0000000000006123      0x2e9 ../nios_test_bsp/\libhal_bsp.a(alt_find_dev.o)
 .debug_info    0x000000000000640c      0x2e6 ../nios_test_bsp/\libhal_bsp.a(alt_find_file.o)
 .debug_info    0x00000000000066f2      0x310 ../nios_test_bsp/\libhal_bsp.a(alt_get_fd.o)
 .debug_info    0x0000000000006a02       0xdc ../nios_test_bsp/\libhal_bsp.a(alt_icache_flush.o)
 .debug_info    0x0000000000006ade       0xf4 d:/program_d/ntelfpga/18.1/nios2eds/bin/gnu/h-x86_64-mingw32/bin/../lib/gcc/nios2-elf/5.3.0/../../../../../H-x86_64-mingw32/nios2-elf/lib/mhw-mulx\libsmallc.a(lib_a-memcmp.o)

.debug_abbrev   0x0000000000000000     0x2314
 *(.debug_abbrev)
 .debug_abbrev  0x0000000000000000       0x12 ../nios_test_bsp//obj/HAL/src/crt0.o
 .debug_abbrev  0x0000000000000012       0xe1 obj/default/hello_world.o
 .debug_abbrev  0x00000000000000f3      0x1ee d:/program_d/ntelfpga/18.1/nios2eds/bin/gnu/h-x86_64-mingw32/bin/../lib/gcc/nios2-elf/5.3.0/../../../../../H-x86_64-mingw32/nios2-elf/lib/mhw-mulx\libsmallc.a(lib_a-printf.o)
 .debug_abbrev  0x00000000000002e1      0x1d6 d:/program_d/ntelfpga/18.1/nios2eds/bin/gnu/h-x86_64-mingw32/bin/../lib/gcc/nios2-elf/5.3.0/../../../../../H-x86_64-mingw32/nios2-elf/lib/mhw-mulx\libsmallc.a(lib_a-puts.o)
 .debug_abbrev  0x00000000000004b7       0x7f d:/program_d/ntelfpga/18.1/nios2eds/bin/gnu/h-x86_64-mingw32/bin/../lib/gcc/nios2-elf/5.3.0/../../../../../H-x86_64-mingw32/nios2-elf/lib/mhw-mulx\libsmallc.a(lib_a-strlen.o)
 .debug_abbrev  0x0000000000000536      0x2a1 d:/program_d/ntelfpga/18.1/nios2eds/bin/gnu/h-x86_64-mingw32/bin/../lib/gcc/nios2-elf/5.3.0/../../../../../H-x86_64-mingw32/nios2-elf/lib/mhw-mulx\libsmallc.a(lib_a-vfprintf.o)
 .debug_abbrev  0x00000000000007d7      0x1bc d:/program_d/ntelfpga/18.1/nios2eds/bin/gnu/h-x86_64-mingw32/bin/../lib/gcc/nios2-elf/5.3.0/../../../../../H-x86_64-mingw32/nios2-elf/lib/mhw-mulx\libsmallc.a(lib_a-fvwrite_small_dev.o)
 .debug_abbrev  0x0000000000000993      0x14a d:/program_d/ntelfpga/18.1/nios2eds/bin/gnu/h-x86_64-mingw32/bin/../lib/gcc/nios2-elf/5.3.0/../../../../../H-x86_64-mingw32/nios2-elf/lib/mhw-mulx\libsmallc.a(lib_a-impure.o)
 .debug_abbrev  0x0000000000000add      0x1a6 d:/program_d/ntelfpga/18.1/nios2eds/bin/gnu/h-x86_64-mingw32/bin/../lib/gcc/nios2-elf/5.3.0/../../../../../H-x86_64-mingw32/nios2-elf/lib/mhw-mulx\libsmallc.a(lib_a-writer.o)
 .debug_abbrev  0x0000000000000c83       0x37 d:/program_d/ntelfpga/18.1/nios2eds/bin/gnu/h-x86_64-mingw32/bin/../lib/gcc/nios2-elf/5.3.0/../../../../../H-x86_64-mingw32/nios2-elf/lib/mhw-mulx\libsmallc.a(lib_a-int_errno.o)
 .debug_abbrev  0x0000000000000cba      0x10e d:/program_d/ntelfpga/18.1/nios2eds/bin/gnu/h-x86_64-mingw32/bin/../lib/gcc/nios2-elf/5.3.0/mhw-mulx\libgcc.a(lib2-divmod.o)
 .debug_abbrev  0x0000000000000dc8       0x9f ../nios_test_bsp/\libhal_bsp.a(alt_load.o)
 .debug_abbrev  0x0000000000000e67       0xba ../nios_test_bsp/\libhal_bsp.a(alt_main.o)
 .debug_abbrev  0x0000000000000f21      0x133 ../nios_test_bsp/\libhal_bsp.a(alt_write.o)
 .debug_abbrev  0x0000000000001054      0x157 ../nios_test_bsp/\libhal_bsp.a(alt_sys_init.o)
 .debug_abbrev  0x00000000000011ab       0xf7 ../nios_test_bsp/\libhal_bsp.a(altera_avalon_jtag_uart_fd.o)
 .debug_abbrev  0x00000000000012a2       0xd5 ../nios_test_bsp/\libhal_bsp.a(altera_avalon_jtag_uart_read.o)
 .debug_abbrev  0x0000000000001377       0xd5 ../nios_test_bsp/\libhal_bsp.a(altera_avalon_jtag_uart_write.o)
 .debug_abbrev  0x000000000000144c       0xf0 ../nios_test_bsp/\libhal_bsp.a(altera_avalon_uart_fd.o)
 .debug_abbrev  0x000000000000153c       0xd9 ../nios_test_bsp/\libhal_bsp.a(altera_avalon_uart_read.o)
 .debug_abbrev  0x0000000000001615       0xe0 ../nios_test_bsp/\libhal_bsp.a(altera_avalon_uart_write.o)
 .debug_abbrev  0x00000000000016f5      0x11f ../nios_test_bsp/\libhal_bsp.a(alt_close.o)
 .debug_abbrev  0x0000000000001814       0x5a ../nios_test_bsp/\libhal_bsp.a(alt_dcache_flush_all.o)
 .debug_abbrev  0x000000000000186e       0xd9 ../nios_test_bsp/\libhal_bsp.a(alt_dev.o)
 .debug_abbrev  0x0000000000001947      0x114 ../nios_test_bsp/\libhal_bsp.a(alt_dev_llist_insert.o)
 .debug_abbrev  0x0000000000001a5b       0x5a ../nios_test_bsp/\libhal_bsp.a(alt_errno.o)
 .debug_abbrev  0x0000000000001ab5       0xa9 ../nios_test_bsp/\libhal_bsp.a(alt_exit.o)
 .debug_abbrev  0x0000000000001b5e       0x42 ../nios_test_bsp/\libhal_bsp.a(alt_icache_flush_all.o)
 .debug_abbrev  0x0000000000001ba0      0x114 ../nios_test_bsp/\libhal_bsp.a(alt_io_redirect.o)
 .debug_abbrev  0x0000000000001cb4      0x148 ../nios_test_bsp/\libhal_bsp.a(alt_open.o)
 .debug_abbrev  0x0000000000001dfc       0xde ../nios_test_bsp/\libhal_bsp.a(alt_release_fd.o)
 .debug_abbrev  0x0000000000001eda       0x42 ../nios_test_bsp/\libhal_bsp.a(altera_nios2_gen2_irq.o)
 .debug_abbrev  0x0000000000001f1c       0xf0 ../nios_test_bsp/\libhal_bsp.a(alt_find_dev.o)
 .debug_abbrev  0x000000000000200c       0xf0 ../nios_test_bsp/\libhal_bsp.a(alt_find_file.o)
 .debug_abbrev  0x00000000000020fc      0x10d ../nios_test_bsp/\libhal_bsp.a(alt_get_fd.o)
 .debug_abbrev  0x0000000000002209       0x8c ../nios_test_bsp/\libhal_bsp.a(alt_icache_flush.o)
 .debug_abbrev  0x0000000000002295       0x7f d:/program_d/ntelfpga/18.1/nios2eds/bin/gnu/h-x86_64-mingw32/bin/../lib/gcc/nios2-elf/5.3.0/../../../../../H-x86_64-mingw32/nios2-elf/lib/mhw-mulx\libsmallc.a(lib_a-memcmp.o)

.debug_line     0x0000000000000000     0x272d
 *(.debug_line)
 .debug_line    0x0000000000000000       0x5c ../nios_test_bsp//obj/HAL/src/crt0.o
 .debug_line    0x000000000000005c       0xe9 obj/default/hello_world.o
 .debug_line    0x0000000000000145      0x203 d:/program_d/ntelfpga/18.1/nios2eds/bin/gnu/h-x86_64-mingw32/bin/../lib/gcc/nios2-elf/5.3.0/../../../../../H-x86_64-mingw32/nios2-elf/lib/mhw-mulx\libsmallc.a(lib_a-printf.o)
 .debug_line    0x0000000000000348      0x206 d:/program_d/ntelfpga/18.1/nios2eds/bin/gnu/h-x86_64-mingw32/bin/../lib/gcc/nios2-elf/5.3.0/../../../../../H-x86_64-mingw32/nios2-elf/lib/mhw-mulx\libsmallc.a(lib_a-puts.o)
 .debug_line    0x000000000000054e      0x15c d:/program_d/ntelfpga/18.1/nios2eds/bin/gnu/h-x86_64-mingw32/bin/../lib/gcc/nios2-elf/5.3.0/../../../../../H-x86_64-mingw32/nios2-elf/lib/mhw-mulx\libsmallc.a(lib_a-strlen.o)
 .debug_line    0x00000000000006aa      0x352 d:/program_d/ntelfpga/18.1/nios2eds/bin/gnu/h-x86_64-mingw32/bin/../lib/gcc/nios2-elf/5.3.0/../../../../../H-x86_64-mingw32/nios2-elf/lib/mhw-mulx\libsmallc.a(lib_a-vfprintf.o)
 .debug_line    0x00000000000009fc      0x1f0 d:/program_d/ntelfpga/18.1/nios2eds/bin/gnu/h-x86_64-mingw32/bin/../lib/gcc/nios2-elf/5.3.0/../../../../../H-x86_64-mingw32/nios2-elf/lib/mhw-mulx\libsmallc.a(lib_a-fvwrite_small_dev.o)
 .debug_line    0x0000000000000bec      0x156 d:/program_d/ntelfpga/18.1/nios2eds/bin/gnu/h-x86_64-mingw32/bin/../lib/gcc/nios2-elf/5.3.0/../../../../../H-x86_64-mingw32/nios2-elf/lib/mhw-mulx\libsmallc.a(lib_a-impure.o)
 .debug_line    0x0000000000000d42      0x1ed d:/program_d/ntelfpga/18.1/nios2eds/bin/gnu/h-x86_64-mingw32/bin/../lib/gcc/nios2-elf/5.3.0/../../../../../H-x86_64-mingw32/nios2-elf/lib/mhw-mulx\libsmallc.a(lib_a-writer.o)
 .debug_line    0x0000000000000f2f       0x5f d:/program_d/ntelfpga/18.1/nios2eds/bin/gnu/h-x86_64-mingw32/bin/../lib/gcc/nios2-elf/5.3.0/../../../../../H-x86_64-mingw32/nios2-elf/lib/mhw-mulx\libsmallc.a(lib_a-int_errno.o)
 .debug_line    0x0000000000000f8e      0x105 d:/program_d/ntelfpga/18.1/nios2eds/bin/gnu/h-x86_64-mingw32/bin/../lib/gcc/nios2-elf/5.3.0/mhw-mulx\libgcc.a(lib2-divmod.o)
 .debug_line    0x0000000000001093       0x8e ../nios_test_bsp/\libhal_bsp.a(alt_load.o)
 .debug_line    0x0000000000001121       0x9e ../nios_test_bsp/\libhal_bsp.a(alt_main.o)
 .debug_line    0x00000000000011bf      0x1e3 ../nios_test_bsp/\libhal_bsp.a(alt_write.o)
 .debug_line    0x00000000000013a2      0x16f ../nios_test_bsp/\libhal_bsp.a(alt_sys_init.o)
 .debug_line    0x0000000000001511      0x112 ../nios_test_bsp/\libhal_bsp.a(altera_avalon_jtag_uart_fd.o)
 .debug_line    0x0000000000001623       0xfd ../nios_test_bsp/\libhal_bsp.a(altera_avalon_jtag_uart_read.o)
 .debug_line    0x0000000000001720       0xf4 ../nios_test_bsp/\libhal_bsp.a(altera_avalon_jtag_uart_write.o)
 .debug_line    0x0000000000001814       0xe5 ../nios_test_bsp/\libhal_bsp.a(altera_avalon_uart_fd.o)
 .debug_line    0x00000000000018f9       0xf6 ../nios_test_bsp/\libhal_bsp.a(altera_avalon_uart_read.o)
 .debug_line    0x00000000000019ef       0xfe ../nios_test_bsp/\libhal_bsp.a(altera_avalon_uart_write.o)
 .debug_line    0x0000000000001aed      0x169 ../nios_test_bsp/\libhal_bsp.a(alt_close.o)
 .debug_line    0x0000000000001c56       0x61 ../nios_test_bsp/\libhal_bsp.a(alt_dcache_flush_all.o)
 .debug_line    0x0000000000001cb7       0xfc ../nios_test_bsp/\libhal_bsp.a(alt_dev.o)
 .debug_line    0x0000000000001db3       0xcf ../nios_test_bsp/\libhal_bsp.a(alt_dev_llist_insert.o)
 .debug_line    0x0000000000001e82       0x51 ../nios_test_bsp/\libhal_bsp.a(alt_errno.o)
 .debug_line    0x0000000000001ed3       0x71 ../nios_test_bsp/\libhal_bsp.a(alt_exit.o)
 .debug_line    0x0000000000001f44       0x50 ../nios_test_bsp/\libhal_bsp.a(alt_icache_flush_all.o)
 .debug_line    0x0000000000001f94      0x137 ../nios_test_bsp/\libhal_bsp.a(alt_io_redirect.o)
 .debug_line    0x00000000000020cb      0x128 ../nios_test_bsp/\libhal_bsp.a(alt_open.o)
 .debug_line    0x00000000000021f3       0xae ../nios_test_bsp/\libhal_bsp.a(alt_release_fd.o)
 .debug_line    0x00000000000022a1       0x51 ../nios_test_bsp/\libhal_bsp.a(altera_nios2_gen2_irq.o)
 .debug_line    0x00000000000022f2       0xb5 ../nios_test_bsp/\libhal_bsp.a(alt_find_dev.o)
 .debug_line    0x00000000000023a7       0xd1 ../nios_test_bsp/\libhal_bsp.a(alt_find_file.o)
 .debug_line    0x0000000000002478       0xd4 ../nios_test_bsp/\libhal_bsp.a(alt_get_fd.o)
 .debug_line    0x000000000000254c       0x81 ../nios_test_bsp/\libhal_bsp.a(alt_icache_flush.o)
 .debug_line    0x00000000000025cd      0x160 d:/program_d/ntelfpga/18.1/nios2eds/bin/gnu/h-x86_64-mingw32/bin/../lib/gcc/nios2-elf/5.3.0/../../../../../H-x86_64-mingw32/nios2-elf/lib/mhw-mulx\libsmallc.a(lib_a-memcmp.o)

.debug_frame    0x0000000000000000      0x9c0
 *(.debug_frame)
 .debug_frame   0x0000000000000000       0x7c obj/default/hello_world.o
 .debug_frame   0x000000000000007c       0x48 d:/program_d/ntelfpga/18.1/nios2eds/bin/gnu/h-x86_64-mingw32/bin/../lib/gcc/nios2-elf/5.3.0/../../../../../H-x86_64-mingw32/nios2-elf/lib/mhw-mulx\libsmallc.a(lib_a-printf.o)
 .debug_frame   0x00000000000000c4       0x48 d:/program_d/ntelfpga/18.1/nios2eds/bin/gnu/h-x86_64-mingw32/bin/../lib/gcc/nios2-elf/5.3.0/../../../../../H-x86_64-mingw32/nios2-elf/lib/mhw-mulx\libsmallc.a(lib_a-puts.o)
 .debug_frame   0x000000000000010c       0x20 d:/program_d/ntelfpga/18.1/nios2eds/bin/gnu/h-x86_64-mingw32/bin/../lib/gcc/nios2-elf/5.3.0/../../../../../H-x86_64-mingw32/nios2-elf/lib/mhw-mulx\libsmallc.a(lib_a-strlen.o)
 .debug_frame   0x000000000000012c       0x8c d:/program_d/ntelfpga/18.1/nios2eds/bin/gnu/h-x86_64-mingw32/bin/../lib/gcc/nios2-elf/5.3.0/../../../../../H-x86_64-mingw32/nios2-elf/lib/mhw-mulx\libsmallc.a(lib_a-vfprintf.o)
 .debug_frame   0x00000000000001b8       0x58 d:/program_d/ntelfpga/18.1/nios2eds/bin/gnu/h-x86_64-mingw32/bin/../lib/gcc/nios2-elf/5.3.0/../../../../../H-x86_64-mingw32/nios2-elf/lib/mhw-mulx\libsmallc.a(lib_a-fvwrite_small_dev.o)
 .debug_frame   0x0000000000000210       0x38 d:/program_d/ntelfpga/18.1/nios2eds/bin/gnu/h-x86_64-mingw32/bin/../lib/gcc/nios2-elf/5.3.0/../../../../../H-x86_64-mingw32/nios2-elf/lib/mhw-mulx\libsmallc.a(lib_a-writer.o)
 .debug_frame   0x0000000000000248       0x50 d:/program_d/ntelfpga/18.1/nios2eds/bin/gnu/h-x86_64-mingw32/bin/../lib/gcc/nios2-elf/5.3.0/mhw-mulx\libgcc.a(lib2-divmod.o)
 .debug_frame   0x0000000000000298       0x5c ../nios_test_bsp/\libhal_bsp.a(alt_load.o)
 .debug_frame   0x00000000000002f4       0x2c ../nios_test_bsp/\libhal_bsp.a(alt_main.o)
 .debug_frame   0x0000000000000320       0x60 ../nios_test_bsp/\libhal_bsp.a(alt_write.o)
 .debug_frame   0x0000000000000380       0x88 ../nios_test_bsp/\libhal_bsp.a(alt_sys_init.o)
 .debug_frame   0x0000000000000408       0x60 ../nios_test_bsp/\libhal_bsp.a(altera_avalon_jtag_uart_fd.o)
 .debug_frame   0x0000000000000468       0x34 ../nios_test_bsp/\libhal_bsp.a(altera_avalon_jtag_uart_read.o)
 .debug_frame   0x000000000000049c       0x34 ../nios_test_bsp/\libhal_bsp.a(altera_avalon_jtag_uart_write.o)
 .debug_frame   0x00000000000004d0       0x60 ../nios_test_bsp/\libhal_bsp.a(altera_avalon_uart_fd.o)
 .debug_frame   0x0000000000000530       0x60 ../nios_test_bsp/\libhal_bsp.a(altera_avalon_uart_read.o)
 .debug_frame   0x0000000000000590       0x60 ../nios_test_bsp/\libhal_bsp.a(altera_avalon_uart_write.o)
 .debug_frame   0x00000000000005f0       0x60 ../nios_test_bsp/\libhal_bsp.a(alt_close.o)
 .debug_frame   0x0000000000000650       0x34 ../nios_test_bsp/\libhal_bsp.a(alt_dcache_flush_all.o)
 .debug_frame   0x0000000000000684       0x34 ../nios_test_bsp/\libhal_bsp.a(alt_dev.o)
 .debug_frame   0x00000000000006b8       0x60 ../nios_test_bsp/\libhal_bsp.a(alt_dev_llist_insert.o)
 .debug_frame   0x0000000000000718       0x2c ../nios_test_bsp/\libhal_bsp.a(alt_exit.o)
 .debug_frame   0x0000000000000744       0x38 ../nios_test_bsp/\libhal_bsp.a(alt_icache_flush_all.o)
 .debug_frame   0x000000000000077c       0x60 ../nios_test_bsp/\libhal_bsp.a(alt_io_redirect.o)
 .debug_frame   0x00000000000007dc       0x84 ../nios_test_bsp/\libhal_bsp.a(alt_open.o)
 .debug_frame   0x0000000000000860       0x34 ../nios_test_bsp/\libhal_bsp.a(alt_release_fd.o)
 .debug_frame   0x0000000000000894       0x34 ../nios_test_bsp/\libhal_bsp.a(altera_nios2_gen2_irq.o)
 .debug_frame   0x00000000000008c8       0x38 ../nios_test_bsp/\libhal_bsp.a(alt_find_dev.o)
 .debug_frame   0x0000000000000900       0x38 ../nios_test_bsp/\libhal_bsp.a(alt_find_file.o)
 .debug_frame   0x0000000000000938       0x34 ../nios_test_bsp/\libhal_bsp.a(alt_get_fd.o)
 .debug_frame   0x000000000000096c       0x34 ../nios_test_bsp/\libhal_bsp.a(alt_icache_flush.o)
 .debug_frame   0x00000000000009a0       0x20 d:/program_d/ntelfpga/18.1/nios2eds/bin/gnu/h-x86_64-mingw32/bin/../lib/gcc/nios2-elf/5.3.0/../../../../../H-x86_64-mingw32/nios2-elf/lib/mhw-mulx\libsmallc.a(lib_a-memcmp.o)

.debug_str      0x0000000000000000     0x1554
 *(.debug_str)
 .debug_str     0x0000000000000000      0x116 obj/default/hello_world.o
                                        0x154 (size before relaxing)
 .debug_str     0x0000000000000116      0x42d d:/program_d/ntelfpga/18.1/nios2eds/bin/gnu/h-x86_64-mingw32/bin/../lib/gcc/nios2-elf/5.3.0/../../../../../H-x86_64-mingw32/nios2-elf/lib/mhw-mulx\libsmallc.a(lib_a-printf.o)
                                        0x500 (size before relaxing)
 .debug_str     0x0000000000000543       0x63 d:/program_d/ntelfpga/18.1/nios2eds/bin/gnu/h-x86_64-mingw32/bin/../lib/gcc/nios2-elf/5.3.0/../../../../../H-x86_64-mingw32/nios2-elf/lib/mhw-mulx\libsmallc.a(lib_a-puts.o)
                                        0x4c9 (size before relaxing)
 .debug_str     0x00000000000005a6       0xd0 d:/program_d/ntelfpga/18.1/nios2eds/bin/gnu/h-x86_64-mingw32/bin/../lib/gcc/nios2-elf/5.3.0/../../../../../H-x86_64-mingw32/nios2-elf/lib/mhw-mulx\libsmallc.a(lib_a-strlen.o)
                                        0x1e1 (size before relaxing)
 .debug_str     0x0000000000000676      0x1f6 d:/program_d/ntelfpga/18.1/nios2eds/bin/gnu/h-x86_64-mingw32/bin/../lib/gcc/nios2-elf/5.3.0/../../../../../H-x86_64-mingw32/nios2-elf/lib/mhw-mulx\libsmallc.a(lib_a-vfprintf.o)
                                        0x67b (size before relaxing)
 .debug_str     0x000000000000086c       0x63 d:/program_d/ntelfpga/18.1/nios2eds/bin/gnu/h-x86_64-mingw32/bin/../lib/gcc/nios2-elf/5.3.0/../../../../../H-x86_64-mingw32/nios2-elf/lib/mhw-mulx\libsmallc.a(lib_a-fvwrite_small_dev.o)
                                        0x4d0 (size before relaxing)
 .debug_str     0x00000000000008cf       0xed d:/program_d/ntelfpga/18.1/nios2eds/bin/gnu/h-x86_64-mingw32/bin/../lib/gcc/nios2-elf/5.3.0/../../../../../H-x86_64-mingw32/nios2-elf/lib/mhw-mulx\libsmallc.a(lib_a-impure.o)
                                        0x4ba (size before relaxing)
 .debug_str     0x00000000000009bc       0x45 d:/program_d/ntelfpga/18.1/nios2eds/bin/gnu/h-x86_64-mingw32/bin/../lib/gcc/nios2-elf/5.3.0/../../../../../H-x86_64-mingw32/nios2-elf/lib/mhw-mulx\libsmallc.a(lib_a-writer.o)
                                        0x4b4 (size before relaxing)
 .debug_str     0x0000000000000a01       0x3f d:/program_d/ntelfpga/18.1/nios2eds/bin/gnu/h-x86_64-mingw32/bin/../lib/gcc/nios2-elf/5.3.0/../../../../../H-x86_64-mingw32/nios2-elf/lib/mhw-mulx\libsmallc.a(lib_a-int_errno.o)
                                        0x1d4 (size before relaxing)
 .debug_str     0x0000000000000a40      0x183 d:/program_d/ntelfpga/18.1/nios2eds/bin/gnu/h-x86_64-mingw32/bin/../lib/gcc/nios2-elf/5.3.0/mhw-mulx\libgcc.a(lib2-divmod.o)
                                        0x1ce (size before relaxing)
 .debug_str     0x0000000000000bc3      0x12e ../nios_test_bsp/\libhal_bsp.a(alt_load.o)
                                        0x20c (size before relaxing)
 .debug_str     0x0000000000000cf1       0x70 ../nios_test_bsp/\libhal_bsp.a(alt_main.o)
                                        0x197 (size before relaxing)
 .debug_str     0x0000000000000d61      0x15f ../nios_test_bsp/\libhal_bsp.a(alt_write.o)
                                        0x2f2 (size before relaxing)
 .debug_str     0x0000000000000ec0      0x177 ../nios_test_bsp/\libhal_bsp.a(alt_sys_init.o)
                                        0x34c (size before relaxing)
 .debug_str     0x0000000000001037       0x77 ../nios_test_bsp/\libhal_bsp.a(altera_avalon_jtag_uart_fd.o)
                                        0x2cf (size before relaxing)
 .debug_str     0x00000000000010ae       0x48 ../nios_test_bsp/\libhal_bsp.a(altera_avalon_jtag_uart_read.o)
                                        0x219 (size before relaxing)
 .debug_str     0x00000000000010f6       0x4a ../nios_test_bsp/\libhal_bsp.a(altera_avalon_jtag_uart_write.o)
                                        0x20f (size before relaxing)
 .debug_str     0x0000000000001140       0x5b ../nios_test_bsp/\libhal_bsp.a(altera_avalon_uart_fd.o)
                                        0x292 (size before relaxing)
 .debug_str     0x000000000000119b       0x4b ../nios_test_bsp/\libhal_bsp.a(altera_avalon_uart_read.o)
                                        0x1fb (size before relaxing)
 .debug_str     0x00000000000011e6       0x40 ../nios_test_bsp/\libhal_bsp.a(altera_avalon_uart_write.o)
                                        0x203 (size before relaxing)
 .debug_str     0x0000000000001226       0x1b ../nios_test_bsp/\libhal_bsp.a(alt_close.o)
                                        0x205 (size before relaxing)
 .debug_str     0x0000000000001241       0x34 ../nios_test_bsp/\libhal_bsp.a(alt_dcache_flush_all.o)
                                        0x14f (size before relaxing)
 .debug_str     0x0000000000001275       0x50 ../nios_test_bsp/\libhal_bsp.a(alt_dev.o)
                                        0x2ff (size before relaxing)
 .debug_str     0x00000000000012c5       0x4b ../nios_test_bsp/\libhal_bsp.a(alt_dev_llist_insert.o)
                                        0x1c6 (size before relaxing)
 .debug_str     0x0000000000001310       0x14 ../nios_test_bsp/\libhal_bsp.a(alt_errno.o)
                                        0x13f (size before relaxing)
 .debug_str     0x0000000000001324       0x2a ../nios_test_bsp/\libhal_bsp.a(alt_exit.o)
                                        0x14b (size before relaxing)
 .debug_str     0x000000000000134e       0x34 ../nios_test_bsp/\libhal_bsp.a(alt_icache_flush_all.o)
                                        0x14f (size before relaxing)
 .debug_str     0x0000000000001382       0x56 ../nios_test_bsp/\libhal_bsp.a(alt_io_redirect.o)
                                        0x310 (size before relaxing)
 .debug_str     0x00000000000013d8       0x2f ../nios_test_bsp/\libhal_bsp.a(alt_open.o)
                                        0x245 (size before relaxing)
 .debug_str     0x0000000000001407       0x28 ../nios_test_bsp/\libhal_bsp.a(alt_release_fd.o)
                                        0x1cd (size before relaxing)
 .debug_str     0x000000000000142f       0x3b ../nios_test_bsp/\libhal_bsp.a(altera_nios2_gen2_irq.o)
                                        0x156 (size before relaxing)
 .debug_str     0x000000000000146a       0x24 ../nios_test_bsp/\libhal_bsp.a(alt_find_dev.o)
                                        0x1e6 (size before relaxing)
 .debug_str     0x000000000000148e       0x26 ../nios_test_bsp/\libhal_bsp.a(alt_find_file.o)
                                        0x1f4 (size before relaxing)
 .debug_str     0x00000000000014b4       0x30 ../nios_test_bsp/\libhal_bsp.a(alt_get_fd.o)
                                        0x216 (size before relaxing)
 .debug_str     0x00000000000014e4       0x2c ../nios_test_bsp/\libhal_bsp.a(alt_icache_flush.o)
                                        0x155 (size before relaxing)
 .debug_str     0x0000000000001510       0x44 d:/program_d/ntelfpga/18.1/nios2eds/bin/gnu/h-x86_64-mingw32/bin/../lib/gcc/nios2-elf/5.3.0/../../../../../H-x86_64-mingw32/nios2-elf/lib/mhw-mulx\libsmallc.a(lib_a-memcmp.o)
                                        0x1db (size before relaxing)

.debug_loc      0x0000000000000000     0x1193
 *(.debug_loc)
 .debug_loc     0x0000000000000000       0xc6 d:/program_d/ntelfpga/18.1/nios2eds/bin/gnu/h-x86_64-mingw32/bin/../lib/gcc/nios2-elf/5.3.0/../../../../../H-x86_64-mingw32/nios2-elf/lib/mhw-mulx\libsmallc.a(lib_a-printf.o)
 .debug_loc     0x00000000000000c6       0x97 d:/program_d/ntelfpga/18.1/nios2eds/bin/gnu/h-x86_64-mingw32/bin/../lib/gcc/nios2-elf/5.3.0/../../../../../H-x86_64-mingw32/nios2-elf/lib/mhw-mulx\libsmallc.a(lib_a-puts.o)
 .debug_loc     0x000000000000015d       0x1e d:/program_d/ntelfpga/18.1/nios2eds/bin/gnu/h-x86_64-mingw32/bin/../lib/gcc/nios2-elf/5.3.0/../../../../../H-x86_64-mingw32/nios2-elf/lib/mhw-mulx\libsmallc.a(lib_a-strlen.o)
 .debug_loc     0x000000000000017b      0x901 d:/program_d/ntelfpga/18.1/nios2eds/bin/gnu/h-x86_64-mingw32/bin/../lib/gcc/nios2-elf/5.3.0/../../../../../H-x86_64-mingw32/nios2-elf/lib/mhw-mulx\libsmallc.a(lib_a-vfprintf.o)
 .debug_loc     0x0000000000000a7c      0x110 d:/program_d/ntelfpga/18.1/nios2eds/bin/gnu/h-x86_64-mingw32/bin/../lib/gcc/nios2-elf/5.3.0/../../../../../H-x86_64-mingw32/nios2-elf/lib/mhw-mulx\libsmallc.a(lib_a-fvwrite_small_dev.o)
 .debug_loc     0x0000000000000b8c       0xa5 d:/program_d/ntelfpga/18.1/nios2eds/bin/gnu/h-x86_64-mingw32/bin/../lib/gcc/nios2-elf/5.3.0/../../../../../H-x86_64-mingw32/nios2-elf/lib/mhw-mulx\libsmallc.a(lib_a-writer.o)
 .debug_loc     0x0000000000000c31      0x4ce d:/program_d/ntelfpga/18.1/nios2eds/bin/gnu/h-x86_64-mingw32/bin/../lib/gcc/nios2-elf/5.3.0/mhw-mulx\libgcc.a(lib2-divmod.o)
 .debug_loc     0x00000000000010ff       0x94 d:/program_d/ntelfpga/18.1/nios2eds/bin/gnu/h-x86_64-mingw32/bin/../lib/gcc/nios2-elf/5.3.0/../../../../../H-x86_64-mingw32/nios2-elf/lib/mhw-mulx\libsmallc.a(lib_a-memcmp.o)

.debug_macinfo
 *(.debug_macinfo)

.debug_weaknames
 *(.debug_weaknames)

.debug_funcnames
 *(.debug_funcnames)

.debug_typenames
 *(.debug_typenames)

.debug_varnames
 *(.debug_varnames)

.debug_alt_sim_info
 *(.debug_alt_sim_info)
                0x000000001000a000                __alt_data_end = 0x1000a000
                0x000000001000a000                PROVIDE (__alt_stack_pointer, __alt_data_end)
                [!provide]                        PROVIDE (__alt_stack_limit, __alt_stack_base)
                [!provide]                        PROVIDE (__alt_heap_start, end)
                [!provide]                        PROVIDE (__alt_heap_limit, 0x1000a000)
OUTPUT(RUN_ON_HDL_SIMULATOR_ONLY_nios_test.elf elf32-littlenios2)

.debug_ranges   0x0000000000000000      0x1e8
 .debug_ranges  0x0000000000000000       0x20 ../nios_test_bsp//obj/HAL/src/crt0.o
 .debug_ranges  0x0000000000000020       0x18 d:/program_d/ntelfpga/18.1/nios2eds/bin/gnu/h-x86_64-mingw32/bin/../lib/gcc/nios2-elf/5.3.0/../../../../../H-x86_64-mingw32/nios2-elf/lib/mhw-mulx\libsmallc.a(lib_a-printf.o)
 .debug_ranges  0x0000000000000038       0x18 d:/program_d/ntelfpga/18.1/nios2eds/bin/gnu/h-x86_64-mingw32/bin/../lib/gcc/nios2-elf/5.3.0/../../../../../H-x86_64-mingw32/nios2-elf/lib/mhw-mulx\libsmallc.a(lib_a-puts.o)
 .debug_ranges  0x0000000000000050       0x10 d:/program_d/ntelfpga/18.1/nios2eds/bin/gnu/h-x86_64-mingw32/bin/../lib/gcc/nios2-elf/5.3.0/../../../../../H-x86_64-mingw32/nios2-elf/lib/mhw-mulx\libsmallc.a(lib_a-strlen.o)
 .debug_ranges  0x0000000000000060       0xc8 d:/program_d/ntelfpga/18.1/nios2eds/bin/gnu/h-x86_64-mingw32/bin/../lib/gcc/nios2-elf/5.3.0/../../../../../H-x86_64-mingw32/nios2-elf/lib/mhw-mulx\libsmallc.a(lib_a-vfprintf.o)
 .debug_ranges  0x0000000000000128       0x28 d:/program_d/ntelfpga/18.1/nios2eds/bin/gnu/h-x86_64-mingw32/bin/../lib/gcc/nios2-elf/5.3.0/../../../../../H-x86_64-mingw32/nios2-elf/lib/mhw-mulx\libsmallc.a(lib_a-fvwrite_small_dev.o)
 .debug_ranges  0x0000000000000150       0x10 d:/program_d/ntelfpga/18.1/nios2eds/bin/gnu/h-x86_64-mingw32/bin/../lib/gcc/nios2-elf/5.3.0/../../../../../H-x86_64-mingw32/nios2-elf/lib/mhw-mulx\libsmallc.a(lib_a-writer.o)
 .debug_ranges  0x0000000000000160       0x60 d:/program_d/ntelfpga/18.1/nios2eds/bin/gnu/h-x86_64-mingw32/bin/../lib/gcc/nios2-elf/5.3.0/mhw-mulx\libgcc.a(lib2-divmod.o)
 .debug_ranges  0x00000000000001c0       0x18 ../nios_test_bsp/\libhal_bsp.a(altera_avalon_jtag_uart_read.o)
 .debug_ranges  0x00000000000001d8       0x10 d:/program_d/ntelfpga/18.1/nios2eds/bin/gnu/h-x86_64-mingw32/bin/../lib/gcc/nios2-elf/5.3.0/../../../../../H-x86_64-mingw32/nios2-elf/lib/mhw-mulx\libsmallc.a(lib_a-memcmp.o)
